ARM GAS  C:\Users\sergio\AppData\Local\Temp\ccIOD9UP.s 			page 1


   1              		.syntax unified
   2              		.cpu cortex-m0
   3              		.fpu softvfp
   4              		.eabi_attribute 20, 1
   5              		.eabi_attribute 21, 1
   6              		.eabi_attribute 23, 3
   7              		.eabi_attribute 24, 1
   8              		.eabi_attribute 25, 1
   9              		.eabi_attribute 26, 1
  10              		.eabi_attribute 30, 1
  11              		.eabi_attribute 34, 0
  12              		.eabi_attribute 18, 4
  13              		.thumb
  14              		.syntax unified
  15              		.file	"cyfitter_cfg.c"
  16              		.text
  17              	.Ltext0:
  18              		.cfi_sections	.debug_frame
  19              		.section	.text.AnalogSetDefault,"ax",%progbits
  20              		.align	2
  21              		.code	16
  22              		.thumb_func
  23              		.type	AnalogSetDefault, %function
  24              	AnalogSetDefault:
  25              	.LFB6:
  26              		.file 1 "Generated_Source\\PSoC4\\cyfitter_cfg.c"
   1:Generated_Source\PSoC4/cyfitter_cfg.c **** 
   2:Generated_Source\PSoC4/cyfitter_cfg.c **** /*******************************************************************************
   3:Generated_Source\PSoC4/cyfitter_cfg.c **** * File Name: cyfitter_cfg.c
   4:Generated_Source\PSoC4/cyfitter_cfg.c **** * 
   5:Generated_Source\PSoC4/cyfitter_cfg.c **** * PSoC Creator  4.2
   6:Generated_Source\PSoC4/cyfitter_cfg.c **** *
   7:Generated_Source\PSoC4/cyfitter_cfg.c **** * Description:
   8:Generated_Source\PSoC4/cyfitter_cfg.c **** * This file contains device initialization code.
   9:Generated_Source\PSoC4/cyfitter_cfg.c **** * Except for the user defined sections in CyClockStartupError(), this file should not be modified.
  10:Generated_Source\PSoC4/cyfitter_cfg.c **** * This file is automatically generated by PSoC Creator.
  11:Generated_Source\PSoC4/cyfitter_cfg.c **** *
  12:Generated_Source\PSoC4/cyfitter_cfg.c **** ********************************************************************************
  13:Generated_Source\PSoC4/cyfitter_cfg.c **** * Copyright (c) 2007-2018 Cypress Semiconductor.  All rights reserved.
  14:Generated_Source\PSoC4/cyfitter_cfg.c **** * You may use this file only in accordance with the license, terms, conditions, 
  15:Generated_Source\PSoC4/cyfitter_cfg.c **** * disclaimers, and limitations in the end user license agreement accompanying 
  16:Generated_Source\PSoC4/cyfitter_cfg.c **** * the software package with which this file was provided.
  17:Generated_Source\PSoC4/cyfitter_cfg.c **** ********************************************************************************/
  18:Generated_Source\PSoC4/cyfitter_cfg.c **** 
  19:Generated_Source\PSoC4/cyfitter_cfg.c **** #include <string.h>
  20:Generated_Source\PSoC4/cyfitter_cfg.c **** #include "cytypes.h"
  21:Generated_Source\PSoC4/cyfitter_cfg.c **** #include "cydevice_trm.h"
  22:Generated_Source\PSoC4/cyfitter_cfg.c **** #include "cyfitter.h"
  23:Generated_Source\PSoC4/cyfitter_cfg.c **** #include "CyLib.h"
  24:Generated_Source\PSoC4/cyfitter_cfg.c **** #include "cyfitter_cfg.h"
  25:Generated_Source\PSoC4/cyfitter_cfg.c **** #include "cyapicallbacks.h"
  26:Generated_Source\PSoC4/cyfitter_cfg.c **** 
  27:Generated_Source\PSoC4/cyfitter_cfg.c **** 
  28:Generated_Source\PSoC4/cyfitter_cfg.c **** #if defined(__GNUC__) || defined(__ARMCC_VERSION)
  29:Generated_Source\PSoC4/cyfitter_cfg.c ****     #define CYPACKED 
  30:Generated_Source\PSoC4/cyfitter_cfg.c ****     #define CYPACKED_ATTR __attribute__ ((packed))
  31:Generated_Source\PSoC4/cyfitter_cfg.c ****     #define CYALIGNED __attribute__ ((aligned))
ARM GAS  C:\Users\sergio\AppData\Local\Temp\ccIOD9UP.s 			page 2


  32:Generated_Source\PSoC4/cyfitter_cfg.c ****     #define CY_CFG_UNUSED __attribute__ ((unused))
  33:Generated_Source\PSoC4/cyfitter_cfg.c ****     #ifndef CY_CFG_SECTION
  34:Generated_Source\PSoC4/cyfitter_cfg.c ****         #define CY_CFG_SECTION __attribute__ ((section(".psocinit")))
  35:Generated_Source\PSoC4/cyfitter_cfg.c ****     #endif
  36:Generated_Source\PSoC4/cyfitter_cfg.c ****     
  37:Generated_Source\PSoC4/cyfitter_cfg.c ****     #if defined(__ARMCC_VERSION)
  38:Generated_Source\PSoC4/cyfitter_cfg.c ****         #define CY_CFG_MEMORY_BARRIER() __memory_changed()
  39:Generated_Source\PSoC4/cyfitter_cfg.c ****     #else
  40:Generated_Source\PSoC4/cyfitter_cfg.c ****         #define CY_CFG_MEMORY_BARRIER() __sync_synchronize()
  41:Generated_Source\PSoC4/cyfitter_cfg.c ****     #endif
  42:Generated_Source\PSoC4/cyfitter_cfg.c ****     
  43:Generated_Source\PSoC4/cyfitter_cfg.c **** #elif defined(__ICCARM__)
  44:Generated_Source\PSoC4/cyfitter_cfg.c ****     #include <intrinsics.h>
  45:Generated_Source\PSoC4/cyfitter_cfg.c **** 
  46:Generated_Source\PSoC4/cyfitter_cfg.c ****     #define CYPACKED __packed
  47:Generated_Source\PSoC4/cyfitter_cfg.c ****     #define CYPACKED_ATTR 
  48:Generated_Source\PSoC4/cyfitter_cfg.c ****     #define CYALIGNED _Pragma("data_alignment=4")
  49:Generated_Source\PSoC4/cyfitter_cfg.c ****     #define CY_CFG_UNUSED _Pragma("diag_suppress=Pe177")
  50:Generated_Source\PSoC4/cyfitter_cfg.c ****     #define CY_CFG_SECTION _Pragma("location=\".psocinit\"")
  51:Generated_Source\PSoC4/cyfitter_cfg.c ****     
  52:Generated_Source\PSoC4/cyfitter_cfg.c ****     #define CY_CFG_MEMORY_BARRIER() __DMB()
  53:Generated_Source\PSoC4/cyfitter_cfg.c ****     
  54:Generated_Source\PSoC4/cyfitter_cfg.c **** #else
  55:Generated_Source\PSoC4/cyfitter_cfg.c ****     #error Unsupported toolchain
  56:Generated_Source\PSoC4/cyfitter_cfg.c **** #endif
  57:Generated_Source\PSoC4/cyfitter_cfg.c **** 
  58:Generated_Source\PSoC4/cyfitter_cfg.c **** #ifndef CYCODE
  59:Generated_Source\PSoC4/cyfitter_cfg.c ****     #define CYCODE
  60:Generated_Source\PSoC4/cyfitter_cfg.c **** #endif
  61:Generated_Source\PSoC4/cyfitter_cfg.c **** #ifndef CYDATA
  62:Generated_Source\PSoC4/cyfitter_cfg.c ****     #define CYDATA
  63:Generated_Source\PSoC4/cyfitter_cfg.c **** #endif
  64:Generated_Source\PSoC4/cyfitter_cfg.c **** #ifndef CYFAR
  65:Generated_Source\PSoC4/cyfitter_cfg.c ****     #define CYFAR
  66:Generated_Source\PSoC4/cyfitter_cfg.c **** #endif
  67:Generated_Source\PSoC4/cyfitter_cfg.c **** #ifndef CYXDATA
  68:Generated_Source\PSoC4/cyfitter_cfg.c ****     #define CYXDATA
  69:Generated_Source\PSoC4/cyfitter_cfg.c **** #endif
  70:Generated_Source\PSoC4/cyfitter_cfg.c **** 
  71:Generated_Source\PSoC4/cyfitter_cfg.c **** 
  72:Generated_Source\PSoC4/cyfitter_cfg.c **** CY_CFG_UNUSED
  73:Generated_Source\PSoC4/cyfitter_cfg.c **** static void CYMEMZERO(void *s, size_t n);
  74:Generated_Source\PSoC4/cyfitter_cfg.c **** CY_CFG_UNUSED
  75:Generated_Source\PSoC4/cyfitter_cfg.c **** static void CYMEMZERO(void *s, size_t n)
  76:Generated_Source\PSoC4/cyfitter_cfg.c **** {
  77:Generated_Source\PSoC4/cyfitter_cfg.c **** 	(void)memset(s, 0, n);
  78:Generated_Source\PSoC4/cyfitter_cfg.c **** }
  79:Generated_Source\PSoC4/cyfitter_cfg.c **** CY_CFG_UNUSED
  80:Generated_Source\PSoC4/cyfitter_cfg.c **** static void CYCONFIGCPY(void *dest, const void *src, size_t n);
  81:Generated_Source\PSoC4/cyfitter_cfg.c **** CY_CFG_UNUSED
  82:Generated_Source\PSoC4/cyfitter_cfg.c **** static void CYCONFIGCPY(void *dest, const void *src, size_t n)
  83:Generated_Source\PSoC4/cyfitter_cfg.c **** {
  84:Generated_Source\PSoC4/cyfitter_cfg.c **** 	(void)memcpy(dest, src, n);
  85:Generated_Source\PSoC4/cyfitter_cfg.c **** }
  86:Generated_Source\PSoC4/cyfitter_cfg.c **** CY_CFG_UNUSED
  87:Generated_Source\PSoC4/cyfitter_cfg.c **** static void CYCONFIGCPYCODE(void *dest, const void *src, size_t n);
  88:Generated_Source\PSoC4/cyfitter_cfg.c **** CY_CFG_UNUSED
ARM GAS  C:\Users\sergio\AppData\Local\Temp\ccIOD9UP.s 			page 3


  89:Generated_Source\PSoC4/cyfitter_cfg.c **** static void CYCONFIGCPYCODE(void *dest, const void *src, size_t n)
  90:Generated_Source\PSoC4/cyfitter_cfg.c **** {
  91:Generated_Source\PSoC4/cyfitter_cfg.c **** 	(void)memcpy(dest, src, n);
  92:Generated_Source\PSoC4/cyfitter_cfg.c **** }
  93:Generated_Source\PSoC4/cyfitter_cfg.c **** 
  94:Generated_Source\PSoC4/cyfitter_cfg.c **** 
  95:Generated_Source\PSoC4/cyfitter_cfg.c **** 
  96:Generated_Source\PSoC4/cyfitter_cfg.c **** 
  97:Generated_Source\PSoC4/cyfitter_cfg.c **** /* Clock startup error codes                                                   */
  98:Generated_Source\PSoC4/cyfitter_cfg.c **** #define CYCLOCKSTART_NO_ERROR    0u
  99:Generated_Source\PSoC4/cyfitter_cfg.c **** #define CYCLOCKSTART_XTAL_ERROR  1u
 100:Generated_Source\PSoC4/cyfitter_cfg.c **** #define CYCLOCKSTART_32KHZ_ERROR 2u
 101:Generated_Source\PSoC4/cyfitter_cfg.c **** #define CYCLOCKSTART_PLL_ERROR   3u
 102:Generated_Source\PSoC4/cyfitter_cfg.c **** #define CYCLOCKSTART_FLL_ERROR   4u
 103:Generated_Source\PSoC4/cyfitter_cfg.c **** #define CYCLOCKSTART_WCO_ERROR   5u
 104:Generated_Source\PSoC4/cyfitter_cfg.c **** 
 105:Generated_Source\PSoC4/cyfitter_cfg.c **** 
 106:Generated_Source\PSoC4/cyfitter_cfg.c **** #ifdef CY_NEED_CYCLOCKSTARTUPERROR
 107:Generated_Source\PSoC4/cyfitter_cfg.c **** /*******************************************************************************
 108:Generated_Source\PSoC4/cyfitter_cfg.c **** * Function Name: CyClockStartupError
 109:Generated_Source\PSoC4/cyfitter_cfg.c **** ********************************************************************************
 110:Generated_Source\PSoC4/cyfitter_cfg.c **** * Summary:
 111:Generated_Source\PSoC4/cyfitter_cfg.c **** *  If an error is encountered during clock configuration (crystal startup error,
 112:Generated_Source\PSoC4/cyfitter_cfg.c **** *  PLL lock error, etc.), the system will end up here.  Unless reimplemented by
 113:Generated_Source\PSoC4/cyfitter_cfg.c **** *  the customer, this function will stop in an infinite loop.
 114:Generated_Source\PSoC4/cyfitter_cfg.c **** *
 115:Generated_Source\PSoC4/cyfitter_cfg.c **** * Parameters:
 116:Generated_Source\PSoC4/cyfitter_cfg.c **** *   void
 117:Generated_Source\PSoC4/cyfitter_cfg.c **** *
 118:Generated_Source\PSoC4/cyfitter_cfg.c **** * Return:
 119:Generated_Source\PSoC4/cyfitter_cfg.c **** *   void
 120:Generated_Source\PSoC4/cyfitter_cfg.c **** *
 121:Generated_Source\PSoC4/cyfitter_cfg.c **** *******************************************************************************/
 122:Generated_Source\PSoC4/cyfitter_cfg.c **** CY_CFG_UNUSED
 123:Generated_Source\PSoC4/cyfitter_cfg.c **** static void CyClockStartupError(uint8 errorCode);
 124:Generated_Source\PSoC4/cyfitter_cfg.c **** CY_CFG_UNUSED
 125:Generated_Source\PSoC4/cyfitter_cfg.c **** static void CyClockStartupError(uint8 errorCode)
 126:Generated_Source\PSoC4/cyfitter_cfg.c **** {
 127:Generated_Source\PSoC4/cyfitter_cfg.c ****     /* To remove the compiler warning if errorCode not used.                */
 128:Generated_Source\PSoC4/cyfitter_cfg.c ****     errorCode = errorCode;
 129:Generated_Source\PSoC4/cyfitter_cfg.c **** 
 130:Generated_Source\PSoC4/cyfitter_cfg.c ****     /* If we have a clock startup error (bad MHz crystal, PLL lock, etc.),  */
 131:Generated_Source\PSoC4/cyfitter_cfg.c ****     /* we will end up here to allow the customer to implement something to  */
 132:Generated_Source\PSoC4/cyfitter_cfg.c ****     /* deal with the clock condition.                                       */
 133:Generated_Source\PSoC4/cyfitter_cfg.c **** 
 134:Generated_Source\PSoC4/cyfitter_cfg.c **** #ifdef CY_CFG_CLOCK_STARTUP_ERROR_CALLBACK
 135:Generated_Source\PSoC4/cyfitter_cfg.c ****     CY_CFG_Clock_Startup_ErrorCallback();
 136:Generated_Source\PSoC4/cyfitter_cfg.c **** #else
 137:Generated_Source\PSoC4/cyfitter_cfg.c ****     /*  If not using CY_CFG_CLOCK_STARTUP_ERROR_CALLBACK, place your clock startup code here. */
 138:Generated_Source\PSoC4/cyfitter_cfg.c ****     /* `#START CyClockStartupError` */
 139:Generated_Source\PSoC4/cyfitter_cfg.c **** 
 140:Generated_Source\PSoC4/cyfitter_cfg.c **** 
 141:Generated_Source\PSoC4/cyfitter_cfg.c **** 
 142:Generated_Source\PSoC4/cyfitter_cfg.c ****     /* `#END` */
 143:Generated_Source\PSoC4/cyfitter_cfg.c **** 
 144:Generated_Source\PSoC4/cyfitter_cfg.c ****     while(1) {}
 145:Generated_Source\PSoC4/cyfitter_cfg.c **** #endif /* CY_CFG_CLOCK_STARTUP_ERROR_CALLBACK */
ARM GAS  C:\Users\sergio\AppData\Local\Temp\ccIOD9UP.s 			page 4


 146:Generated_Source\PSoC4/cyfitter_cfg.c **** }
 147:Generated_Source\PSoC4/cyfitter_cfg.c **** #endif
 148:Generated_Source\PSoC4/cyfitter_cfg.c **** 
 149:Generated_Source\PSoC4/cyfitter_cfg.c **** 
 150:Generated_Source\PSoC4/cyfitter_cfg.c **** 
 151:Generated_Source\PSoC4/cyfitter_cfg.c **** /*******************************************************************************
 152:Generated_Source\PSoC4/cyfitter_cfg.c **** * Function Name: ClockSetup
 153:Generated_Source\PSoC4/cyfitter_cfg.c **** ********************************************************************************
 154:Generated_Source\PSoC4/cyfitter_cfg.c **** *
 155:Generated_Source\PSoC4/cyfitter_cfg.c **** * Summary:
 156:Generated_Source\PSoC4/cyfitter_cfg.c **** *   Performs the initialization of all of the clocks in the device based on the
 157:Generated_Source\PSoC4/cyfitter_cfg.c **** *   settings in the Clock tab of the DWR.  This includes enabling the requested
 158:Generated_Source\PSoC4/cyfitter_cfg.c **** *   clocks and setting the necessary dividers to produce the desired frequency. 
 159:Generated_Source\PSoC4/cyfitter_cfg.c **** *
 160:Generated_Source\PSoC4/cyfitter_cfg.c **** * Parameters:
 161:Generated_Source\PSoC4/cyfitter_cfg.c **** *   void
 162:Generated_Source\PSoC4/cyfitter_cfg.c **** *
 163:Generated_Source\PSoC4/cyfitter_cfg.c **** * Return:
 164:Generated_Source\PSoC4/cyfitter_cfg.c **** *   void
 165:Generated_Source\PSoC4/cyfitter_cfg.c **** *
 166:Generated_Source\PSoC4/cyfitter_cfg.c **** *******************************************************************************/
 167:Generated_Source\PSoC4/cyfitter_cfg.c **** static void ClockSetup(void);
 168:Generated_Source\PSoC4/cyfitter_cfg.c **** CY_CFG_SECTION
 169:Generated_Source\PSoC4/cyfitter_cfg.c **** static void ClockSetup(void)
 170:Generated_Source\PSoC4/cyfitter_cfg.c **** {
 171:Generated_Source\PSoC4/cyfitter_cfg.c **** 
 172:Generated_Source\PSoC4/cyfitter_cfg.c **** 	/* Set Flash Cycles based on max possible frequency in case a glitch occurs during ClockSetup(). *
 173:Generated_Source\PSoC4/cyfitter_cfg.c **** 	CY_SET_REG32((void CYXDATA *)(CYREG_CPUSS_FLASH_CTL), (0x0012u));
 174:Generated_Source\PSoC4/cyfitter_cfg.c **** 
 175:Generated_Source\PSoC4/cyfitter_cfg.c **** 	/* Start the WCO */
 176:Generated_Source\PSoC4/cyfitter_cfg.c **** 	CySysClkWcoStart();
 177:Generated_Source\PSoC4/cyfitter_cfg.c **** 	CyDelayCycles(12000000u); /* WCO may take up to 500ms to start */
 178:Generated_Source\PSoC4/cyfitter_cfg.c **** 	(void)CySysClkWcoSetPowerMode(CY_SYS_CLK_WCO_LPM);    /* Switch to the low power mode */
 179:Generated_Source\PSoC4/cyfitter_cfg.c **** 
 180:Generated_Source\PSoC4/cyfitter_cfg.c **** 	/* Setup and trim IMO based on desired frequency. */
 181:Generated_Source\PSoC4/cyfitter_cfg.c **** 	CySysClkWriteImoFreq(48u);
 182:Generated_Source\PSoC4/cyfitter_cfg.c **** 	/* CYDEV_CLK_ILO_CONFIG Starting address: CYDEV_CLK_ILO_CONFIG */
 183:Generated_Source\PSoC4/cyfitter_cfg.c **** 	CY_SET_REG32((void *)(CYREG_CLK_ILO_CONFIG), 0x80000006u);
 184:Generated_Source\PSoC4/cyfitter_cfg.c **** 
 185:Generated_Source\PSoC4/cyfitter_cfg.c **** 	/* CYDEV_WDT_CONFIG Starting address: CYDEV_WDT_CONFIG */
 186:Generated_Source\PSoC4/cyfitter_cfg.c **** 	CY_SET_REG32((void *)(CYREG_WDT_CONFIG), 0x40000000u);
 187:Generated_Source\PSoC4/cyfitter_cfg.c **** 
 188:Generated_Source\PSoC4/cyfitter_cfg.c **** 
 189:Generated_Source\PSoC4/cyfitter_cfg.c **** 	/* Enable fast start mode for XO */
 190:Generated_Source\PSoC4/cyfitter_cfg.c **** 	CY_SET_REG32((void*)CYREG_BLE_BLERD_BB_XO, CY_GET_REG32((void*)CYREG_BLE_BLERD_BB_XO) | (uint32)0x
 191:Generated_Source\PSoC4/cyfitter_cfg.c **** 	CY_SET_REG32((void *)(CYREG_BLE_BLERD_BB_XO_CAPTRIM), 0x00003E2Du);
 192:Generated_Source\PSoC4/cyfitter_cfg.c **** 	/*Set XTAL(ECO) divider*/
 193:Generated_Source\PSoC4/cyfitter_cfg.c **** 	CY_SET_REG32((void *)(CYREG_BLE_BLESS_XTAL_CLK_DIV_CONFIG), 0x00000000u);
 194:Generated_Source\PSoC4/cyfitter_cfg.c **** 	/* Disable Crystal Stable Interrupt before enabling ECO */
 195:Generated_Source\PSoC4/cyfitter_cfg.c **** 	CY_SET_REG32((void*)CYREG_BLE_BLESS_LL_DSM_CTRL, CY_GET_REG32((void*)CYREG_BLE_BLESS_LL_DSM_CTRL) 
 196:Generated_Source\PSoC4/cyfitter_cfg.c **** 	/* Start the ECO and do not check status since it is not needed for HFCLK */
 197:Generated_Source\PSoC4/cyfitter_cfg.c **** 	(void)CySysClkEcoStart(2000u);
 198:Generated_Source\PSoC4/cyfitter_cfg.c **** 	CyDelayUs(1500u); /* Wait to stabilize */
 199:Generated_Source\PSoC4/cyfitter_cfg.c **** 
 200:Generated_Source\PSoC4/cyfitter_cfg.c **** 	/* Setup phase aligned clocks */
 201:Generated_Source\PSoC4/cyfitter_cfg.c **** 	CY_SET_REG32((void *)CYREG_PERI_DIV_16_CTL0, 0x00001D00u);
 202:Generated_Source\PSoC4/cyfitter_cfg.c **** 	CY_SET_REG32((void *)CYREG_PERI_DIV_CMD, 0x8000FF40u);
ARM GAS  C:\Users\sergio\AppData\Local\Temp\ccIOD9UP.s 			page 5


 203:Generated_Source\PSoC4/cyfitter_cfg.c **** 
 204:Generated_Source\PSoC4/cyfitter_cfg.c **** 	/* CYDEV_CLK_IMO_CONFIG Starting address: CYDEV_CLK_IMO_CONFIG */
 205:Generated_Source\PSoC4/cyfitter_cfg.c **** 	CY_SET_REG32((void *)(CYREG_CLK_IMO_CONFIG), 0x80000000u);
 206:Generated_Source\PSoC4/cyfitter_cfg.c **** 
 207:Generated_Source\PSoC4/cyfitter_cfg.c **** 	/* CYDEV_CLK_SELECT Starting address: CYDEV_CLK_SELECT */
 208:Generated_Source\PSoC4/cyfitter_cfg.c **** 	CY_SET_REG32((void *)(CYREG_CLK_SELECT), 0x00040000u);
 209:Generated_Source\PSoC4/cyfitter_cfg.c **** 
 210:Generated_Source\PSoC4/cyfitter_cfg.c **** 	/* CYDEV_PERI_PCLK_CTL1 Starting address: CYDEV_PERI_PCLK_CTL1 */
 211:Generated_Source\PSoC4/cyfitter_cfg.c **** 	CY_SET_REG32((void *)(CYREG_PERI_PCLK_CTL1), 0x00000040u);
 212:Generated_Source\PSoC4/cyfitter_cfg.c **** 
 213:Generated_Source\PSoC4/cyfitter_cfg.c **** 	CY_SET_REG32((void *)(CYREG_WDT_MATCH), 0x00007FFFu);
 214:Generated_Source\PSoC4/cyfitter_cfg.c **** 	CY_SET_REG32((void *)(CYREG_WDT_CONFIG), 0x40000007u);
 215:Generated_Source\PSoC4/cyfitter_cfg.c **** 	CY_SET_REG32((void *)(CYREG_WDT_CONTROL), 0x00000008u);
 216:Generated_Source\PSoC4/cyfitter_cfg.c **** 	while ((CY_GET_XTND_REG32((void CYFAR *)(CYREG_WDT_CONTROL)) & 0x00000008u) != 0u) { }
 217:Generated_Source\PSoC4/cyfitter_cfg.c **** 	CY_SET_REG32((void *)(CYREG_WDT_CONTROL), 0x00000001u);
 218:Generated_Source\PSoC4/cyfitter_cfg.c **** }
 219:Generated_Source\PSoC4/cyfitter_cfg.c **** 
 220:Generated_Source\PSoC4/cyfitter_cfg.c **** 
 221:Generated_Source\PSoC4/cyfitter_cfg.c **** /* Analog API Functions */
 222:Generated_Source\PSoC4/cyfitter_cfg.c **** 
 223:Generated_Source\PSoC4/cyfitter_cfg.c **** 
 224:Generated_Source\PSoC4/cyfitter_cfg.c **** /*******************************************************************************
 225:Generated_Source\PSoC4/cyfitter_cfg.c **** * Function Name: AnalogSetDefault
 226:Generated_Source\PSoC4/cyfitter_cfg.c **** ********************************************************************************
 227:Generated_Source\PSoC4/cyfitter_cfg.c **** *
 228:Generated_Source\PSoC4/cyfitter_cfg.c **** * Summary:
 229:Generated_Source\PSoC4/cyfitter_cfg.c **** *  Sets up the analog portions of the chip to default values based on chip
 230:Generated_Source\PSoC4/cyfitter_cfg.c **** *  configuration options from the project.
 231:Generated_Source\PSoC4/cyfitter_cfg.c **** *
 232:Generated_Source\PSoC4/cyfitter_cfg.c **** * Parameters:
 233:Generated_Source\PSoC4/cyfitter_cfg.c **** *  void
 234:Generated_Source\PSoC4/cyfitter_cfg.c **** *
 235:Generated_Source\PSoC4/cyfitter_cfg.c **** * Return:
 236:Generated_Source\PSoC4/cyfitter_cfg.c **** *  void
 237:Generated_Source\PSoC4/cyfitter_cfg.c **** *
 238:Generated_Source\PSoC4/cyfitter_cfg.c **** *******************************************************************************/
 239:Generated_Source\PSoC4/cyfitter_cfg.c **** static void AnalogSetDefault(void);
 240:Generated_Source\PSoC4/cyfitter_cfg.c **** static void AnalogSetDefault(void)
 241:Generated_Source\PSoC4/cyfitter_cfg.c **** {
  27              		.loc 1 241 0
  28              		.cfi_startproc
  29              		@ args = 0, pretend = 0, frame = 0
  30              		@ frame_needed = 0, uses_anonymous_args = 0
  31              		@ link register save eliminated.
 242:Generated_Source\PSoC4/cyfitter_cfg.c **** 	CY_SET_XTND_REG32((void CYFAR *)CYREG_CTBM0_DFT_CTRL, 0x00000003u);
  32              		.loc 1 242 0
  33 0000 0323     		movs	r3, #3
  34 0002 044A     		ldr	r2, .L2
  35 0004 1360     		str	r3, [r2]
 243:Generated_Source\PSoC4/cyfitter_cfg.c **** 	CY_SET_XTND_REG32((void CYFAR *)CYREG_CTBM1_DFT_CTRL, 0x00000003u);
  36              		.loc 1 243 0
  37 0006 044A     		ldr	r2, .L2+4
  38 0008 1360     		str	r3, [r2]
 244:Generated_Source\PSoC4/cyfitter_cfg.c **** 	CY_SET_XTND_REG32((void CYFAR *)CYREG_PASS_DSAB_DSAB_CTRL, 0x00000000u);
  39              		.loc 1 244 0
  40 000a 0022     		movs	r2, #0
  41 000c 034B     		ldr	r3, .L2+8
ARM GAS  C:\Users\sergio\AppData\Local\Temp\ccIOD9UP.s 			page 6


  42 000e 1A60     		str	r2, [r3]
 245:Generated_Source\PSoC4/cyfitter_cfg.c **** }
  43              		.loc 1 245 0
  44              		@ sp needed
  45 0010 7047     		bx	lr
  46              	.L3:
  47 0012 C046     		.align	2
  48              	.L2:
  49 0014 30003040 		.word	1076887600
  50 0018 30003140 		.word	1076953136
  51 001c 000E3F40 		.word	1077874176
  52              		.cfi_endproc
  53              	.LFE6:
  54              		.size	AnalogSetDefault, .-AnalogSetDefault
  55              		.section	.text.CYMEMZERO,"ax",%progbits
  56              		.align	2
  57              		.code	16
  58              		.thumb_func
  59              		.type	CYMEMZERO, %function
  60              	CYMEMZERO:
  61              	.LFB2:
  76:Generated_Source\PSoC4/cyfitter_cfg.c **** 	(void)memset(s, 0, n);
  62              		.loc 1 76 0
  63              		.cfi_startproc
  64              		@ args = 0, pretend = 0, frame = 0
  65              		@ frame_needed = 0, uses_anonymous_args = 0
  66              	.LVL0:
  67 0000 10B5     		push	{r4, lr}
  68              		.cfi_def_cfa_offset 8
  69              		.cfi_offset 4, -8
  70              		.cfi_offset 14, -4
  71 0002 0A00     		movs	r2, r1
  77:Generated_Source\PSoC4/cyfitter_cfg.c **** }
  72              		.loc 1 77 0
  73 0004 0021     		movs	r1, #0
  74              	.LVL1:
  75 0006 FFF7FEFF 		bl	memset
  76              	.LVL2:
  78:Generated_Source\PSoC4/cyfitter_cfg.c **** CY_CFG_UNUSED
  77              		.loc 1 78 0
  78              		@ sp needed
  79 000a 10BD     		pop	{r4, pc}
  80              		.cfi_endproc
  81              	.LFE2:
  82              		.size	CYMEMZERO, .-CYMEMZERO
  83              		.section	.psocinit,"ax",%progbits
  84              		.align	2
  85              		.code	16
  86              		.thumb_func
  87              		.type	ClockSetup, %function
  88              	ClockSetup:
  89              	.LFB5:
 170:Generated_Source\PSoC4/cyfitter_cfg.c **** 
  90              		.loc 1 170 0
  91              		.cfi_startproc
  92              		@ args = 0, pretend = 0, frame = 0
  93              		@ frame_needed = 0, uses_anonymous_args = 0
ARM GAS  C:\Users\sergio\AppData\Local\Temp\ccIOD9UP.s 			page 7


  94 0000 70B5     		push	{r4, r5, r6, lr}
  95              		.cfi_def_cfa_offset 16
  96              		.cfi_offset 4, -16
  97              		.cfi_offset 5, -12
  98              		.cfi_offset 6, -8
  99              		.cfi_offset 14, -4
 173:Generated_Source\PSoC4/cyfitter_cfg.c **** 
 100              		.loc 1 173 0
 101 0002 1222     		movs	r2, #18
 102 0004 254B     		ldr	r3, .L7
 103 0006 1A60     		str	r2, [r3]
 176:Generated_Source\PSoC4/cyfitter_cfg.c **** 	CyDelayCycles(12000000u); /* WCO may take up to 500ms to start */
 104              		.loc 1 176 0
 105 0008 FFF7FEFF 		bl	CySysClkWcoStart
 106              	.LVL3:
 177:Generated_Source\PSoC4/cyfitter_cfg.c **** 	(void)CySysClkWcoSetPowerMode(CY_SYS_CLK_WCO_LPM);    /* Switch to the low power mode */
 107              		.loc 1 177 0
 108 000c 2448     		ldr	r0, .L7+4
 109 000e FFF7FEFF 		bl	CyDelayCycles
 110              	.LVL4:
 178:Generated_Source\PSoC4/cyfitter_cfg.c **** 
 111              		.loc 1 178 0
 112 0012 0120     		movs	r0, #1
 113 0014 FFF7FEFF 		bl	CySysClkWcoSetPowerMode
 114              	.LVL5:
 181:Generated_Source\PSoC4/cyfitter_cfg.c **** 	/* CYDEV_CLK_ILO_CONFIG Starting address: CYDEV_CLK_ILO_CONFIG */
 115              		.loc 1 181 0
 116 0018 3020     		movs	r0, #48
 117 001a FFF7FEFF 		bl	CySysClkWriteImoFreq
 118              	.LVL6:
 183:Generated_Source\PSoC4/cyfitter_cfg.c **** 
 119              		.loc 1 183 0
 120 001e 214A     		ldr	r2, .L7+8
 121 0020 214B     		ldr	r3, .L7+12
 122 0022 1A60     		str	r2, [r3]
 186:Generated_Source\PSoC4/cyfitter_cfg.c **** 
 123              		.loc 1 186 0
 124 0024 214D     		ldr	r5, .L7+16
 125 0026 8023     		movs	r3, #128
 126 0028 DB05     		lsls	r3, r3, #23
 127 002a 2B60     		str	r3, [r5]
 190:Generated_Source\PSoC4/cyfitter_cfg.c **** 	CY_SET_REG32((void *)(CYREG_BLE_BLERD_BB_XO_CAPTRIM), 0x00003E2Du);
 128              		.loc 1 190 0
 129 002c 204A     		ldr	r2, .L7+20
 130 002e 1168     		ldr	r1, [r2]
 131 0030 0223     		movs	r3, #2
 132 0032 0B43     		orrs	r3, r1
 133 0034 1360     		str	r3, [r2]
 191:Generated_Source\PSoC4/cyfitter_cfg.c **** 	/*Set XTAL(ECO) divider*/
 134              		.loc 1 191 0
 135 0036 1F4A     		ldr	r2, .L7+24
 136 0038 1F4B     		ldr	r3, .L7+28
 137 003a 1A60     		str	r2, [r3]
 193:Generated_Source\PSoC4/cyfitter_cfg.c **** 	/* Disable Crystal Stable Interrupt before enabling ECO */
 138              		.loc 1 193 0
 139 003c 0022     		movs	r2, #0
 140 003e 1F4B     		ldr	r3, .L7+32
ARM GAS  C:\Users\sergio\AppData\Local\Temp\ccIOD9UP.s 			page 8


 141 0040 1A60     		str	r2, [r3]
 195:Generated_Source\PSoC4/cyfitter_cfg.c **** 	/* Start the ECO and do not check status since it is not needed for HFCLK */
 142              		.loc 1 195 0
 143 0042 1F4A     		ldr	r2, .L7+36
 144 0044 1368     		ldr	r3, [r2]
 145 0046 0824     		movs	r4, #8
 146 0048 A343     		bics	r3, r4
 147 004a 1360     		str	r3, [r2]
 197:Generated_Source\PSoC4/cyfitter_cfg.c **** 	CyDelayUs(1500u); /* Wait to stabilize */
 148              		.loc 1 197 0
 149 004c FA20     		movs	r0, #250
 150 004e C000     		lsls	r0, r0, #3
 151 0050 FFF7FEFF 		bl	CySysClkEcoStart
 152              	.LVL7:
 198:Generated_Source\PSoC4/cyfitter_cfg.c **** 
 153              		.loc 1 198 0
 154 0054 1B48     		ldr	r0, .L7+40
 155 0056 FFF7FEFF 		bl	CyDelayUs
 156              	.LVL8:
 201:Generated_Source\PSoC4/cyfitter_cfg.c **** 	CY_SET_REG32((void *)CYREG_PERI_DIV_CMD, 0x8000FF40u);
 157              		.loc 1 201 0
 158 005a E822     		movs	r2, #232
 159 005c 5201     		lsls	r2, r2, #5
 160 005e 1A4B     		ldr	r3, .L7+44
 161 0060 1A60     		str	r2, [r3]
 202:Generated_Source\PSoC4/cyfitter_cfg.c **** 
 162              		.loc 1 202 0
 163 0062 1A4A     		ldr	r2, .L7+48
 164 0064 1A4B     		ldr	r3, .L7+52
 165 0066 1A60     		str	r2, [r3]
 205:Generated_Source\PSoC4/cyfitter_cfg.c **** 
 166              		.loc 1 205 0
 167 0068 8022     		movs	r2, #128
 168 006a 1206     		lsls	r2, r2, #24
 169 006c 194B     		ldr	r3, .L7+56
 170 006e 1A60     		str	r2, [r3]
 208:Generated_Source\PSoC4/cyfitter_cfg.c **** 
 171              		.loc 1 208 0
 172 0070 8022     		movs	r2, #128
 173 0072 D202     		lsls	r2, r2, #11
 174 0074 184B     		ldr	r3, .L7+60
 175 0076 1A60     		str	r2, [r3]
 211:Generated_Source\PSoC4/cyfitter_cfg.c **** 
 176              		.loc 1 211 0
 177 0078 4022     		movs	r2, #64
 178 007a 184B     		ldr	r3, .L7+64
 179 007c 1A60     		str	r2, [r3]
 213:Generated_Source\PSoC4/cyfitter_cfg.c **** 	CY_SET_REG32((void *)(CYREG_WDT_CONFIG), 0x40000007u);
 180              		.loc 1 213 0
 181 007e 184A     		ldr	r2, .L7+68
 182 0080 184B     		ldr	r3, .L7+72
 183 0082 1A60     		str	r2, [r3]
 214:Generated_Source\PSoC4/cyfitter_cfg.c **** 	CY_SET_REG32((void *)(CYREG_WDT_CONTROL), 0x00000008u);
 184              		.loc 1 214 0
 185 0084 184B     		ldr	r3, .L7+76
 186 0086 2B60     		str	r3, [r5]
 215:Generated_Source\PSoC4/cyfitter_cfg.c **** 	while ((CY_GET_XTND_REG32((void CYFAR *)(CYREG_WDT_CONTROL)) & 0x00000008u) != 0u) { }
ARM GAS  C:\Users\sergio\AppData\Local\Temp\ccIOD9UP.s 			page 9


 187              		.loc 1 215 0
 188 0088 184B     		ldr	r3, .L7+80
 189 008a 1C60     		str	r4, [r3]
 190              	.L6:
 216:Generated_Source\PSoC4/cyfitter_cfg.c **** 	CY_SET_REG32((void *)(CYREG_WDT_CONTROL), 0x00000001u);
 191              		.loc 1 216 0 discriminator 1
 192 008c 174B     		ldr	r3, .L7+80
 193 008e 1B68     		ldr	r3, [r3]
 194 0090 1B07     		lsls	r3, r3, #28
 195 0092 FBD4     		bmi	.L6
 217:Generated_Source\PSoC4/cyfitter_cfg.c **** }
 196              		.loc 1 217 0
 197 0094 0122     		movs	r2, #1
 198 0096 154B     		ldr	r3, .L7+80
 199 0098 1A60     		str	r2, [r3]
 218:Generated_Source\PSoC4/cyfitter_cfg.c **** 
 200              		.loc 1 218 0
 201              		@ sp needed
 202 009a 70BD     		pop	{r4, r5, r6, pc}
 203              	.L8:
 204              		.align	2
 205              	.L7:
 206 009c 30001040 		.word	1074790448
 207 00a0 001BB700 		.word	12000000
 208 00a4 06000080 		.word	-2147483642
 209 00a8 04010B40 		.word	1074462980
 210 00ac 0C020B40 		.word	1074463244
 211 00b0 78002E40 		.word	1076756600
 212 00b4 2D3E0000 		.word	15917
 213 00b8 7C002E40 		.word	1076756604
 214 00bc 64F02E40 		.word	1076818020
 215 00c0 6CF02E40 		.word	1076818028
 216 00c4 DC050000 		.word	1500
 217 00c8 00030140 		.word	1073808128
 218 00cc 40FF0080 		.word	-2147418304
 219 00d0 00000140 		.word	1073807360
 220 00d4 08010B40 		.word	1074462984
 221 00d8 00010B40 		.word	1074462976
 222 00dc 04010140 		.word	1073807620
 223 00e0 FF7F0000 		.word	32767
 224 00e4 08020B40 		.word	1074463240
 225 00e8 07000040 		.word	1073741831
 226 00ec 10020B40 		.word	1074463248
 227              		.cfi_endproc
 228              	.LFE5:
 229              		.size	ClockSetup, .-ClockSetup
 230              		.align	2
 231              		.global	cyfitter_cfg
 232              		.code	16
 233              		.thumb_func
 234              		.type	cyfitter_cfg, %function
 235              	cyfitter_cfg:
 236              	.LFB7:
 246:Generated_Source\PSoC4/cyfitter_cfg.c **** 
 247:Generated_Source\PSoC4/cyfitter_cfg.c **** 
 248:Generated_Source\PSoC4/cyfitter_cfg.c **** 
 249:Generated_Source\PSoC4/cyfitter_cfg.c **** 
ARM GAS  C:\Users\sergio\AppData\Local\Temp\ccIOD9UP.s 			page 10


 250:Generated_Source\PSoC4/cyfitter_cfg.c **** /*******************************************************************************
 251:Generated_Source\PSoC4/cyfitter_cfg.c **** * Function Name: cyfitter_cfg
 252:Generated_Source\PSoC4/cyfitter_cfg.c **** ********************************************************************************
 253:Generated_Source\PSoC4/cyfitter_cfg.c **** * Summary:
 254:Generated_Source\PSoC4/cyfitter_cfg.c **** *  This function is called by the start-up code for the selected device. It
 255:Generated_Source\PSoC4/cyfitter_cfg.c **** *  performs all of the necessary device configuration based on the design
 256:Generated_Source\PSoC4/cyfitter_cfg.c **** *  settings.  This includes settings from the Design Wide Resources (DWR) such
 257:Generated_Source\PSoC4/cyfitter_cfg.c **** *  as Clocks and Pins as well as any component configuration that is necessary.
 258:Generated_Source\PSoC4/cyfitter_cfg.c **** *
 259:Generated_Source\PSoC4/cyfitter_cfg.c **** * Parameters:
 260:Generated_Source\PSoC4/cyfitter_cfg.c **** *   void
 261:Generated_Source\PSoC4/cyfitter_cfg.c **** *
 262:Generated_Source\PSoC4/cyfitter_cfg.c **** * Return:
 263:Generated_Source\PSoC4/cyfitter_cfg.c **** *   void
 264:Generated_Source\PSoC4/cyfitter_cfg.c **** *
 265:Generated_Source\PSoC4/cyfitter_cfg.c **** *******************************************************************************/
 266:Generated_Source\PSoC4/cyfitter_cfg.c **** CY_CFG_SECTION
 267:Generated_Source\PSoC4/cyfitter_cfg.c **** void cyfitter_cfg(void)
 268:Generated_Source\PSoC4/cyfitter_cfg.c **** {
 237              		.loc 1 268 0
 238              		.cfi_startproc
 239              		@ args = 0, pretend = 0, frame = 0
 240              		@ frame_needed = 0, uses_anonymous_args = 0
 241 00f0 10B5     		push	{r4, lr}
 242              		.cfi_def_cfa_offset 8
 243              		.cfi_offset 4, -8
 244              		.cfi_offset 14, -4
 269:Generated_Source\PSoC4/cyfitter_cfg.c **** 	/* Disable interrupts by default. Let user enable if/when they want. */
 270:Generated_Source\PSoC4/cyfitter_cfg.c **** 	CyGlobalIntDisable;
 245              		.loc 1 270 0
 246              		.syntax divided
 247              	@ 270 "Generated_Source\PSoC4\cyfitter_cfg.c" 1
 248 00f2 72B6     		CPSID   i
 249              	@ 0 "" 2
 271:Generated_Source\PSoC4/cyfitter_cfg.c **** 
 272:Generated_Source\PSoC4/cyfitter_cfg.c **** 	CY_SET_REG32((void *)(CYREG_BLE_BLESS_LL_DSM_CTRL), 0x00000000u);
 250              		.loc 1 272 0
 251              		.thumb
 252              		.syntax unified
 253 00f4 0022     		movs	r2, #0
 254 00f6 1E4B     		ldr	r3, .L12
 255 00f8 1A60     		str	r2, [r3]
 256              	.LVL9:
 257              	.LBB2:
 273:Generated_Source\PSoC4/cyfitter_cfg.c **** 
 274:Generated_Source\PSoC4/cyfitter_cfg.c **** 	{
 275:Generated_Source\PSoC4/cyfitter_cfg.c **** 
 276:Generated_Source\PSoC4/cyfitter_cfg.c **** 		CYPACKED typedef struct {
 277:Generated_Source\PSoC4/cyfitter_cfg.c **** 			void CYFAR *address;
 278:Generated_Source\PSoC4/cyfitter_cfg.c **** 			uint16 size;
 279:Generated_Source\PSoC4/cyfitter_cfg.c **** 		} CYPACKED_ATTR cfg_memset_t;
 280:Generated_Source\PSoC4/cyfitter_cfg.c **** 
 281:Generated_Source\PSoC4/cyfitter_cfg.c **** 		static const cfg_memset_t CYCODE cfg_memset_list[] = {
 282:Generated_Source\PSoC4/cyfitter_cfg.c **** 			/* address, size */
 283:Generated_Source\PSoC4/cyfitter_cfg.c **** 			{(void CYFAR *)(CYDEV_UDB_P0_U0_BASE), 1024u},
 284:Generated_Source\PSoC4/cyfitter_cfg.c **** 			{(void CYFAR *)(CYDEV_UDB_DSI0_BASE), 1024u},
 285:Generated_Source\PSoC4/cyfitter_cfg.c **** 		};
ARM GAS  C:\Users\sergio\AppData\Local\Temp\ccIOD9UP.s 			page 11


 286:Generated_Source\PSoC4/cyfitter_cfg.c **** 
 287:Generated_Source\PSoC4/cyfitter_cfg.c **** 		uint8 CYDATA i;
 288:Generated_Source\PSoC4/cyfitter_cfg.c **** 
 289:Generated_Source\PSoC4/cyfitter_cfg.c **** 		/* Zero out critical memory blocks before beginning configuration */
 290:Generated_Source\PSoC4/cyfitter_cfg.c **** 		for (i = 0u; i < (sizeof(cfg_memset_list)/sizeof(cfg_memset_list[0])); i++)
 258              		.loc 1 290 0
 259 00fa 0024     		movs	r4, #0
 260 00fc 0FE0     		b	.L10
 261              	.LVL10:
 262              	.L11:
 263              	.LBB3:
 291:Generated_Source\PSoC4/cyfitter_cfg.c **** 		{
 292:Generated_Source\PSoC4/cyfitter_cfg.c **** 			const cfg_memset_t CYCODE * CYDATA ms = &cfg_memset_list[i];
 293:Generated_Source\PSoC4/cyfitter_cfg.c **** 			CYMEMZERO(ms->address, (size_t)(uint32)(ms->size));
 264              		.loc 1 293 0 discriminator 3
 265 00fe 1D48     		ldr	r0, .L12+4
 266 0100 6200     		lsls	r2, r4, #1
 267 0102 1319     		adds	r3, r2, r4
 268 0104 5900     		lsls	r1, r3, #1
 269 0106 0B00     		movs	r3, r1
 270 0108 4118     		adds	r1, r0, r1
 271 010a 8988     		ldrh	r1, [r1, #4]
 272 010c 1A5A     		ldrh	r2, [r3, r0]
 273 010e C318     		adds	r3, r0, r3
 274 0110 5888     		ldrh	r0, [r3, #2]
 275 0112 0004     		lsls	r0, r0, #16
 276 0114 1043     		orrs	r0, r2
 277 0116 FFF7FEFF 		bl	CYMEMZERO
 278              	.LVL11:
 279              	.LBE3:
 290:Generated_Source\PSoC4/cyfitter_cfg.c **** 		{
 280              		.loc 1 290 0 discriminator 3
 281 011a 0134     		adds	r4, r4, #1
 282              	.LVL12:
 283 011c E4B2     		uxtb	r4, r4
 284              	.LVL13:
 285              	.L10:
 290:Generated_Source\PSoC4/cyfitter_cfg.c **** 		{
 286              		.loc 1 290 0 is_stmt 0 discriminator 1
 287 011e 012C     		cmp	r4, #1
 288 0120 EDD9     		bls	.L11
 294:Generated_Source\PSoC4/cyfitter_cfg.c **** 		}
 295:Generated_Source\PSoC4/cyfitter_cfg.c **** 
 296:Generated_Source\PSoC4/cyfitter_cfg.c **** 		/* HSIOM Starting address: CYDEV_HSIOM_BASE */
 297:Generated_Source\PSoC4/cyfitter_cfg.c **** 		CY_SET_REG32((void *)(CYDEV_HSIOM_BASE), 0xEEEE0000u);
 289              		.loc 1 297 0 is_stmt 1
 290 0122 154A     		ldr	r2, .L12+8
 291 0124 154B     		ldr	r3, .L12+12
 292 0126 1A60     		str	r2, [r3]
 298:Generated_Source\PSoC4/cyfitter_cfg.c **** 
 299:Generated_Source\PSoC4/cyfitter_cfg.c **** 		/* UDB_PA_0 Starting address: CYDEV_UDB_PA0_BASE */
 300:Generated_Source\PSoC4/cyfitter_cfg.c **** 		CY_SET_REG32((void *)(CYDEV_UDB_PA0_BASE), 0x00990000u);
 293              		.loc 1 300 0
 294 0128 9923     		movs	r3, #153
 295 012a 1B04     		lsls	r3, r3, #16
 296 012c 144A     		ldr	r2, .L12+16
 297 012e 1360     		str	r3, [r2]
ARM GAS  C:\Users\sergio\AppData\Local\Temp\ccIOD9UP.s 			page 12


 301:Generated_Source\PSoC4/cyfitter_cfg.c **** 
 302:Generated_Source\PSoC4/cyfitter_cfg.c **** 		/* UDB_PA_2 Starting address: CYDEV_UDB_PA2_BASE */
 303:Generated_Source\PSoC4/cyfitter_cfg.c **** 		CY_SET_REG32((void *)(CYDEV_UDB_PA2_BASE), 0x00990000u);
 298              		.loc 1 303 0
 299 0130 144A     		ldr	r2, .L12+20
 300 0132 1360     		str	r3, [r2]
 304:Generated_Source\PSoC4/cyfitter_cfg.c **** 
 305:Generated_Source\PSoC4/cyfitter_cfg.c **** 		/* UDB_PA_3 Starting address: CYDEV_UDB_PA3_BASE */
 306:Generated_Source\PSoC4/cyfitter_cfg.c **** 		CY_SET_REG32((void *)(CYDEV_UDB_PA3_BASE), 0x00990000u);
 301              		.loc 1 306 0
 302 0134 144A     		ldr	r2, .L12+24
 303 0136 1360     		str	r3, [r2]
 307:Generated_Source\PSoC4/cyfitter_cfg.c **** 
 308:Generated_Source\PSoC4/cyfitter_cfg.c **** 		/* Enable digital routing */
 309:Generated_Source\PSoC4/cyfitter_cfg.c **** 		CY_SET_XTND_REG8((void *)CYREG_UDB_UDBIF_BANK_CTL, (uint8)(CY_GET_XTND_REG8((void *)CYREG_UDB_UDB
 304              		.loc 1 309 0
 305 0138 144A     		ldr	r2, .L12+28
 306 013a 1178     		ldrb	r1, [r2]
 307 013c 0623     		movs	r3, #6
 308 013e 0B43     		orrs	r3, r1
 309 0140 DBB2     		uxtb	r3, r3
 310 0142 1370     		strb	r3, [r2]
 311              	.LBE2:
 310:Generated_Source\PSoC4/cyfitter_cfg.c **** 	}
 311:Generated_Source\PSoC4/cyfitter_cfg.c **** 
 312:Generated_Source\PSoC4/cyfitter_cfg.c **** 	/* Perform second pass device configuration. These items must be configured in specific order afte
 313:Generated_Source\PSoC4/cyfitter_cfg.c **** 	/* IOPINS0_0 Starting address: CYDEV_GPIO_PRT0_BASE */
 314:Generated_Source\PSoC4/cyfitter_cfg.c **** 	CY_SET_REG32((void *)(CYDEV_GPIO_PRT0_BASE), 0x00000030u);
 312              		.loc 1 314 0
 313 0144 3022     		movs	r2, #48
 314 0146 124B     		ldr	r3, .L12+32
 315 0148 1A60     		str	r2, [r3]
 315:Generated_Source\PSoC4/cyfitter_cfg.c **** 	CY_SET_REG32((void *)(CYREG_GPIO_PRT0_PC), 0x00DA4000u);
 316              		.loc 1 315 0
 317 014a 124A     		ldr	r2, .L12+36
 318 014c 124B     		ldr	r3, .L12+40
 319 014e 1A60     		str	r2, [r3]
 316:Generated_Source\PSoC4/cyfitter_cfg.c **** 
 317:Generated_Source\PSoC4/cyfitter_cfg.c **** 	/* IOPINS0_2 Starting address: CYDEV_GPIO_PRT2_BASE */
 318:Generated_Source\PSoC4/cyfitter_cfg.c **** 	CY_SET_REG32((void *)(CYDEV_GPIO_PRT2_BASE), 0x000000C0u);
 320              		.loc 1 318 0
 321 0150 C022     		movs	r2, #192
 322 0152 124B     		ldr	r3, .L12+44
 323 0154 1A60     		str	r2, [r3]
 319:Generated_Source\PSoC4/cyfitter_cfg.c **** 	CY_SET_REG32((void *)(CYREG_GPIO_PRT2_PC), 0x00D80000u);
 324              		.loc 1 319 0
 325 0156 D823     		movs	r3, #216
 326 0158 1B04     		lsls	r3, r3, #16
 327 015a 1149     		ldr	r1, .L12+48
 328 015c 0B60     		str	r3, [r1]
 320:Generated_Source\PSoC4/cyfitter_cfg.c **** 
 321:Generated_Source\PSoC4/cyfitter_cfg.c **** 	/* IOPINS0_3 Starting address: CYDEV_GPIO_PRT3_BASE */
 322:Generated_Source\PSoC4/cyfitter_cfg.c **** 	CY_SET_REG32((void *)(CYDEV_GPIO_PRT3_BASE), 0x000000C0u);
 329              		.loc 1 322 0
 330 015e 1149     		ldr	r1, .L12+52
 331 0160 0A60     		str	r2, [r1]
 323:Generated_Source\PSoC4/cyfitter_cfg.c **** 	CY_SET_REG32((void *)(CYREG_GPIO_PRT3_PC), 0x00D80000u);
ARM GAS  C:\Users\sergio\AppData\Local\Temp\ccIOD9UP.s 			page 13


 332              		.loc 1 323 0
 333 0162 114A     		ldr	r2, .L12+56
 334 0164 1360     		str	r3, [r2]
 324:Generated_Source\PSoC4/cyfitter_cfg.c **** 
 325:Generated_Source\PSoC4/cyfitter_cfg.c **** 
 326:Generated_Source\PSoC4/cyfitter_cfg.c **** 	/* Setup clocks based on selections from Clock DWR */
 327:Generated_Source\PSoC4/cyfitter_cfg.c **** 	ClockSetup();
 335              		.loc 1 327 0
 336 0166 FFF74BFF 		bl	ClockSetup
 337              	.LVL14:
 328:Generated_Source\PSoC4/cyfitter_cfg.c **** 
 329:Generated_Source\PSoC4/cyfitter_cfg.c **** 	/* Perform basic analog initialization to defaults */
 330:Generated_Source\PSoC4/cyfitter_cfg.c **** 	AnalogSetDefault();
 338              		.loc 1 330 0
 339 016a FFF7FEFF 		bl	AnalogSetDefault
 340              	.LVL15:
 331:Generated_Source\PSoC4/cyfitter_cfg.c **** 
 332:Generated_Source\PSoC4/cyfitter_cfg.c **** }
 341              		.loc 1 332 0
 342              		@ sp needed
 343              	.LVL16:
 344 016e 10BD     		pop	{r4, pc}
 345              	.L13:
 346              		.align	2
 347              	.L12:
 348 0170 6CF02E40 		.word	1076818028
 349 0174 00000000 		.word	.LANCHOR0
 350 0178 0000EEEE 		.word	-286392320
 351 017c 00000240 		.word	1073872896
 352 0180 00500F40 		.word	1074745344
 353 0184 20500F40 		.word	1074745376
 354 0188 30500F40 		.word	1074745392
 355 018c 00700F40 		.word	1074753536
 356 0190 00000440 		.word	1074003968
 357 0194 0040DA00 		.word	14303232
 358 0198 08000440 		.word	1074003976
 359 019c 00020440 		.word	1074004480
 360 01a0 08020440 		.word	1074004488
 361 01a4 00030440 		.word	1074004736
 362 01a8 08030440 		.word	1074004744
 363              		.cfi_endproc
 364              	.LFE7:
 365              		.size	cyfitter_cfg, .-cyfitter_cfg
 366              		.section	.rodata
 367              		.align	2
 368              		.set	.LANCHOR0,. + 0
 369              		.type	cfg_memset_list.4887, %object
 370              		.size	cfg_memset_list.4887, 12
 371              	cfg_memset_list.4887:
 372 0000 00300F40 		.word	1074737152
 373 0004 0004     		.short	1024
 374 0006 00400F40 		.4byte	1074741248
 375 000a 0004     		.short	1024
 376              		.text
 377              	.Letext0:
 378              		.file 2 "c:\\program files (x86)\\cypress\\psoc creator\\4.2\\psoc creator\\import\\gnu\\arm\\5.4.
 379              		.file 3 "Generated_Source\\PSoC4\\cytypes.h"
ARM GAS  C:\Users\sergio\AppData\Local\Temp\ccIOD9UP.s 			page 14


 380              		.file 4 "Generated_Source\\PSoC4\\CyLFClk.h"
 381              		.file 5 "Generated_Source\\PSoC4\\CyLib.h"
 382              		.section	.debug_info,"",%progbits
 383              	.Ldebug_info0:
 384 0000 ED020000 		.4byte	0x2ed
 385 0004 0400     		.2byte	0x4
 386 0006 00000000 		.4byte	.Ldebug_abbrev0
 387 000a 04       		.byte	0x4
 388 000b 01       		.uleb128 0x1
 389 000c 58010000 		.4byte	.LASF32
 390 0010 0C       		.byte	0xc
 391 0011 6A020000 		.4byte	.LASF33
 392 0015 60000000 		.4byte	.LASF34
 393 0019 00000000 		.4byte	.Ldebug_ranges0+0
 394 001d 00000000 		.4byte	0
 395 0021 00000000 		.4byte	.Ldebug_line0
 396 0025 02       		.uleb128 0x2
 397 0026 04       		.byte	0x4
 398 0027 05       		.byte	0x5
 399 0028 696E7400 		.ascii	"int\000"
 400 002c 03       		.uleb128 0x3
 401 002d 14000000 		.4byte	.LASF12
 402 0031 02       		.byte	0x2
 403 0032 D8       		.byte	0xd8
 404 0033 37000000 		.4byte	0x37
 405 0037 04       		.uleb128 0x4
 406 0038 04       		.byte	0x4
 407 0039 07       		.byte	0x7
 408 003a 2C010000 		.4byte	.LASF0
 409 003e 04       		.uleb128 0x4
 410 003f 08       		.byte	0x8
 411 0040 05       		.byte	0x5
 412 0041 FC010000 		.4byte	.LASF1
 413 0045 04       		.uleb128 0x4
 414 0046 08       		.byte	0x8
 415 0047 04       		.byte	0x4
 416 0048 52020000 		.4byte	.LASF2
 417 004c 04       		.uleb128 0x4
 418 004d 01       		.byte	0x1
 419 004e 06       		.byte	0x6
 420 004f 5E020000 		.4byte	.LASF3
 421 0053 04       		.uleb128 0x4
 422 0054 01       		.byte	0x1
 423 0055 08       		.byte	0x8
 424 0056 F5000000 		.4byte	.LASF4
 425 005a 04       		.uleb128 0x4
 426 005b 02       		.byte	0x2
 427 005c 05       		.byte	0x5
 428 005d 2A020000 		.4byte	.LASF5
 429 0061 04       		.uleb128 0x4
 430 0062 02       		.byte	0x2
 431 0063 07       		.byte	0x7
 432 0064 47000000 		.4byte	.LASF6
 433 0068 04       		.uleb128 0x4
 434 0069 04       		.byte	0x4
 435 006a 05       		.byte	0x5
 436 006b 49020000 		.4byte	.LASF7
ARM GAS  C:\Users\sergio\AppData\Local\Temp\ccIOD9UP.s 			page 15


 437 006f 04       		.uleb128 0x4
 438 0070 04       		.byte	0x4
 439 0071 07       		.byte	0x7
 440 0072 C2000000 		.4byte	.LASF8
 441 0076 04       		.uleb128 0x4
 442 0077 08       		.byte	0x8
 443 0078 07       		.byte	0x7
 444 0079 41010000 		.4byte	.LASF9
 445 007d 04       		.uleb128 0x4
 446 007e 04       		.byte	0x4
 447 007f 07       		.byte	0x7
 448 0080 F3010000 		.4byte	.LASF10
 449 0084 05       		.uleb128 0x5
 450 0085 04       		.byte	0x4
 451 0086 04       		.uleb128 0x4
 452 0087 01       		.byte	0x1
 453 0088 08       		.byte	0x8
 454 0089 14020000 		.4byte	.LASF11
 455 008d 06       		.uleb128 0x6
 456 008e D4000000 		.4byte	.LASF13
 457 0092 03       		.byte	0x3
 458 0093 E401     		.2byte	0x1e4
 459 0095 53000000 		.4byte	0x53
 460 0099 06       		.uleb128 0x6
 461 009a 1E010000 		.4byte	.LASF14
 462 009e 03       		.byte	0x3
 463 009f E501     		.2byte	0x1e5
 464 00a1 61000000 		.4byte	0x61
 465 00a5 06       		.uleb128 0x6
 466 00a6 25010000 		.4byte	.LASF15
 467 00aa 03       		.byte	0x3
 468 00ab E601     		.2byte	0x1e6
 469 00ad 6F000000 		.4byte	0x6f
 470 00b1 04       		.uleb128 0x4
 471 00b2 04       		.byte	0x4
 472 00b3 04       		.byte	0x4
 473 00b4 5A000000 		.4byte	.LASF16
 474 00b8 04       		.uleb128 0x4
 475 00b9 08       		.byte	0x8
 476 00ba 04       		.byte	0x4
 477 00bb 0A010000 		.4byte	.LASF17
 478 00bf 06       		.uleb128 0x6
 479 00c0 BD000000 		.4byte	.LASF18
 480 00c4 03       		.byte	0x3
 481 00c5 8E02     		.2byte	0x28e
 482 00c7 CB000000 		.4byte	0xcb
 483 00cb 07       		.uleb128 0x7
 484 00cc 8D000000 		.4byte	0x8d
 485 00d0 06       		.uleb128 0x6
 486 00d1 0E000000 		.4byte	.LASF19
 487 00d5 03       		.byte	0x3
 488 00d6 9002     		.2byte	0x290
 489 00d8 DC000000 		.4byte	0xdc
 490 00dc 07       		.uleb128 0x7
 491 00dd A5000000 		.4byte	0xa5
 492 00e1 08       		.uleb128 0x8
 493 00e2 1B000000 		.4byte	.LASF35
ARM GAS  C:\Users\sergio\AppData\Local\Temp\ccIOD9UP.s 			page 16


 494 00e6 01       		.byte	0x1
 495 00e7 F0       		.byte	0xf0
 496 00e8 00000000 		.4byte	.LFB6
 497 00ec 20000000 		.4byte	.LFE6-.LFB6
 498 00f0 01       		.uleb128 0x1
 499 00f1 9C       		.byte	0x9c
 500 00f2 09       		.uleb128 0x9
 501 00f3 EB000000 		.4byte	.LASF20
 502 00f7 01       		.byte	0x1
 503 00f8 4B       		.byte	0x4b
 504 00f9 00000000 		.4byte	.LFB2
 505 00fd 0C000000 		.4byte	.LFE2-.LFB2
 506 0101 01       		.uleb128 0x1
 507 0102 9C       		.byte	0x9c
 508 0103 3F010000 		.4byte	0x13f
 509 0107 0A       		.uleb128 0xa
 510 0108 7300     		.ascii	"s\000"
 511 010a 01       		.byte	0x1
 512 010b 4B       		.byte	0x4b
 513 010c 84000000 		.4byte	0x84
 514 0110 00000000 		.4byte	.LLST0
 515 0114 0A       		.uleb128 0xa
 516 0115 6E00     		.ascii	"n\000"
 517 0117 01       		.byte	0x1
 518 0118 4B       		.byte	0x4b
 519 0119 2C000000 		.4byte	0x2c
 520 011d 21000000 		.4byte	.LLST1
 521 0121 0B       		.uleb128 0xb
 522 0122 0A000000 		.4byte	.LVL2
 523 0126 A5020000 		.4byte	0x2a5
 524 012a 0C       		.uleb128 0xc
 525 012b 01       		.uleb128 0x1
 526 012c 50       		.byte	0x50
 527 012d 03       		.uleb128 0x3
 528 012e F3       		.byte	0xf3
 529 012f 01       		.uleb128 0x1
 530 0130 50       		.byte	0x50
 531 0131 0C       		.uleb128 0xc
 532 0132 01       		.uleb128 0x1
 533 0133 51       		.byte	0x51
 534 0134 01       		.uleb128 0x1
 535 0135 30       		.byte	0x30
 536 0136 0C       		.uleb128 0xc
 537 0137 01       		.uleb128 0x1
 538 0138 52       		.byte	0x52
 539 0139 03       		.uleb128 0x3
 540 013a F3       		.byte	0xf3
 541 013b 01       		.uleb128 0x1
 542 013c 51       		.byte	0x51
 543 013d 00       		.byte	0
 544 013e 00       		.byte	0
 545 013f 09       		.uleb128 0x9
 546 0140 3C000000 		.4byte	.LASF21
 547 0144 01       		.byte	0x1
 548 0145 A9       		.byte	0xa9
 549 0146 00000000 		.4byte	.LFB5
 550 014a F0000000 		.4byte	.LFE5-.LFB5
ARM GAS  C:\Users\sergio\AppData\Local\Temp\ccIOD9UP.s 			page 17


 551 014e 01       		.uleb128 0x1
 552 014f 9C       		.byte	0x9c
 553 0150 C2010000 		.4byte	0x1c2
 554 0154 0D       		.uleb128 0xd
 555 0155 0C000000 		.4byte	.LVL3
 556 0159 AE020000 		.4byte	0x2ae
 557 015d 0E       		.uleb128 0xe
 558 015e 12000000 		.4byte	.LVL4
 559 0162 B9020000 		.4byte	0x2b9
 560 0166 74010000 		.4byte	0x174
 561 016a 0C       		.uleb128 0xc
 562 016b 01       		.uleb128 0x1
 563 016c 50       		.byte	0x50
 564 016d 05       		.uleb128 0x5
 565 016e 0C       		.byte	0xc
 566 016f 001BB700 		.4byte	0xb71b00
 567 0173 00       		.byte	0
 568 0174 0E       		.uleb128 0xe
 569 0175 18000000 		.4byte	.LVL5
 570 0179 C4020000 		.4byte	0x2c4
 571 017d 87010000 		.4byte	0x187
 572 0181 0C       		.uleb128 0xc
 573 0182 01       		.uleb128 0x1
 574 0183 50       		.byte	0x50
 575 0184 01       		.uleb128 0x1
 576 0185 31       		.byte	0x31
 577 0186 00       		.byte	0
 578 0187 0E       		.uleb128 0xe
 579 0188 1E000000 		.4byte	.LVL6
 580 018c CF020000 		.4byte	0x2cf
 581 0190 9B010000 		.4byte	0x19b
 582 0194 0C       		.uleb128 0xc
 583 0195 01       		.uleb128 0x1
 584 0196 50       		.byte	0x50
 585 0197 02       		.uleb128 0x2
 586 0198 08       		.byte	0x8
 587 0199 30       		.byte	0x30
 588 019a 00       		.byte	0
 589 019b 0E       		.uleb128 0xe
 590 019c 54000000 		.4byte	.LVL7
 591 01a0 DA020000 		.4byte	0x2da
 592 01a4 B0010000 		.4byte	0x1b0
 593 01a8 0C       		.uleb128 0xc
 594 01a9 01       		.uleb128 0x1
 595 01aa 50       		.byte	0x50
 596 01ab 03       		.uleb128 0x3
 597 01ac 0A       		.byte	0xa
 598 01ad D007     		.2byte	0x7d0
 599 01af 00       		.byte	0
 600 01b0 0B       		.uleb128 0xb
 601 01b1 5A000000 		.4byte	.LVL8
 602 01b5 E5020000 		.4byte	0x2e5
 603 01b9 0C       		.uleb128 0xc
 604 01ba 01       		.uleb128 0x1
 605 01bb 50       		.byte	0x50
 606 01bc 03       		.uleb128 0x3
 607 01bd 0A       		.byte	0xa
ARM GAS  C:\Users\sergio\AppData\Local\Temp\ccIOD9UP.s 			page 18


 608 01be DC05     		.2byte	0x5dc
 609 01c0 00       		.byte	0
 610 01c1 00       		.byte	0
 611 01c2 0F       		.uleb128 0xf
 612 01c3 11010000 		.4byte	.LASF36
 613 01c7 01       		.byte	0x1
 614 01c8 0B01     		.2byte	0x10b
 615 01ca F0000000 		.4byte	.LFB7
 616 01ce BC000000 		.4byte	.LFE7-.LFB7
 617 01d2 01       		.uleb128 0x1
 618 01d3 9C       		.byte	0x9c
 619 01d4 A5020000 		.4byte	0x2a5
 620 01d8 10       		.uleb128 0x10
 621 01d9 FA000000 		.4byte	.LBB2
 622 01dd 4A000000 		.4byte	.LBE2-.LBB2
 623 01e1 92020000 		.4byte	0x292
 624 01e5 11       		.uleb128 0x11
 625 01e6 06       		.byte	0x6
 626 01e7 01       		.byte	0x1
 627 01e8 1401     		.2byte	0x114
 628 01ea 09020000 		.4byte	0x209
 629 01ee 12       		.uleb128 0x12
 630 01ef 39010000 		.4byte	.LASF22
 631 01f3 01       		.byte	0x1
 632 01f4 1501     		.2byte	0x115
 633 01f6 84000000 		.4byte	0x84
 634 01fa 00       		.byte	0
 635 01fb 12       		.uleb128 0x12
 636 01fc A0000000 		.4byte	.LASF23
 637 0200 01       		.byte	0x1
 638 0201 1601     		.2byte	0x116
 639 0203 99000000 		.4byte	0x99
 640 0207 04       		.byte	0x4
 641 0208 00       		.byte	0
 642 0209 06       		.uleb128 0x6
 643 020a E6010000 		.4byte	.LASF24
 644 020e 01       		.byte	0x1
 645 020f 1701     		.2byte	0x117
 646 0211 E5010000 		.4byte	0x1e5
 647 0215 13       		.uleb128 0x13
 648 0216 25020000 		.4byte	0x225
 649 021a 25020000 		.4byte	0x225
 650 021e 14       		.uleb128 0x14
 651 021f 7D000000 		.4byte	0x7d
 652 0223 01       		.byte	0x1
 653 0224 00       		.byte	0
 654 0225 15       		.uleb128 0x15
 655 0226 09020000 		.4byte	0x209
 656 022a 16       		.uleb128 0x16
 657 022b 2C000000 		.4byte	.LASF25
 658 022f 01       		.byte	0x1
 659 0230 1901     		.2byte	0x119
 660 0232 3C020000 		.4byte	0x23c
 661 0236 05       		.uleb128 0x5
 662 0237 03       		.byte	0x3
 663 0238 00000000 		.4byte	cfg_memset_list.4887
 664 023c 15       		.uleb128 0x15
ARM GAS  C:\Users\sergio\AppData\Local\Temp\ccIOD9UP.s 			page 19


 665 023d 15020000 		.4byte	0x215
 666 0241 17       		.uleb128 0x17
 667 0242 6900     		.ascii	"i\000"
 668 0244 01       		.byte	0x1
 669 0245 1F01     		.2byte	0x11f
 670 0247 8D000000 		.4byte	0x8d
 671 024b 4D000000 		.4byte	.LLST2
 672 024f 18       		.uleb128 0x18
 673 0250 FE000000 		.4byte	.LBB3
 674 0254 1C000000 		.4byte	.LBE3-.LBB3
 675 0258 17       		.uleb128 0x17
 676 0259 6D7300   		.ascii	"ms\000"
 677 025c 01       		.byte	0x1
 678 025d 2401     		.2byte	0x124
 679 025f 67020000 		.4byte	0x267
 680 0263 77000000 		.4byte	.LLST3
 681 0267 19       		.uleb128 0x19
 682 0268 04       		.byte	0x4
 683 0269 25020000 		.4byte	0x225
 684 026d 0B       		.uleb128 0xb
 685 026e 1A010000 		.4byte	.LVL11
 686 0272 F2000000 		.4byte	0xf2
 687 0276 0C       		.uleb128 0xc
 688 0277 01       		.uleb128 0x1
 689 0278 51       		.byte	0x51
 690 0279 15       		.uleb128 0x15
 691 027a 74       		.byte	0x74
 692 027b 00       		.sleb128 0
 693 027c 31       		.byte	0x31
 694 027d 24       		.byte	0x24
 695 027e 74       		.byte	0x74
 696 027f 00       		.sleb128 0
 697 0280 22       		.byte	0x22
 698 0281 31       		.byte	0x31
 699 0282 24       		.byte	0x24
 700 0283 03       		.byte	0x3
 701 0284 04000000 		.4byte	.LANCHOR0+4
 702 0288 22       		.byte	0x22
 703 0289 94       		.byte	0x94
 704 028a 02       		.byte	0x2
 705 028b 0A       		.byte	0xa
 706 028c FFFF     		.2byte	0xffff
 707 028e 1A       		.byte	0x1a
 708 028f 00       		.byte	0
 709 0290 00       		.byte	0
 710 0291 00       		.byte	0
 711 0292 0D       		.uleb128 0xd
 712 0293 6A010000 		.4byte	.LVL14
 713 0297 3F010000 		.4byte	0x13f
 714 029b 0D       		.uleb128 0xd
 715 029c 6E010000 		.4byte	.LVL15
 716 02a0 E1000000 		.4byte	0xe1
 717 02a4 00       		.byte	0
 718 02a5 1A       		.uleb128 0x1a
 719 02a6 03010000 		.4byte	.LASF37
 720 02aa 03010000 		.4byte	.LASF37
 721 02ae 1B       		.uleb128 0x1b
ARM GAS  C:\Users\sergio\AppData\Local\Temp\ccIOD9UP.s 			page 20


 722 02af DA000000 		.4byte	.LASF26
 723 02b3 DA000000 		.4byte	.LASF26
 724 02b7 04       		.byte	0x4
 725 02b8 4E       		.byte	0x4e
 726 02b9 1B       		.uleb128 0x1b
 727 02ba 00000000 		.4byte	.LASF27
 728 02be 00000000 		.4byte	.LASF27
 729 02c2 05       		.byte	0x5
 730 02c3 DC       		.byte	0xdc
 731 02c4 1B       		.uleb128 0x1b
 732 02c5 A5000000 		.4byte	.LASF28
 733 02c9 A5000000 		.4byte	.LASF28
 734 02cd 04       		.byte	0x4
 735 02ce 50       		.byte	0x50
 736 02cf 1B       		.uleb128 0x1b
 737 02d0 34020000 		.4byte	.LASF29
 738 02d4 34020000 		.4byte	.LASF29
 739 02d8 05       		.byte	0x5
 740 02d9 6C       		.byte	0x6c
 741 02da 1B       		.uleb128 0x1b
 742 02db 19020000 		.4byte	.LASF30
 743 02df 19020000 		.4byte	.LASF30
 744 02e3 05       		.byte	0x5
 745 02e4 84       		.byte	0x84
 746 02e5 1B       		.uleb128 0x1b
 747 02e6 0A020000 		.4byte	.LASF31
 748 02ea 0A020000 		.4byte	.LASF31
 749 02ee 05       		.byte	0x5
 750 02ef DA       		.byte	0xda
 751 02f0 00       		.byte	0
 752              		.section	.debug_abbrev,"",%progbits
 753              	.Ldebug_abbrev0:
 754 0000 01       		.uleb128 0x1
 755 0001 11       		.uleb128 0x11
 756 0002 01       		.byte	0x1
 757 0003 25       		.uleb128 0x25
 758 0004 0E       		.uleb128 0xe
 759 0005 13       		.uleb128 0x13
 760 0006 0B       		.uleb128 0xb
 761 0007 03       		.uleb128 0x3
 762 0008 0E       		.uleb128 0xe
 763 0009 1B       		.uleb128 0x1b
 764 000a 0E       		.uleb128 0xe
 765 000b 55       		.uleb128 0x55
 766 000c 17       		.uleb128 0x17
 767 000d 11       		.uleb128 0x11
 768 000e 01       		.uleb128 0x1
 769 000f 10       		.uleb128 0x10
 770 0010 17       		.uleb128 0x17
 771 0011 00       		.byte	0
 772 0012 00       		.byte	0
 773 0013 02       		.uleb128 0x2
 774 0014 24       		.uleb128 0x24
 775 0015 00       		.byte	0
 776 0016 0B       		.uleb128 0xb
 777 0017 0B       		.uleb128 0xb
 778 0018 3E       		.uleb128 0x3e
ARM GAS  C:\Users\sergio\AppData\Local\Temp\ccIOD9UP.s 			page 21


 779 0019 0B       		.uleb128 0xb
 780 001a 03       		.uleb128 0x3
 781 001b 08       		.uleb128 0x8
 782 001c 00       		.byte	0
 783 001d 00       		.byte	0
 784 001e 03       		.uleb128 0x3
 785 001f 16       		.uleb128 0x16
 786 0020 00       		.byte	0
 787 0021 03       		.uleb128 0x3
 788 0022 0E       		.uleb128 0xe
 789 0023 3A       		.uleb128 0x3a
 790 0024 0B       		.uleb128 0xb
 791 0025 3B       		.uleb128 0x3b
 792 0026 0B       		.uleb128 0xb
 793 0027 49       		.uleb128 0x49
 794 0028 13       		.uleb128 0x13
 795 0029 00       		.byte	0
 796 002a 00       		.byte	0
 797 002b 04       		.uleb128 0x4
 798 002c 24       		.uleb128 0x24
 799 002d 00       		.byte	0
 800 002e 0B       		.uleb128 0xb
 801 002f 0B       		.uleb128 0xb
 802 0030 3E       		.uleb128 0x3e
 803 0031 0B       		.uleb128 0xb
 804 0032 03       		.uleb128 0x3
 805 0033 0E       		.uleb128 0xe
 806 0034 00       		.byte	0
 807 0035 00       		.byte	0
 808 0036 05       		.uleb128 0x5
 809 0037 0F       		.uleb128 0xf
 810 0038 00       		.byte	0
 811 0039 0B       		.uleb128 0xb
 812 003a 0B       		.uleb128 0xb
 813 003b 00       		.byte	0
 814 003c 00       		.byte	0
 815 003d 06       		.uleb128 0x6
 816 003e 16       		.uleb128 0x16
 817 003f 00       		.byte	0
 818 0040 03       		.uleb128 0x3
 819 0041 0E       		.uleb128 0xe
 820 0042 3A       		.uleb128 0x3a
 821 0043 0B       		.uleb128 0xb
 822 0044 3B       		.uleb128 0x3b
 823 0045 05       		.uleb128 0x5
 824 0046 49       		.uleb128 0x49
 825 0047 13       		.uleb128 0x13
 826 0048 00       		.byte	0
 827 0049 00       		.byte	0
 828 004a 07       		.uleb128 0x7
 829 004b 35       		.uleb128 0x35
 830 004c 00       		.byte	0
 831 004d 49       		.uleb128 0x49
 832 004e 13       		.uleb128 0x13
 833 004f 00       		.byte	0
 834 0050 00       		.byte	0
 835 0051 08       		.uleb128 0x8
ARM GAS  C:\Users\sergio\AppData\Local\Temp\ccIOD9UP.s 			page 22


 836 0052 2E       		.uleb128 0x2e
 837 0053 00       		.byte	0
 838 0054 03       		.uleb128 0x3
 839 0055 0E       		.uleb128 0xe
 840 0056 3A       		.uleb128 0x3a
 841 0057 0B       		.uleb128 0xb
 842 0058 3B       		.uleb128 0x3b
 843 0059 0B       		.uleb128 0xb
 844 005a 27       		.uleb128 0x27
 845 005b 19       		.uleb128 0x19
 846 005c 11       		.uleb128 0x11
 847 005d 01       		.uleb128 0x1
 848 005e 12       		.uleb128 0x12
 849 005f 06       		.uleb128 0x6
 850 0060 40       		.uleb128 0x40
 851 0061 18       		.uleb128 0x18
 852 0062 9742     		.uleb128 0x2117
 853 0064 19       		.uleb128 0x19
 854 0065 00       		.byte	0
 855 0066 00       		.byte	0
 856 0067 09       		.uleb128 0x9
 857 0068 2E       		.uleb128 0x2e
 858 0069 01       		.byte	0x1
 859 006a 03       		.uleb128 0x3
 860 006b 0E       		.uleb128 0xe
 861 006c 3A       		.uleb128 0x3a
 862 006d 0B       		.uleb128 0xb
 863 006e 3B       		.uleb128 0x3b
 864 006f 0B       		.uleb128 0xb
 865 0070 27       		.uleb128 0x27
 866 0071 19       		.uleb128 0x19
 867 0072 11       		.uleb128 0x11
 868 0073 01       		.uleb128 0x1
 869 0074 12       		.uleb128 0x12
 870 0075 06       		.uleb128 0x6
 871 0076 40       		.uleb128 0x40
 872 0077 18       		.uleb128 0x18
 873 0078 9742     		.uleb128 0x2117
 874 007a 19       		.uleb128 0x19
 875 007b 01       		.uleb128 0x1
 876 007c 13       		.uleb128 0x13
 877 007d 00       		.byte	0
 878 007e 00       		.byte	0
 879 007f 0A       		.uleb128 0xa
 880 0080 05       		.uleb128 0x5
 881 0081 00       		.byte	0
 882 0082 03       		.uleb128 0x3
 883 0083 08       		.uleb128 0x8
 884 0084 3A       		.uleb128 0x3a
 885 0085 0B       		.uleb128 0xb
 886 0086 3B       		.uleb128 0x3b
 887 0087 0B       		.uleb128 0xb
 888 0088 49       		.uleb128 0x49
 889 0089 13       		.uleb128 0x13
 890 008a 02       		.uleb128 0x2
 891 008b 17       		.uleb128 0x17
 892 008c 00       		.byte	0
ARM GAS  C:\Users\sergio\AppData\Local\Temp\ccIOD9UP.s 			page 23


 893 008d 00       		.byte	0
 894 008e 0B       		.uleb128 0xb
 895 008f 898201   		.uleb128 0x4109
 896 0092 01       		.byte	0x1
 897 0093 11       		.uleb128 0x11
 898 0094 01       		.uleb128 0x1
 899 0095 31       		.uleb128 0x31
 900 0096 13       		.uleb128 0x13
 901 0097 00       		.byte	0
 902 0098 00       		.byte	0
 903 0099 0C       		.uleb128 0xc
 904 009a 8A8201   		.uleb128 0x410a
 905 009d 00       		.byte	0
 906 009e 02       		.uleb128 0x2
 907 009f 18       		.uleb128 0x18
 908 00a0 9142     		.uleb128 0x2111
 909 00a2 18       		.uleb128 0x18
 910 00a3 00       		.byte	0
 911 00a4 00       		.byte	0
 912 00a5 0D       		.uleb128 0xd
 913 00a6 898201   		.uleb128 0x4109
 914 00a9 00       		.byte	0
 915 00aa 11       		.uleb128 0x11
 916 00ab 01       		.uleb128 0x1
 917 00ac 31       		.uleb128 0x31
 918 00ad 13       		.uleb128 0x13
 919 00ae 00       		.byte	0
 920 00af 00       		.byte	0
 921 00b0 0E       		.uleb128 0xe
 922 00b1 898201   		.uleb128 0x4109
 923 00b4 01       		.byte	0x1
 924 00b5 11       		.uleb128 0x11
 925 00b6 01       		.uleb128 0x1
 926 00b7 31       		.uleb128 0x31
 927 00b8 13       		.uleb128 0x13
 928 00b9 01       		.uleb128 0x1
 929 00ba 13       		.uleb128 0x13
 930 00bb 00       		.byte	0
 931 00bc 00       		.byte	0
 932 00bd 0F       		.uleb128 0xf
 933 00be 2E       		.uleb128 0x2e
 934 00bf 01       		.byte	0x1
 935 00c0 3F       		.uleb128 0x3f
 936 00c1 19       		.uleb128 0x19
 937 00c2 03       		.uleb128 0x3
 938 00c3 0E       		.uleb128 0xe
 939 00c4 3A       		.uleb128 0x3a
 940 00c5 0B       		.uleb128 0xb
 941 00c6 3B       		.uleb128 0x3b
 942 00c7 05       		.uleb128 0x5
 943 00c8 27       		.uleb128 0x27
 944 00c9 19       		.uleb128 0x19
 945 00ca 11       		.uleb128 0x11
 946 00cb 01       		.uleb128 0x1
 947 00cc 12       		.uleb128 0x12
 948 00cd 06       		.uleb128 0x6
 949 00ce 40       		.uleb128 0x40
ARM GAS  C:\Users\sergio\AppData\Local\Temp\ccIOD9UP.s 			page 24


 950 00cf 18       		.uleb128 0x18
 951 00d0 9742     		.uleb128 0x2117
 952 00d2 19       		.uleb128 0x19
 953 00d3 01       		.uleb128 0x1
 954 00d4 13       		.uleb128 0x13
 955 00d5 00       		.byte	0
 956 00d6 00       		.byte	0
 957 00d7 10       		.uleb128 0x10
 958 00d8 0B       		.uleb128 0xb
 959 00d9 01       		.byte	0x1
 960 00da 11       		.uleb128 0x11
 961 00db 01       		.uleb128 0x1
 962 00dc 12       		.uleb128 0x12
 963 00dd 06       		.uleb128 0x6
 964 00de 01       		.uleb128 0x1
 965 00df 13       		.uleb128 0x13
 966 00e0 00       		.byte	0
 967 00e1 00       		.byte	0
 968 00e2 11       		.uleb128 0x11
 969 00e3 13       		.uleb128 0x13
 970 00e4 01       		.byte	0x1
 971 00e5 0B       		.uleb128 0xb
 972 00e6 0B       		.uleb128 0xb
 973 00e7 3A       		.uleb128 0x3a
 974 00e8 0B       		.uleb128 0xb
 975 00e9 3B       		.uleb128 0x3b
 976 00ea 05       		.uleb128 0x5
 977 00eb 01       		.uleb128 0x1
 978 00ec 13       		.uleb128 0x13
 979 00ed 00       		.byte	0
 980 00ee 00       		.byte	0
 981 00ef 12       		.uleb128 0x12
 982 00f0 0D       		.uleb128 0xd
 983 00f1 00       		.byte	0
 984 00f2 03       		.uleb128 0x3
 985 00f3 0E       		.uleb128 0xe
 986 00f4 3A       		.uleb128 0x3a
 987 00f5 0B       		.uleb128 0xb
 988 00f6 3B       		.uleb128 0x3b
 989 00f7 05       		.uleb128 0x5
 990 00f8 49       		.uleb128 0x49
 991 00f9 13       		.uleb128 0x13
 992 00fa 38       		.uleb128 0x38
 993 00fb 0B       		.uleb128 0xb
 994 00fc 00       		.byte	0
 995 00fd 00       		.byte	0
 996 00fe 13       		.uleb128 0x13
 997 00ff 01       		.uleb128 0x1
 998 0100 01       		.byte	0x1
 999 0101 49       		.uleb128 0x49
 1000 0102 13       		.uleb128 0x13
 1001 0103 01       		.uleb128 0x1
 1002 0104 13       		.uleb128 0x13
 1003 0105 00       		.byte	0
 1004 0106 00       		.byte	0
 1005 0107 14       		.uleb128 0x14
 1006 0108 21       		.uleb128 0x21
ARM GAS  C:\Users\sergio\AppData\Local\Temp\ccIOD9UP.s 			page 25


 1007 0109 00       		.byte	0
 1008 010a 49       		.uleb128 0x49
 1009 010b 13       		.uleb128 0x13
 1010 010c 2F       		.uleb128 0x2f
 1011 010d 0B       		.uleb128 0xb
 1012 010e 00       		.byte	0
 1013 010f 00       		.byte	0
 1014 0110 15       		.uleb128 0x15
 1015 0111 26       		.uleb128 0x26
 1016 0112 00       		.byte	0
 1017 0113 49       		.uleb128 0x49
 1018 0114 13       		.uleb128 0x13
 1019 0115 00       		.byte	0
 1020 0116 00       		.byte	0
 1021 0117 16       		.uleb128 0x16
 1022 0118 34       		.uleb128 0x34
 1023 0119 00       		.byte	0
 1024 011a 03       		.uleb128 0x3
 1025 011b 0E       		.uleb128 0xe
 1026 011c 3A       		.uleb128 0x3a
 1027 011d 0B       		.uleb128 0xb
 1028 011e 3B       		.uleb128 0x3b
 1029 011f 05       		.uleb128 0x5
 1030 0120 49       		.uleb128 0x49
 1031 0121 13       		.uleb128 0x13
 1032 0122 02       		.uleb128 0x2
 1033 0123 18       		.uleb128 0x18
 1034 0124 00       		.byte	0
 1035 0125 00       		.byte	0
 1036 0126 17       		.uleb128 0x17
 1037 0127 34       		.uleb128 0x34
 1038 0128 00       		.byte	0
 1039 0129 03       		.uleb128 0x3
 1040 012a 08       		.uleb128 0x8
 1041 012b 3A       		.uleb128 0x3a
 1042 012c 0B       		.uleb128 0xb
 1043 012d 3B       		.uleb128 0x3b
 1044 012e 05       		.uleb128 0x5
 1045 012f 49       		.uleb128 0x49
 1046 0130 13       		.uleb128 0x13
 1047 0131 02       		.uleb128 0x2
 1048 0132 17       		.uleb128 0x17
 1049 0133 00       		.byte	0
 1050 0134 00       		.byte	0
 1051 0135 18       		.uleb128 0x18
 1052 0136 0B       		.uleb128 0xb
 1053 0137 01       		.byte	0x1
 1054 0138 11       		.uleb128 0x11
 1055 0139 01       		.uleb128 0x1
 1056 013a 12       		.uleb128 0x12
 1057 013b 06       		.uleb128 0x6
 1058 013c 00       		.byte	0
 1059 013d 00       		.byte	0
 1060 013e 19       		.uleb128 0x19
 1061 013f 0F       		.uleb128 0xf
 1062 0140 00       		.byte	0
 1063 0141 0B       		.uleb128 0xb
ARM GAS  C:\Users\sergio\AppData\Local\Temp\ccIOD9UP.s 			page 26


 1064 0142 0B       		.uleb128 0xb
 1065 0143 49       		.uleb128 0x49
 1066 0144 13       		.uleb128 0x13
 1067 0145 00       		.byte	0
 1068 0146 00       		.byte	0
 1069 0147 1A       		.uleb128 0x1a
 1070 0148 2E       		.uleb128 0x2e
 1071 0149 00       		.byte	0
 1072 014a 3F       		.uleb128 0x3f
 1073 014b 19       		.uleb128 0x19
 1074 014c 3C       		.uleb128 0x3c
 1075 014d 19       		.uleb128 0x19
 1076 014e 6E       		.uleb128 0x6e
 1077 014f 0E       		.uleb128 0xe
 1078 0150 03       		.uleb128 0x3
 1079 0151 0E       		.uleb128 0xe
 1080 0152 00       		.byte	0
 1081 0153 00       		.byte	0
 1082 0154 1B       		.uleb128 0x1b
 1083 0155 2E       		.uleb128 0x2e
 1084 0156 00       		.byte	0
 1085 0157 3F       		.uleb128 0x3f
 1086 0158 19       		.uleb128 0x19
 1087 0159 3C       		.uleb128 0x3c
 1088 015a 19       		.uleb128 0x19
 1089 015b 6E       		.uleb128 0x6e
 1090 015c 0E       		.uleb128 0xe
 1091 015d 03       		.uleb128 0x3
 1092 015e 0E       		.uleb128 0xe
 1093 015f 3A       		.uleb128 0x3a
 1094 0160 0B       		.uleb128 0xb
 1095 0161 3B       		.uleb128 0x3b
 1096 0162 0B       		.uleb128 0xb
 1097 0163 00       		.byte	0
 1098 0164 00       		.byte	0
 1099 0165 00       		.byte	0
 1100              		.section	.debug_loc,"",%progbits
 1101              	.Ldebug_loc0:
 1102              	.LLST0:
 1103 0000 00000000 		.4byte	.LVL0
 1104 0004 09000000 		.4byte	.LVL2-1
 1105 0008 0100     		.2byte	0x1
 1106 000a 50       		.byte	0x50
 1107 000b 09000000 		.4byte	.LVL2-1
 1108 000f 0C000000 		.4byte	.LFE2
 1109 0013 0400     		.2byte	0x4
 1110 0015 F3       		.byte	0xf3
 1111 0016 01       		.uleb128 0x1
 1112 0017 50       		.byte	0x50
 1113 0018 9F       		.byte	0x9f
 1114 0019 00000000 		.4byte	0
 1115 001d 00000000 		.4byte	0
 1116              	.LLST1:
 1117 0021 00000000 		.4byte	.LVL0
 1118 0025 06000000 		.4byte	.LVL1
 1119 0029 0100     		.2byte	0x1
 1120 002b 51       		.byte	0x51
ARM GAS  C:\Users\sergio\AppData\Local\Temp\ccIOD9UP.s 			page 27


 1121 002c 06000000 		.4byte	.LVL1
 1122 0030 09000000 		.4byte	.LVL2-1
 1123 0034 0100     		.2byte	0x1
 1124 0036 52       		.byte	0x52
 1125 0037 09000000 		.4byte	.LVL2-1
 1126 003b 0C000000 		.4byte	.LFE2
 1127 003f 0400     		.2byte	0x4
 1128 0041 F3       		.byte	0xf3
 1129 0042 01       		.uleb128 0x1
 1130 0043 51       		.byte	0x51
 1131 0044 9F       		.byte	0x9f
 1132 0045 00000000 		.4byte	0
 1133 0049 00000000 		.4byte	0
 1134              	.LLST2:
 1135 004d FA000000 		.4byte	.LVL9
 1136 0051 FE000000 		.4byte	.LVL10
 1137 0055 0200     		.2byte	0x2
 1138 0057 30       		.byte	0x30
 1139 0058 9F       		.byte	0x9f
 1140 0059 FE000000 		.4byte	.LVL10
 1141 005d 1C010000 		.4byte	.LVL12
 1142 0061 0100     		.2byte	0x1
 1143 0063 54       		.byte	0x54
 1144 0064 1E010000 		.4byte	.LVL13
 1145 0068 6E010000 		.4byte	.LVL16
 1146 006c 0100     		.2byte	0x1
 1147 006e 54       		.byte	0x54
 1148 006f 00000000 		.4byte	0
 1149 0073 00000000 		.4byte	0
 1150              	.LLST3:
 1151 0077 FE000000 		.4byte	.LVL10
 1152 007b 1C010000 		.4byte	.LVL12
 1153 007f 0B00     		.2byte	0xb
 1154 0081 74       		.byte	0x74
 1155 0082 00       		.sleb128 0
 1156 0083 36       		.byte	0x36
 1157 0084 1E       		.byte	0x1e
 1158 0085 03       		.byte	0x3
 1159 0086 00000000 		.4byte	cfg_memset_list.4887
 1160 008a 22       		.byte	0x22
 1161 008b 9F       		.byte	0x9f
 1162 008c 1C010000 		.4byte	.LVL12
 1163 0090 1E010000 		.4byte	.LVL13
 1164 0094 0B00     		.2byte	0xb
 1165 0096 74       		.byte	0x74
 1166 0097 7F       		.sleb128 -1
 1167 0098 36       		.byte	0x36
 1168 0099 1E       		.byte	0x1e
 1169 009a 03       		.byte	0x3
 1170 009b 00000000 		.4byte	cfg_memset_list.4887
 1171 009f 22       		.byte	0x22
 1172 00a0 9F       		.byte	0x9f
 1173 00a1 00000000 		.4byte	0
 1174 00a5 00000000 		.4byte	0
 1175              		.section	.debug_aranges,"",%progbits
 1176 0000 34000000 		.4byte	0x34
 1177 0004 0200     		.2byte	0x2
ARM GAS  C:\Users\sergio\AppData\Local\Temp\ccIOD9UP.s 			page 28


 1178 0006 00000000 		.4byte	.Ldebug_info0
 1179 000a 04       		.byte	0x4
 1180 000b 00       		.byte	0
 1181 000c 0000     		.2byte	0
 1182 000e 0000     		.2byte	0
 1183 0010 00000000 		.4byte	.LFB6
 1184 0014 20000000 		.4byte	.LFE6-.LFB6
 1185 0018 00000000 		.4byte	.LFB2
 1186 001c 0C000000 		.4byte	.LFE2-.LFB2
 1187 0020 00000000 		.4byte	.LFB5
 1188 0024 F0000000 		.4byte	.LFE5-.LFB5
 1189 0028 F0000000 		.4byte	.LFB7
 1190 002c BC000000 		.4byte	.LFE7-.LFB7
 1191 0030 00000000 		.4byte	0
 1192 0034 00000000 		.4byte	0
 1193              		.section	.debug_ranges,"",%progbits
 1194              	.Ldebug_ranges0:
 1195 0000 00000000 		.4byte	.LFB6
 1196 0004 20000000 		.4byte	.LFE6
 1197 0008 00000000 		.4byte	.LFB2
 1198 000c 0C000000 		.4byte	.LFE2
 1199 0010 00000000 		.4byte	.LFB5
 1200 0014 F0000000 		.4byte	.LFE5
 1201 0018 F0000000 		.4byte	.LFB7
 1202 001c AC010000 		.4byte	.LFE7
 1203 0020 00000000 		.4byte	0
 1204 0024 00000000 		.4byte	0
 1205              		.section	.debug_line,"",%progbits
 1206              	.Ldebug_line0:
 1207 0000 64010000 		.section	.debug_str,"MS",%progbits,1
 1207      0200E300 
 1207      00000201 
 1207      FB0E0D00 
 1207      01010101 
 1208              	.LASF27:
 1209 0000 43794465 		.ascii	"CyDelayCycles\000"
 1209      6C617943 
 1209      79636C65 
 1209      7300
 1210              	.LASF19:
 1211 000e 72656733 		.ascii	"reg32\000"
 1211      3200
 1212              	.LASF12:
 1213 0014 73697A65 		.ascii	"size_t\000"
 1213      5F7400
 1214              	.LASF35:
 1215 001b 416E616C 		.ascii	"AnalogSetDefault\000"
 1215      6F675365 
 1215      74446566 
 1215      61756C74 
 1215      00
 1216              	.LASF25:
 1217 002c 6366675F 		.ascii	"cfg_memset_list\000"
 1217      6D656D73 
 1217      65745F6C 
 1217      69737400 
 1218              	.LASF21:
ARM GAS  C:\Users\sergio\AppData\Local\Temp\ccIOD9UP.s 			page 29


 1219 003c 436C6F63 		.ascii	"ClockSetup\000"
 1219      6B536574 
 1219      757000
 1220              	.LASF6:
 1221 0047 73686F72 		.ascii	"short unsigned int\000"
 1221      7420756E 
 1221      7369676E 
 1221      65642069 
 1221      6E7400
 1222              	.LASF16:
 1223 005a 666C6F61 		.ascii	"float\000"
 1223      7400
 1224              	.LASF34:
 1225 0060 433A5C55 		.ascii	"C:\\Users\\sergio\\Documents\\PSoC Creator\\NewBLE_"
 1225      73657273 
 1225      5C736572 
 1225      67696F5C 
 1225      446F6375 
 1226 008e 54657374 		.ascii	"Test\\SDBLEE.cydsn\000"
 1226      5C534442 
 1226      4C45452E 
 1226      63796473 
 1226      6E00
 1227              	.LASF23:
 1228 00a0 73697A65 		.ascii	"size\000"
 1228      00
 1229              	.LASF28:
 1230 00a5 43795379 		.ascii	"CySysClkWcoSetPowerMode\000"
 1230      73436C6B 
 1230      57636F53 
 1230      6574506F 
 1230      7765724D 
 1231              	.LASF18:
 1232 00bd 72656738 		.ascii	"reg8\000"
 1232      00
 1233              	.LASF8:
 1234 00c2 6C6F6E67 		.ascii	"long unsigned int\000"
 1234      20756E73 
 1234      69676E65 
 1234      6420696E 
 1234      7400
 1235              	.LASF13:
 1236 00d4 75696E74 		.ascii	"uint8\000"
 1236      3800
 1237              	.LASF26:
 1238 00da 43795379 		.ascii	"CySysClkWcoStart\000"
 1238      73436C6B 
 1238      57636F53 
 1238      74617274 
 1238      00
 1239              	.LASF20:
 1240 00eb 43594D45 		.ascii	"CYMEMZERO\000"
 1240      4D5A4552 
 1240      4F00
 1241              	.LASF4:
 1242 00f5 756E7369 		.ascii	"unsigned char\000"
 1242      676E6564 
ARM GAS  C:\Users\sergio\AppData\Local\Temp\ccIOD9UP.s 			page 30


 1242      20636861 
 1242      7200
 1243              	.LASF37:
 1244 0103 6D656D73 		.ascii	"memset\000"
 1244      657400
 1245              	.LASF17:
 1246 010a 646F7562 		.ascii	"double\000"
 1246      6C6500
 1247              	.LASF36:
 1248 0111 63796669 		.ascii	"cyfitter_cfg\000"
 1248      74746572 
 1248      5F636667 
 1248      00
 1249              	.LASF14:
 1250 011e 75696E74 		.ascii	"uint16\000"
 1250      313600
 1251              	.LASF15:
 1252 0125 75696E74 		.ascii	"uint32\000"
 1252      333200
 1253              	.LASF0:
 1254 012c 756E7369 		.ascii	"unsigned int\000"
 1254      676E6564 
 1254      20696E74 
 1254      00
 1255              	.LASF22:
 1256 0139 61646472 		.ascii	"address\000"
 1256      65737300 
 1257              	.LASF9:
 1258 0141 6C6F6E67 		.ascii	"long long unsigned int\000"
 1258      206C6F6E 
 1258      6720756E 
 1258      7369676E 
 1258      65642069 
 1259              	.LASF32:
 1260 0158 474E5520 		.ascii	"GNU C11 5.4.1 20160609 (release) [ARM/embedded-5-br"
 1260      43313120 
 1260      352E342E 
 1260      31203230 
 1260      31363036 
 1261 018b 616E6368 		.ascii	"anch revision 237715] -mcpu=cortex-m0 -mthumb -g -O"
 1261      20726576 
 1261      6973696F 
 1261      6E203233 
 1261      37373135 
 1262 01be 67202D66 		.ascii	"g -ffunction-sections -ffat-lto-objects\000"
 1262      66756E63 
 1262      74696F6E 
 1262      2D736563 
 1262      74696F6E 
 1263              	.LASF24:
 1264 01e6 6366675F 		.ascii	"cfg_memset_t\000"
 1264      6D656D73 
 1264      65745F74 
 1264      00
 1265              	.LASF10:
 1266 01f3 73697A65 		.ascii	"sizetype\000"
 1266      74797065 
ARM GAS  C:\Users\sergio\AppData\Local\Temp\ccIOD9UP.s 			page 31


 1266      00
 1267              	.LASF1:
 1268 01fc 6C6F6E67 		.ascii	"long long int\000"
 1268      206C6F6E 
 1268      6720696E 
 1268      7400
 1269              	.LASF31:
 1270 020a 43794465 		.ascii	"CyDelayUs\000"
 1270      6C617955 
 1270      7300
 1271              	.LASF11:
 1272 0214 63686172 		.ascii	"char\000"
 1272      00
 1273              	.LASF30:
 1274 0219 43795379 		.ascii	"CySysClkEcoStart\000"
 1274      73436C6B 
 1274      45636F53 
 1274      74617274 
 1274      00
 1275              	.LASF5:
 1276 022a 73686F72 		.ascii	"short int\000"
 1276      7420696E 
 1276      7400
 1277              	.LASF29:
 1278 0234 43795379 		.ascii	"CySysClkWriteImoFreq\000"
 1278      73436C6B 
 1278      57726974 
 1278      65496D6F 
 1278      46726571 
 1279              	.LASF7:
 1280 0249 6C6F6E67 		.ascii	"long int\000"
 1280      20696E74 
 1280      00
 1281              	.LASF2:
 1282 0252 6C6F6E67 		.ascii	"long double\000"
 1282      20646F75 
 1282      626C6500 
 1283              	.LASF3:
 1284 025e 7369676E 		.ascii	"signed char\000"
 1284      65642063 
 1284      68617200 
 1285              	.LASF33:
 1286 026a 47656E65 		.ascii	"Generated_Source\\PSoC4\\cyfitter_cfg.c\000"
 1286      72617465 
 1286      645F536F 
 1286      75726365 
 1286      5C50536F 
 1287              		.ident	"GCC: (GNU Tools for ARM Embedded Processors) 5.4.1 20160609 (release) [ARM/embedded-5-bran
