Archive member included to satisfy reference by file (symbol)

.\CortexM0\ARM_GCC_541\Debug\SDBLEE.a(BLE_1.o)
                              .\CortexM0\ARM_GCC_541\Debug\main.o (CyBle_Start)
.\CortexM0\ARM_GCC_541\Debug\SDBLEE.a(BLE_1_gatt.o)
                              .\CortexM0\ARM_GCC_541\Debug\main.o (cyBle_state)
.\CortexM0\ARM_GCC_541\Debug\SDBLEE.a(BLE_1_eventHandler.o)
                              .\CortexM0\ARM_GCC_541\Debug\main.o (cyBle_connHandle)
.\CortexM0\ARM_GCC_541\Debug\SDBLEE.a(BLE_1_custom.o)
                              .\CortexM0\ARM_GCC_541\Debug\SDBLEE.a(BLE_1.o) (CyBle_CustomInit)
.\CortexM0\ARM_GCC_541\Debug\SDBLEE.a(CyLib.o)
                              .\CortexM0\ARM_GCC_541\Debug\cyfitter_cfg.o (CySysClkWriteImoFreq)
.\CortexM0\ARM_GCC_541\Debug\SDBLEE.a(CyLFClk.o)
                              .\CortexM0\ARM_GCC_541\Debug\cyfitter_cfg.o (CySysClkWcoStart)
.\CortexM0\ARM_GCC_541\Debug\SDBLEE.a(UART_1.o)
                              .\CortexM0\ARM_GCC_541\Debug\main.o (UART_1_Start)
.\CortexM0\ARM_GCC_541\Debug\SDBLEE.a(isr_1.o)
                              .\CortexM0\ARM_GCC_541\Debug\main.o (isr_1_StartEx)
.\CortexM0\ARM_GCC_541\Debug\SDBLEE.a(Blue.o)
                              .\CortexM0\ARM_GCC_541\Debug\main.o (Blue_Write)
.\CortexM0\ARM_GCC_541\Debug\SDBLEE.a(Red.o)
                              .\CortexM0\ARM_GCC_541\Debug\main.o (Red_Write)
.\CortexM0\ARM_GCC_541\Debug\SDBLEE.a(Green.o)
                              .\CortexM0\ARM_GCC_541\Debug\main.o (Green_Write)
.\CortexM0\ARM_GCC_541\Debug\SDBLEE.a(I2C_1.o)
                              .\CortexM0\ARM_GCC_541\Debug\main.o (I2C_1_Start)
.\CortexM0\ARM_GCC_541\Debug\SDBLEE.a(I2C_1_I2C.o)
                              .\CortexM0\ARM_GCC_541\Debug\SDBLEE.a(I2C_1.o) (I2C_1_I2CInit)
.\CortexM0\ARM_GCC_541\Debug\SDBLEE.a(I2C_1_I2C_MASTER.o)
                              .\CortexM0\ARM_GCC_541\Debug\SDBLEE.a(I2C_1_I2C.o) (I2C_1_mstrRdBufIndex)
.\CortexM0\ARM_GCC_541\Debug\SDBLEE.a(CE_Pin.o)
                              .\CortexM0\ARM_GCC_541\Debug\main.o (CE_Pin_Write)
.\CortexM0\ARM_GCC_541\Debug\SDBLEE.a(Volt_Regulator.o)
                              .\CortexM0\ARM_GCC_541\Debug\main.o (Volt_Regulator_Start)
.\CortexM0\ARM_GCC_541\Debug\SDBLEE.a(Volt_Regulator_INT.o)
                              .\CortexM0\ARM_GCC_541\Debug\SDBLEE.a(Volt_Regulator.o) (Volt_Regulator_ISR)
.\CortexM0\ARM_GCC_541\Debug\SDBLEE.a(CyBootAsmGnu.o)
                              .\CortexM0\ARM_GCC_541\Debug\cyfitter_cfg.o (CyDelayCycles)
.\CortexM0\ARM_GCC_541\Debug\SDBLEE.a(UART_1_AsmGnu.o)
                              .\CortexM0\ARM_GCC_541\Debug\SDBLEE.a(UART_1.o) (UART_1_PutChar)
.\CortexM0\ARM_GCC_541\Debug\SDBLEE.a(I2C_1_I2C_INT.o)
                              .\CortexM0\ARM_GCC_541\Debug\SDBLEE.a(I2C_1_I2C.o) (I2C_1_I2C_ISR)
..\..\4.2\Downloads ( 4.2).cylib\BLE_v3_61\Library\gccCyBLEStack_BLE_SOC_PERIPHERAL.a(CyBle.o)
                              .\CortexM0\ARM_GCC_541\Debug\SDBLEE.a(BLE_1_eventHandler.o) (CyBle_EnableDefaultDevicePrivacy)
..\..\4.2\Downloads ( 4.2).cylib\BLE_v3_61\Library\gccCyBLEStack_BLE_SOC_PERIPHERAL.a(CyBleStackMgrIP_Interface.o)
                              ..\..\4.2\Downloads ( 4.2).cylib\BLE_v3_61\Library\gccCyBLEStack_BLE_SOC_PERIPHERAL.a(CyBle.o) (CyBleStackMgr_Init)
..\..\4.2\Downloads ( 4.2).cylib\BLE_v3_61\Library\gccCyBLEStack_BLE_SOC_PERIPHERAL.a(BT_os.o)
                              ..\..\4.2\Downloads ( 4.2).cylib\BLE_v3_61\Library\gccCyBLEStack_BLE_SOC_PERIPHERAL.a(CyBleStackMgrIP_Interface.o) (cyBleStackMemoryConfig)
..\..\4.2\Downloads ( 4.2).cylib\BLE_v3_61\Library\gccCyBLEStack_BLE_SOC_PERIPHERAL.a(BT_timer.o)
                              ..\..\4.2\Downloads ( 4.2).cylib\BLE_v3_61\Library\gccCyBLEStack_BLE_SOC_PERIPHERAL.a(CyBleStackMgrIP_Interface.o) (timer_init)
..\..\4.2\Downloads ( 4.2).cylib\BLE_v3_61\Library\gccCyBLEStack_BLE_SOC_PERIPHERAL.a(CyBleStackMgr_StackTaskHandler.o)
                              ..\..\4.2\Downloads ( 4.2).cylib\BLE_v3_61\Library\gccCyBLEStack_BLE_SOC_PERIPHERAL.a(BT_timer.o) (BLE_STACK_TASK_EVT)
..\..\4.2\Downloads ( 4.2).cylib\BLE_v3_61\Library\gccCyBLEStack_BLE_SOC_PERIPHERAL.a(transport_sf.o)
                              ..\..\4.2\Downloads ( 4.2).cylib\BLE_v3_61\Library\gccCyBLEStack_BLE_SOC_PERIPHERAL.a(CyBleStackMgr_StackTaskHandler.o) (hci_soft_transport_notify_data_received)
..\..\4.2\Downloads ( 4.2).cylib\BLE_v3_61\Library\gccCyBLEStack_BLE_SOC_PERIPHERAL.a(CyBleStackMgr_PSoCHal.o)
                              ..\..\4.2\Downloads ( 4.2).cylib\BLE_v3_61\Library\gccCyBLEStack_BLE_SOC_PERIPHERAL.a(BT_timer.o) (CyBleStackMgr_GetTime)
..\..\4.2\Downloads ( 4.2).cylib\BLE_v3_61\Library\gccCyBLEStack_BLE_SOC_PERIPHERAL.a(CyBleStackMgr_BleSSDriver.o)
                              ..\..\4.2\Downloads ( 4.2).cylib\BLE_v3_61\Library\gccCyBLEStack_BLE_SOC_PERIPHERAL.a(CyBleStackMgrIP_Interface.o) (CyBleStackMgr_BleSSInit)
[...]
Memory Configuration

Name             Origin             Length             Attributes
rom              0x00000000         0x00020000         xr
ram              0x20000000         0x00004000         xrw
*default*        0x00000000         0xffffffff

Linker script and memory map

LOAD c:/program files (x86)/cypress/psoc creator/4.2/psoc creator/import/gnu/arm/5.4.1/bin/../lib/gcc/arm-none-eabi/5.4.1/armv6-m/crti.o
LOAD c:/program files (x86)/cypress/psoc creator/4.2/psoc creator/import/gnu/arm/5.4.1/bin/../lib/gcc/arm-none-eabi/5.4.1/armv6-m/crtbegin.o
LOAD c:/program files (x86)/cypress/psoc creator/4.2/psoc creator/import/gnu/arm/5.4.1/bin/../lib/gcc/arm-none-eabi/5.4.1/../../../../arm-none-eabi/lib/armv6-m/crt0.o
START GROUP
LOAD .\CortexM0\ARM_GCC_541\Debug\main.o
LOAD .\CortexM0\ARM_GCC_541\Debug\SD_I2C.o
LOAD .\CortexM0\ARM_GCC_541\Debug\cyfitter_cfg.o
LOAD .\CortexM0\ARM_GCC_541\Debug\cymetadata.o
LOAD .\CortexM0\ARM_GCC_541\Debug\Cm0Start.o
LOAD .\CortexM0\ARM_GCC_541\Debug\SDBLEE.a
LOAD ..\..\4.2\Downloads ( 4.2).cylib\BLE_v3_61\Library\gccCyBLEStack_BLE_SOC_PERIPHERAL.a
END GROUP
START GROUP
LOAD c:/program files (x86)/cypress/psoc creator/4.2/psoc creator/import/gnu/arm/5.4.1/bin/../lib/gcc/arm-none-eabi/5.4.1/armv6-m\libgcc.a
LOAD c:/program files (x86)/cypress/psoc creator/4.2/psoc creator/import/gnu/arm/5.4.1/bin/../lib/gcc/arm-none-eabi/5.4.1/../../../../arm-none-eabi/lib/armv6-m\libg_nano.a
LOAD c:/program files (x86)/cypress/psoc creator/4.2/psoc creator/import/gnu/arm/5.4.1/bin/../lib/gcc/arm-none-eabi/5.4.1/../../../../arm-none-eabi/lib/armv6-m\libc_nano.a
END GROUP
START GROUP
LOAD c:/program files (x86)/cypress/psoc creator/4.2/psoc creator/import/gnu/arm/5.4.1/bin/../lib/gcc/arm-none-eabi/5.4.1/armv6-m\libgcc.a
LOAD c:/program files (x86)/cypress/psoc creator/4.2/psoc creator/import/gnu/arm/5.4.1/bin/../lib/gcc/arm-none-eabi/5.4.1/../../../../arm-none-eabi/lib/armv6-m\libc_nano.a
END GROUP
LOAD c:/program files (x86)/cypress/psoc creator/4.2/psoc creator/import/gnu/arm/5.4.1/bin/../lib/gcc/arm-none-eabi/5.4.1/armv6-m/crtend.o
LOAD c:/program files (x86)/cypress/psoc creator/4.2/psoc creator/import/gnu/arm/5.4.1/bin/../lib/gcc/arm-none-eabi/5.4.1/armv6-m/crtn.o
START GROUP
LOAD c:/program files (x86)/cypress/psoc creator/4.2/psoc creator/import/gnu/arm/5.4.1/bin/../lib/gcc/arm-none-eabi/5.4.1/armv6-m\libgcc.a
LOAD c:/program files (x86)/cypress/psoc creator/4.2/psoc creator/import/gnu/arm/5.4.1/bin/../lib/gcc/arm-none-eabi/5.4.1/../../../../arm-none-eabi/lib/armv6-m\libc.a
LOAD c:/program files (x86)/cypress/psoc creator/4.2/psoc creator/import/gnu/arm/5.4.1/bin/../lib/gcc/arm-none-eabi/5.4.1/../../../../arm-none-eabi/lib/armv6-m\libnosys.a
END GROUP
                0x00000000                CY_APPL_ORIGIN = 0x0
                0x00000080                CY_FLASH_ROW_SIZE = 0x80
                0x00000001                CY_APPL_NUM = 0x1
                0x00000001                CY_APPL_MAX = 0x1
                0x00000040                CY_METADATA_SIZE = 0x40
                0x00000000                CY_APPL_LOADABLE = 0x0
                0x00000000                CY_CHECKSUM_EXCLUDE_SIZE = ALIGN (0x0, CY_FLASH_ROW_SIZE)
                0x00000000                CY_APP_FOR_STACK_AND_COPIER = 0x0
                [!provide]                PROVIDE (__cy_heap_start, _end)
                0x00000001                PROVIDE (__cy_region_num, ((__cy_regions_end - __cy_regions) / 0x10))
                0x20004000                PROVIDE (__cy_stack, (ORIGIN (ram) + LENGTH (ram)))
                [!provide]                PROVIDE (__cy_heap_end, (__cy_stack - 0x800))

.cybootloader   0x00000000        0x0
 *(.cybootloader)
                0x00000000                appl1_start = CY_APPL_ORIGIN?CY_APPL_ORIGIN:ALIGN (CY_FLASH_ROW_SIZE)
                0x0000ff80                appl2_start = (appl1_start + ALIGN ((((LENGTH (rom) - appl1_start) - (0x2 * CY_FLASH_ROW_SIZE)) / 0x2), CY_FLASH_ROW_SIZE))
                0x00000000                appl_start = (CY_APPL_NUM == 0x1)?appl1_start:appl2_start
                0x00000001                cy_project_type_bootloader = (appl_start == 0x0)?0x1:0x0
                0x00000000                cy_project_type_app_for_stack_and_copier = (CY_APP_FOR_STACK_AND_COPIER == 0x1)?0x1:0x0

.text           0x00000000     0x2d3c
 CREATE_OBJECT_SYMBOLS
                0x00000000                PROVIDE (__cy_interrupt_vector, RomVectors)
 *(.romvectors)
 .romvectors    0x00000000       0x10 .\CortexM0\ARM_GCC_541\Debug\Cm0Start.o
                0x00000000                RomVectors
                0x00000001                ASSERT ((. != __cy_interrupt_vector), No interrupt vector)
                0x00000001                ASSERT (CY_APPL_ORIGIN?(SIZEOF (.cybootloader) <= CY_APPL_ORIGIN):0x1, Wrong image location)
                0x00000010                PROVIDE (__cy_reset, Reset)
 *(.text.Reset)
 .text.Reset    0x00000010        0x8 .\CortexM0\ARM_GCC_541\Debug\Cm0Start.o
                0x00000010                Reset
                0x00000001                ASSERT ((. != __cy_reset), No reset code)
 *(.psocinit)
 .psocinit      0x00000018      0x1fc .\CortexM0\ARM_GCC_541\Debug\cyfitter_cfg.o
                0x00000128                cyfitter_cfg
                0x00000214                . = MAX (., 0x100)
 *(.text .text.* .gnu.linkonce.t.*)
 .text          0x00000214       0x60 c:/program files (x86)/cypress/psoc creator/4.2/psoc creator/import/gnu/arm/5.4.1/bin/../lib/gcc/arm-none-eabi/5.4.1/armv6-m/crtbegin.o
 .text.updateThermostatData
                0x00000274       0x2c .\CortexM0\ARM_GCC_541\Debug\main.o
                0x00000274                updateThermostatData
 .text.bleStack
                0x000002a0       0xbc .\CortexM0\ARM_GCC_541\Debug\main.o
                0x000002a0                bleStack
 .text.SendDataNotify
                0x0000035c       0x2c .\CortexM0\ARM_GCC_541\Debug\main.o
                0x0000035c                SendDataNotify
 .text.updateNotificationCCCD
                0x00000388       0x40 .\CortexM0\ARM_GCC_541\Debug\main.o
                0x00000388                updateNotificationCCCD
 .text.randomNum
                0x000003c8       0x14 .\CortexM0\ARM_GCC_541\Debug\main.o
                0x000003c8                randomNum
 .text.wdtSleepInt
                0x000003dc       0x30 .\CortexM0\ARM_GCC_541\Debug\main.o
                0x000003dc                wdtSleepInt
 .text.check_sensors
                0x0000040c       0x88 .\CortexM0\ARM_GCC_541\Debug\main.o
                0x0000040c                check_sensors
 .text.main     0x00000494      0x110 .\CortexM0\ARM_GCC_541\Debug\main.o
                0x00000494                main
 .text.Read_sensor_word
                0x000005a4       0x48 .\CortexM0\ARM_GCC_541\Debug\SD_I2C.o
                0x000005a4                Read_sensor_word
 .text.Read_sensor_byte
                0x000005ec       0x44 .\CortexM0\ARM_GCC_541\Debug\SD_I2C.o
                0x000005ec                Read_sensor_byte
 .text.humidity_sensor_ID
                0x00000630       0x6c .\CortexM0\ARM_GCC_541\Debug\SD_I2C.o
                0x00000630                humidity_sensor_ID
 .text.temperature_TI431_sensor_ID
                0x0000069c       0x14 .\CortexM0\ARM_GCC_541\Debug\SD_I2C.o
                0x0000069c                temperature_TI431_sensor_ID
 .text.temperature_TI432_sensor_ID
                0x000006b0       0x14 .\CortexM0\ARM_GCC_541\Debug\SD_I2C.o
                0x000006b0                temperature_TI432_sensor_ID
 .text.current_voltage_sensor_ID
                0x000006c4       0x10 .\CortexM0\ARM_GCC_541\Debug\SD_I2C.o
                0x000006c4                current_voltage_sensor_ID
 .text.accelerametor_sensor_ID
                0x000006d4       0x14 .\CortexM0\ARM_GCC_541\Debug\SD_I2C.o
                0x000006d4                accelerametor_sensor_ID
 .text.CYMEMZERO
                0x000006e8        0xc .\CortexM0\ARM_GCC_541\Debug\cyfitter_cfg.o
 .text.SetAnalogRoutingPumps
                0x000006f4       0x20 .\CortexM0\ARM_GCC_541\Debug\cyfitter_cfg.o
                0x000006f4                SetAnalogRoutingPumps
 .text.AnalogSetDefault
                0x00000714       0x3c .\CortexM0\ARM_GCC_541\Debug\cyfitter_cfg.o
 .text.IntDefaultHandler
                0x00000750       0x10 .\CortexM0\ARM_GCC_541\Debug\Cm0Start.o
                0x00000750                IntDefaultHandler
 .text._sbrk    0x00000760       0x30 .\CortexM0\ARM_GCC_541\Debug\Cm0Start.o
                0x00000760                _sbrk
 .text.Start_c  0x00000790       0x48 .\CortexM0\ARM_GCC_541\Debug\Cm0Start.o
                0x00000790                Start_c
 .text.initialize_psoc
                0x000007d8       0x4c .\CortexM0\ARM_GCC_541\Debug\Cm0Start.o
                0x000007d8                initialize_psoc
 .text.CyBle_ServiceInit
                0x00000824        0x8 .\CortexM0\ARM_GCC_541\Debug\SDBLEE.a(BLE_1.o)
                0x00000824                CyBle_ServiceInit
 .text.CyBle_Init
                0x0000082c       0x34 .\CortexM0\ARM_GCC_541\Debug\SDBLEE.a(BLE_1.o)
                0x0000082c                CyBle_Init
 .text.CyBle_Start
                0x00000860       0xac .\CortexM0\ARM_GCC_541\Debug\SDBLEE.a(BLE_1.o)
                0x00000860                CyBle_Start
 .text.CyBle_GappStartAdvertisement
                0x0000090c       0x90 .\CortexM0\ARM_GCC_541\Debug\SDBLEE.a(BLE_1.o)
                0x0000090c                CyBle_GappStartAdvertisement
 .text.CyBle_GappStopAdvertisement
                0x0000099c       0x18 .\CortexM0\ARM_GCC_541\Debug\SDBLEE.a(BLE_1.o)
                0x0000099c                CyBle_GappStopAdvertisement
 .text.CyBle_ChangeAdDeviceAddress
                0x000009b4        0x4 .\CortexM0\ARM_GCC_541\Debug\SDBLEE.a(BLE_1.o)
                0x000009b4                CyBle_ChangeAdDeviceAddress
 .text.CyBle_Get16ByPtr
                0x000009b8        0xc .\CortexM0\ARM_GCC_541\Debug\SDBLEE.a(BLE_1.o)
                0x000009b8                CyBle_Get16ByPtr
 .text.CyBle_GattsWriteEventHandler
                0x000009c4       0x58 .\CortexM0\ARM_GCC_541\Debug\SDBLEE.a(BLE_1_gatt.o)
                0x000009c4                CyBle_GattsWriteEventHandler
 .text.CyBle_GattDisconnectEventHandler
                0x00000a1c       0x10 .\CortexM0\ARM_GCC_541\Debug\SDBLEE.a(BLE_1_eventHandler.o)
 .text.CyBle_WriteReqHandler
                0x00000a2c       0x38 .\CortexM0\ARM_GCC_541\Debug\SDBLEE.a(BLE_1_eventHandler.o)
 .text.CyBle_IsDeviceAddressValid
                0x00000a64       0x24 .\CortexM0\ARM_GCC_541\Debug\SDBLEE.a(BLE_1_eventHandler.o)
                0x00000a64                CyBle_IsDeviceAddressValid
 .text.CyBle_EventHandler
                0x00000a88      0x2bc .\CortexM0\ARM_GCC_541\Debug\SDBLEE.a(BLE_1_eventHandler.o)
                0x00000a88                CyBle_EventHandler
 .text.CyBle_CustomInit
                0x00000d44        0x4 .\CortexM0\ARM_GCC_541\Debug\SDBLEE.a(BLE_1_custom.o)
                0x00000d44                CyBle_CustomInit
 .text.CySysClkWriteImoFreq
                0x00000d48       0x64 .\CortexM0\ARM_GCC_541\Debug\SDBLEE.a(CyLib.o)
                0x00000d48                CySysClkWriteImoFreq
 .text.CySysClkEcoReadStatus
                0x00000dac       0x10 .\CortexM0\ARM_GCC_541\Debug\SDBLEE.a(CyLib.o)
                0x00000dac                CySysClkEcoReadStatus
 .text.CyIntEnable
                0x00000dbc       0x14 .\CortexM0\ARM_GCC_541\Debug\SDBLEE.a(CyLib.o)
                0x00000dbc                CyIntEnable
 .text.CyIntDisable
                0x00000dd0       0x14 .\CortexM0\ARM_GCC_541\Debug\SDBLEE.a(CyLib.o)
                0x00000dd0                CyIntDisable
 .text.CyHalt   0x00000de4        0x4 .\CortexM0\ARM_GCC_541\Debug\SDBLEE.a(CyLib.o)
                0x00000de4                CyHalt
 .text.CyIntSetVector
                0x00000de8       0x24 .\CortexM0\ARM_GCC_541\Debug\SDBLEE.a(CyLib.o)
                0x00000de8                CyIntSetVector
 .text.CyIntSetPriority
                0x00000e0c       0x4c .\CortexM0\ARM_GCC_541\Debug\SDBLEE.a(CyLib.o)
                0x00000e0c                CyIntSetPriority
 .text.CyDelay  0x00000e58       0x30 .\CortexM0\ARM_GCC_541\Debug\SDBLEE.a(CyLib.o)
                0x00000e58                CyDelay
 .text.CyDelayUs
                0x00000e88       0x14 .\CortexM0\ARM_GCC_541\Debug\SDBLEE.a(CyLib.o)
                0x00000e88                CyDelayUs
 .text.CySysClkEcoStart
                0x00000e9c       0x54 .\CortexM0\ARM_GCC_541\Debug\SDBLEE.a(CyLib.o)
                0x00000e9c                CySysClkEcoStart
 .text.CySysWdtLocked
                0x00000ef0       0x14 .\CortexM0\ARM_GCC_541\Debug\SDBLEE.a(CyLFClk.o)
 .text.CySysClkWcoStart
                0x00000f04       0x40 .\CortexM0\ARM_GCC_541\Debug\SDBLEE.a(CyLFClk.o)
                0x00000f04                CySysClkWcoStart
 .text.CySysClkWcoSetPowerMode
                0x00000f44       0x80 .\CortexM0\ARM_GCC_541\Debug\SDBLEE.a(CyLFClk.o)
                0x00000f44                CySysClkWcoSetPowerMode
 .text.CySysWdtLock
                0x00000fc4       0x1c .\CortexM0\ARM_GCC_541\Debug\SDBLEE.a(CyLFClk.o)
                0x00000fc4                CySysWdtLock
 .text.CySysWdtUnlock
                0x00000fe0       0x30 .\CortexM0\ARM_GCC_541\Debug\SDBLEE.a(CyLFClk.o)
                0x00000fe0                CySysWdtUnlock
 .text.CySysWdtGetEnabledStatus
                0x00001010       0x24 .\CortexM0\ARM_GCC_541\Debug\SDBLEE.a(CyLFClk.o)
                0x00001010                CySysWdtGetEnabledStatus
 .text.CySysWdtEnable
                0x00001034       0x3c .\CortexM0\ARM_GCC_541\Debug\SDBLEE.a(CyLFClk.o)
                0x00001034                CySysWdtEnable
 .text.CySysWdtClearInterrupt
                0x00001070       0x4c .\CortexM0\ARM_GCC_541\Debug\SDBLEE.a(CyLFClk.o)
                0x00001070                CySysWdtClearInterrupt
 .text.UART_1_Start
                0x000010bc        0x4 .\CortexM0\ARM_GCC_541\Debug\SDBLEE.a(UART_1.o)
                0x000010bc                UART_1_Start
 .text.isr_1_SetVector
                0x000010c0        0xc .\CortexM0\ARM_GCC_541\Debug\SDBLEE.a(isr_1.o)
                0x000010c0                isr_1_SetVector
 .text.isr_1_SetPriority
                0x000010cc       0x20 .\CortexM0\ARM_GCC_541\Debug\SDBLEE.a(isr_1.o)
                0x000010cc                isr_1_SetPriority
 .text.isr_1_Enable
                0x000010ec       0x10 .\CortexM0\ARM_GCC_541\Debug\SDBLEE.a(isr_1.o)
                0x000010ec                isr_1_Enable
 .text.isr_1_Disable
                0x000010fc       0x10 .\CortexM0\ARM_GCC_541\Debug\SDBLEE.a(isr_1.o)
                0x000010fc                isr_1_Disable
 .text.isr_1_StartEx
                0x0000110c       0x1c .\CortexM0\ARM_GCC_541\Debug\SDBLEE.a(isr_1.o)
                0x0000110c                isr_1_StartEx
 .text.Blue_Write
                0x00001128       0x18 .\CortexM0\ARM_GCC_541\Debug\SDBLEE.a(Blue.o)
                0x00001128                Blue_Write
 .text.Red_Write
                0x00001140       0x18 .\CortexM0\ARM_GCC_541\Debug\SDBLEE.a(Red.o)
                0x00001140                Red_Write
 .text.Green_Write
                0x00001158       0x18 .\CortexM0\ARM_GCC_541\Debug\SDBLEE.a(Green.o)
                0x00001158                Green_Write
 .text.I2C_1_ScbEnableIntr
                0x00001170        0xc .\CortexM0\ARM_GCC_541\Debug\SDBLEE.a(I2C_1.o)
 .text.I2C_1_Init
                0x0000117c        0x8 .\CortexM0\ARM_GCC_541\Debug\SDBLEE.a(I2C_1.o)
                0x0000117c                I2C_1_Init
 .text.I2C_1_Enable
                0x00001184       0x18 .\CortexM0\ARM_GCC_541\Debug\SDBLEE.a(I2C_1.o)
                0x00001184                I2C_1_Enable
 .text.I2C_1_Start
                0x0000119c       0x20 .\CortexM0\ARM_GCC_541\Debug\SDBLEE.a(I2C_1.o)
                0x0000119c                I2C_1_Start
 .text.I2C_1_I2CInit
                0x000011bc       0xb8 .\CortexM0\ARM_GCC_541\Debug\SDBLEE.a(I2C_1_I2C.o)
                0x000011bc                I2C_1_I2CInit
 .text.I2C_1_I2CFwBlockReset
                0x00001274       0x5c .\CortexM0\ARM_GCC_541\Debug\SDBLEE.a(I2C_1_I2C.o)
                0x00001274                I2C_1_I2CFwBlockReset
 .text.I2C_1_I2CMasterStatus
                0x000012d0       0x30 .\CortexM0\ARM_GCC_541\Debug\SDBLEE.a(I2C_1_I2C_MASTER.o)
                0x000012d0                I2C_1_I2CMasterStatus
 .text.I2C_1_I2CReStartGeneration
                0x00001300       0x20 .\CortexM0\ARM_GCC_541\Debug\SDBLEE.a(I2C_1_I2C_MASTER.o)
                0x00001300                I2C_1_I2CReStartGeneration
 .text.I2C_1_I2CMasterWriteBuf
                0x00001320       0xf8 .\CortexM0\ARM_GCC_541\Debug\SDBLEE.a(I2C_1_I2C_MASTER.o)
                0x00001320                I2C_1_I2CMasterWriteBuf
 .text.I2C_1_I2CMasterReadBuf
                0x00001418      0x108 .\CortexM0\ARM_GCC_541\Debug\SDBLEE.a(I2C_1_I2C_MASTER.o)
                0x00001418                I2C_1_I2CMasterReadBuf
 .text.CE_Pin_Write
                0x00001520       0x18 .\CortexM0\ARM_GCC_541\Debug\SDBLEE.a(CE_Pin.o)
                0x00001520                CE_Pin_Write
 .text.Volt_Regulator_Init
                0x00001538      0x108 .\CortexM0\ARM_GCC_541\Debug\SDBLEE.a(Volt_Regulator.o)
                0x00001538                Volt_Regulator_Init
 .text.Volt_Regulator_Enable
                0x00001640       0x30 .\CortexM0\ARM_GCC_541\Debug\SDBLEE.a(Volt_Regulator.o)
                0x00001640                Volt_Regulator_Enable
 .text.Volt_Regulator_Start
                0x00001670       0x20 .\CortexM0\ARM_GCC_541\Debug\SDBLEE.a(Volt_Regulator.o)
                0x00001670                Volt_Regulator_Start
 .text.Volt_Regulator_GetResult16
                0x00001690       0x2c .\CortexM0\ARM_GCC_541\Debug\SDBLEE.a(Volt_Regulator.o)
                0x00001690                Volt_Regulator_GetResult16
 .text.Volt_Regulator_CountsTo_Volts
                0x000016bc       0x48 .\CortexM0\ARM_GCC_541\Debug\SDBLEE.a(Volt_Regulator.o)
                0x000016bc                Volt_Regulator_CountsTo_Volts
 .text.Volt_Regulator_ISR
                0x00001704        0xc .\CortexM0\ARM_GCC_541\Debug\SDBLEE.a(Volt_Regulator_INT.o)
                0x00001704                Volt_Regulator_ISR
 .text          0x00001710       0x20 .\CortexM0\ARM_GCC_541\Debug\SDBLEE.a(CyBootAsmGnu.o)
                0x00001710                CyDelayCycles
                0x00001722                CyEnterCriticalSection
                0x0000172a                CyExitCriticalSection
 .text.I2C_1_I2C_ISR
                0x00001730      0x340 .\CortexM0\ARM_GCC_541\Debug\SDBLEE.a(I2C_1_I2C_INT.o)
                0x00001730                I2C_1_I2C_ISR
 .text.CyBLE_Bless_LlRegWrite
                0x00001a70        0x4 .\CortexM0\ARM_GCC_541\Debug\SDBLEE.a(BLE_1_HAL_PVT.o)
                0x00001a70                CyBLE_Bless_LlRegWrite
 .text.CyBLE_Bless_RfRegWrite
                0x00001a74        0x4 .\CortexM0\ARM_GCC_541\Debug\SDBLEE.a(BLE_1_HAL_PVT.o)
                0x00001a74                CyBLE_Bless_RfRegWrite
 .text.CyBLE_BlessDeviceConfig
                0x00001a78      0x134 .\CortexM0\ARM_GCC_541\Debug\SDBLEE.a(BLE_1_HAL_PVT.o)
                0x00001a78                CyBLE_BlessDeviceConfig
 .text.CyBleHal_DelayUs
                0x00001bac        0x8 .\CortexM0\ARM_GCC_541\Debug\SDBLEE.a(BLE_1_HAL_PVT.o)
                0x00001bac                CyBleHal_DelayUs
 .text.CyBleHal_DelayMs
                0x00001bb4        0x8 .\CortexM0\ARM_GCC_541\Debug\SDBLEE.a(BLE_1_HAL_PVT.o)
                0x00001bb4                CyBleHal_DelayMs
 .text.CyBleHal_EnableGlobalInterrupts
                0x00001bbc        0x8 .\CortexM0\ARM_GCC_541\Debug\SDBLEE.a(BLE_1_HAL_PVT.o)
                0x00001bbc                CyBleHal_EnableGlobalInterrupts
 .text.CyBleHal_DisableGlobalInterrupts
                0x00001bc4        0x8 .\CortexM0\ARM_GCC_541\Debug\SDBLEE.a(BLE_1_HAL_PVT.o)
                0x00001bc4                CyBleHal_DisableGlobalInterrupts
 .text.CyBle_HalInit
                0x00001bcc       0x18 .\CortexM0\ARM_GCC_541\Debug\SDBLEE.a(BLE_1_HAL_PVT.o)
                0x00001bcc                CyBle_HalInit
 .text.CYBLE_BlessStart
                0x00001be4       0x10 .\CortexM0\ARM_GCC_541\Debug\SDBLEE.a(BLE_1_HAL_PVT.o)
                0x00001be4                CYBLE_BlessStart
 .text.CyBLE_GetIpBlockVersion
                0x00001bf4        0x8 .\CortexM0\ARM_GCC_541\Debug\SDBLEE.a(BLE_1_HAL_PVT.o)
                0x00001bf4                CyBLE_GetIpBlockVersion
 .text.CyBle_Hal_pairing_local_public_key_handler
                0x00001bfc        0x4 .\CortexM0\ARM_GCC_541\Debug\SDBLEE.a(BLE_1_HAL_PVT.o)
                0x00001bfc                CyBle_Hal_pairing_local_public_key_handler
 .text.CyBle_Hal_pairing_remote_key_handler
                0x00001c00        0x4 .\CortexM0\ARM_GCC_541\Debug\SDBLEE.a(BLE_1_HAL_PVT.o)
                0x00001c00                CyBle_Hal_pairing_remote_key_handler
 .text.CyBle_Hal_pairing_dhkey_handler
                0x00001c04        0x4 .\CortexM0\ARM_GCC_541\Debug\SDBLEE.a(BLE_1_HAL_PVT.o)
                0x00001c04                CyBle_Hal_pairing_dhkey_handler
 .text.CyBle_Hal_pairing_dhkey_check_handler
                0x00001c08        0x4 .\CortexM0\ARM_GCC_541\Debug\SDBLEE.a(BLE_1_HAL_PVT.o)
                0x00001c08                CyBle_Hal_pairing_dhkey_check_handler
 .text.CyBle_Hal_pairing_keypress_notification_handler
                0x00001c0c        0x4 .\CortexM0\ARM_GCC_541\Debug\SDBLEE.a(BLE_1_HAL_PVT.o)
                0x00001c0c                CyBle_Hal_pairing_keypress_notification_handler
 .text.CyBle_Hal_pairing_rand_handler
                0x00001c10        0x4 .\CortexM0\ARM_GCC_541\Debug\SDBLEE.a(BLE_1_HAL_PVT.o)
                0x00001c10                CyBle_Hal_pairing_rand_handler
 .text.CyBle_Hal_pairing_confirm_handler
                0x00001c14        0x4 .\CortexM0\ARM_GCC_541\Debug\SDBLEE.a(BLE_1_HAL_PVT.o)
                0x00001c14                CyBle_Hal_pairing_confirm_handler
 .text.CyBle_Hal_pairing_lr_confirming_handler
                0x00001c18        0x4 .\CortexM0\ARM_GCC_541\Debug\SDBLEE.a(BLE_1_HAL_PVT.o)
                0x00001c18                CyBle_Hal_pairing_lr_confirming_handler
 .text.CyBle_Hal_pairing_sc_tbx_local_pubkey_generate_complete
                0x00001c1c        0x4 .\CortexM0\ARM_GCC_541\Debug\SDBLEE.a(BLE_1_HAL_PVT.o)
                0x00001c1c                CyBle_Hal_pairing_sc_tbx_local_pubkey_generate_complete
 .text.CyBle_Hal_pairing_sc_generate_local_P256_public_key
                0x00001c20        0x4 .\CortexM0\ARM_GCC_541\Debug\SDBLEE.a(BLE_1_HAL_PVT.o)
                0x00001c20                CyBle_Hal_pairing_sc_generate_local_P256_public_key
 .text.CyBle_Hal_se_smp_sc_user_passkey_handler
                0x00001c24        0x4 .\CortexM0\ARM_GCC_541\Debug\SDBLEE.a(BLE_1_HAL_PVT.o)
                0x00001c24                CyBle_Hal_se_smp_sc_user_passkey_handler
 .text.CyBle_Hal_EccPointMult
                0x00001c28        0x4 .\CortexM0\ARM_GCC_541\Debug\SDBLEE.a(BLE_1_HAL_PVT.o)
                0x00001c28                CyBle_Hal_EccPointMult
 .text.BLE_1_bless_isr_SetVector
                0x00001c2c        0xc .\CortexM0\ARM_GCC_541\Debug\SDBLEE.a(BLE_1_bless_isr.o)
                0x00001c2c                BLE_1_bless_isr_SetVector
 .text.BLE_1_bless_isr_SetPriority
                0x00001c38       0x20 .\CortexM0\ARM_GCC_541\Debug\SDBLEE.a(BLE_1_bless_isr.o)
                0x00001c38                BLE_1_bless_isr_SetPriority
 .text.BLE_1_bless_isr_Enable
                0x00001c58       0x10 .\CortexM0\ARM_GCC_541\Debug\SDBLEE.a(BLE_1_bless_isr.o)
                0x00001c58                BLE_1_bless_isr_Enable
 .text.BLE_1_bless_isr_Disable
                0x00001c68       0x10 .\CortexM0\ARM_GCC_541\Debug\SDBLEE.a(BLE_1_bless_isr.o)
                0x00001c68                BLE_1_bless_isr_Disable
 .text.BLE_1_bless_isr_StartEx
                0x00001c78       0x1c .\CortexM0\ARM_GCC_541\Debug\SDBLEE.a(BLE_1_bless_isr.o)
                0x00001c78                BLE_1_bless_isr_StartEx
 .text.CySysPmSleep
                0x00001c94       0x1c .\CortexM0\ARM_GCC_541\Debug\SDBLEE.a(cyPm.o)
                0x00001c94                CySysPmSleep
 .text.CyBLE_Bless_Interrupt
                0x00001cb0        0x8 .\CortexM0\ARM_GCC_541\Debug\SDBLEE.a(BLE_1_HAL_INT.o)
                0x00001cb0                CyBLE_Bless_Interrupt
 .text          0x00001cb8      0x114 c:/program files (x86)/cypress/psoc creator/4.2/psoc creator/import/gnu/arm/5.4.1/bin/../lib/gcc/arm-none-eabi/5.4.1/armv6-m\libgcc.a(_udivsi3.o)
                0x00001cb8                __aeabi_uidiv
                0x00001cb8                __udivsi3
                0x00001dc4                __aeabi_uidivmod
 .text          0x00001dcc      0x1d4 c:/program files (x86)/cypress/psoc creator/4.2/psoc creator/import/gnu/arm/5.4.1/bin/../lib/gcc/arm-none-eabi/5.4.1/armv6-m\libgcc.a(_divsi3.o)
                0x00001dcc                __divsi3
                0x00001dcc                __aeabi_idiv
                0x00001f98                __aeabi_idivmod
 .text          0x00001fa0        0x4 c:/program files (x86)/cypress/psoc creator/4.2/psoc creator/import/gnu/arm/5.4.1/bin/../lib/gcc/arm-none-eabi/5.4.1/armv6-m\libgcc.a(_dvmd_tls.o)
                0x00001fa0                __aeabi_idiv0
                0x00001fa0                __aeabi_ldiv0
 .text          0x00001fa4       0x58 c:/program files (x86)/cypress/psoc creator/4.2/psoc creator/import/gnu/arm/5.4.1/bin/../lib/gcc/arm-none-eabi/5.4.1/armv6-m\libgcc.a(_muldi3.o)
                0x00001fa4                __muldi3
                0x00001fa4                __aeabi_lmul
 .text          0x00001ffc       0x30 c:/program files (x86)/cypress/psoc creator/4.2/psoc creator/import/gnu/arm/5.4.1/bin/../lib/gcc/arm-none-eabi/5.4.1/armv6-m\libgcc.a(_fixunssfsi.o)
                0x00001ffc                __fixunssfsi
                0x00001ffc                __aeabi_f2uiz
 .text          0x0000202c      0x234 c:/program files (x86)/cypress/psoc creator/4.2/psoc creator/import/gnu/arm/5.4.1/bin/../lib/gcc/arm-none-eabi/5.4.1/armv6-m\libgcc.a(divsf3.o)
                0x0000202c                __aeabi_fdiv
 .text          0x00002260      0x228 c:/program files (x86)/cypress/psoc creator/4.2/psoc creator/import/gnu/arm/5.4.1/bin/../lib/gcc/arm-none-eabi/5.4.1/armv6-m\libgcc.a(mulsf3.o)
                0x00002260                __aeabi_fmul
 .text          0x00002488      0x30c c:/program files (x86)/cypress/psoc creator/4.2/psoc creator/import/gnu/arm/5.4.1/bin/../lib/gcc/arm-none-eabi/5.4.1/armv6-m\libgcc.a(subsf3.o)
                0x00002488                __aeabi_fsub
 .text          0x00002794       0x44 c:/program files (x86)/cypress/psoc creator/4.2/psoc creator/import/gnu/arm/5.4.1/bin/../lib/gcc/arm-none-eabi/5.4.1/armv6-m\libgcc.a(fixsfsi.o)
                0x00002794                __aeabi_f2iz
 .text          0x000027d8       0x90 c:/program files (x86)/cypress/psoc creator/4.2/psoc creator/import/gnu/arm/5.4.1/bin/../lib/gcc/arm-none-eabi/5.4.1/armv6-m\libgcc.a(floatsisf.o)
                0x000027d8                __aeabi_i2f
 .text          0x00002868       0x74 c:/program files (x86)/cypress/psoc creator/4.2/psoc creator/import/gnu/arm/5.4.1/bin/../lib/gcc/arm-none-eabi/5.4.1/armv6-m\libgcc.a(_arm_cmpsf2.o)
                0x00002868                __aeabi_cfrcmple
                0x00002870                __aeabi_cfcmpeq
                0x00002870                __aeabi_cfcmple
                0x00002880                __aeabi_fcmpeq
                0x0000288c                __aeabi_fcmplt
                0x000028a0                __aeabi_fcmple
                0x000028b4                __aeabi_fcmpgt
                0x000028c8                __aeabi_fcmpge
 .text          0x000028dc       0x3c c:/program files (x86)/cypress/psoc creator/4.2/psoc creator/import/gnu/arm/5.4.1/bin/../lib/gcc/arm-none-eabi/5.4.1/armv6-m\libgcc.a(_clzsi2.o)
                0x000028dc                __clzsi2
 .text          0x00002918       0x50 c:/program files (x86)/cypress/psoc creator/4.2/psoc creator/import/gnu/arm/5.4.1/bin/../lib/gcc/arm-none-eabi/5.4.1/armv6-m\libgcc.a(eqsf2.o)
                0x00002918                __eqsf2
                0x00002918                __nesf2
 .text          0x00002968       0x88 c:/program files (x86)/cypress/psoc creator/4.2/psoc creator/import/gnu/arm/5.4.1/bin/../lib/gcc/arm-none-eabi/5.4.1/armv6-m\libgcc.a(gesf2.o)
                0x00002968                __gesf2
                0x00002968                __gtsf2
 .text          0x000029f0       0x88 c:/program files (x86)/cypress/psoc creator/4.2/psoc creator/import/gnu/arm/5.4.1/bin/../lib/gcc/arm-none-eabi/5.4.1/armv6-m\libgcc.a(lesf2.o)
                0x000029f0                __ltsf2
                0x000029f0                __lesf2
 .text.__errno  0x00002a78        0xc c:/program files (x86)/cypress/psoc creator/4.2/psoc creator/import/gnu/arm/5.4.1/bin/../lib/gcc/arm-none-eabi/5.4.1/../../../../arm-none-eabi/lib/armv6-m\libg_nano.a(lib_a-errno.o)
                0x00002a78                __errno
 .text.__libc_init_array
                0x00002a84       0x4c c:/program files (x86)/cypress/psoc creator/4.2/psoc creator/import/gnu/arm/5.4.1/bin/../lib/gcc/arm-none-eabi/5.4.1/../../../../arm-none-eabi/lib/armv6-m\libg_nano.a(lib_a-init.o)
                0x00002a84                __libc_init_array
 .text.memcmp   0x00002ad0       0x1e c:/program files (x86)/cypress/psoc creator/4.2/psoc creator/import/gnu/arm/5.4.1/bin/../lib/gcc/arm-none-eabi/5.4.1/../../../../arm-none-eabi/lib/armv6-m\libg_nano.a(lib_a-memcmp.o)
                0x00002ad0                memcmp
 .text.memcpy   0x00002aee       0x12 c:/program files (x86)/cypress/psoc creator/4.2/psoc creator/import/gnu/arm/5.4.1/bin/../lib/gcc/arm-none-eabi/5.4.1/../../../../arm-none-eabi/lib/armv6-m\libg_nano.a(lib_a-memcpy-stub.o)
                0x00002aee                memcpy
 .text.memset   0x00002b00       0x10 c:/program files (x86)/cypress/psoc creator/4.2/psoc creator/import/gnu/arm/5.4.1/bin/../lib/gcc/arm-none-eabi/5.4.1/../../../../arm-none-eabi/lib/armv6-m\libg_nano.a(lib_a-memset.o)
                0x00002b00                memset
 .text.srand    0x00002b10       0x5c c:/program files (x86)/cypress/psoc creator/4.2/psoc creator/import/gnu/arm/5.4.1/bin/../lib/gcc/arm-none-eabi/5.4.1/../../../../arm-none-eabi/lib/armv6-m\libg_nano.a(lib_a-rand.o)
                0x00002b10                srand
 .text.rand     0x00002b6c       0x78 c:/program files (x86)/cypress/psoc creator/4.2/psoc creator/import/gnu/arm/5.4.1/bin/../lib/gcc/arm-none-eabi/5.4.1/../../../../arm-none-eabi/lib/armv6-m\libg_nano.a(lib_a-rand.o)
                0x00002b6c                rand
 .text.time     0x00002be4       0x28 c:/program files (x86)/cypress/psoc creator/4.2/psoc creator/import/gnu/arm/5.4.1/bin/../lib/gcc/arm-none-eabi/5.4.1/../../../../arm-none-eabi/lib/armv6-m\libg_nano.a(lib_a-time.o)
                0x00002be4                time
 .text._gettimeofday_r
                0x00002c0c       0x24 c:/program files (x86)/cypress/psoc creator/4.2/psoc creator/import/gnu/arm/5.4.1/bin/../lib/gcc/arm-none-eabi/5.4.1/../../../../arm-none-eabi/lib/armv6-m\libg_nano.a(lib_a-gettimeofdayr.o)
                0x00002c0c                _gettimeofday_r
 .text.malloc   0x00002c30       0x14 c:/program files (x86)/cypress/psoc creator/4.2/psoc creator/import/gnu/arm/5.4.1/bin/../lib/gcc/arm-none-eabi/5.4.1/../../../../arm-none-eabi/lib/armv6-m\libg_nano.a(lib_a-malloc.o)
                0x00002c30                malloc
 .text._malloc_r
                0x00002c44       0xc0 c:/program files (x86)/cypress/psoc creator/4.2/psoc creator/import/gnu/arm/5.4.1/bin/../lib/gcc/arm-none-eabi/5.4.1/../../../../arm-none-eabi/lib/armv6-m\libg_nano.a(lib_a-nano-mallocr.o)
                0x00002c44                _malloc_r
 .text._sbrk_r  0x00002d04       0x24 c:/program files (x86)/cypress/psoc creator/4.2/psoc creator/import/gnu/arm/5.4.1/bin/../lib/gcc/arm-none-eabi/5.4.1/../../../../arm-none-eabi/lib/armv6-m\libg_nano.a(lib_a-sbrkr.o)
                0x00002d04                _sbrk_r
 .text.__malloc_lock
                0x00002d28        0x2 c:/program files (x86)/cypress/psoc creator/4.2/psoc creator/import/gnu/arm/5.4.1/bin/../lib/gcc/arm-none-eabi/5.4.1/../../../../arm-none-eabi/lib/armv6-m\libg_nano.a(lib_a-mlock.o)
                0x00002d28                __malloc_lock
 .text.__malloc_unlock
                0x00002d2a        0x2 c:/program files (x86)/cypress/psoc creator/4.2/psoc creator/import/gnu/arm/5.4.1/bin/../lib/gcc/arm-none-eabi/5.4.1/../../../../arm-none-eabi/lib/armv6-m\libg_nano.a(lib_a-mlock.o)
                0x00002d2a                __malloc_unlock
 .text._gettimeofday
                0x00002d2c       0x10 c:/program files (x86)/cypress/psoc creator/4.2/psoc creator/import/gnu/arm/5.4.1/bin/../lib/gcc/arm-none-eabi/5.4.1/../../../../arm-none-eabi/lib/armv6-m\libnosys.a(gettod.o)
                0x00002d2c                _gettimeofday
 *(.plt)
 *(.gnu.warning)
 *(.glue_7t)
 .glue_7t       0x00002d3c        0x0 linker stubs
 *(.glue_7)
 .glue_7        0x00002d3c        0x0 linker stubs
 *(.vfp11_veneer)
 .vfp11_veneer  0x00002d3c        0x0 linker stubs
 *(.bootloader)
 *(.ARM.extab* .gnu.linkonce.armextab.*)
 *(.gcc_except_table)

.v4_bx          0x00002d3c        0x0
 .v4_bx         0x00002d3c        0x0 linker stubs

.iplt           0x00002d3c        0x0
 .iplt          0x00002d3c        0x0 c:/program files (x86)/cypress/psoc creator/4.2/psoc creator/import/gnu/arm/5.4.1/bin/../lib/gcc/arm-none-eabi/5.4.1/armv6-m/crtbegin.o

i.CyBle_ControllerGetFeatureHeapReq
                0x00002d3c       0x58
 i.CyBle_ControllerGetFeatureHeapReq
                0x00002d3c       0x58 ..\..\4.2\Downloads ( 4.2).cylib\BLE_v3_61\Library\gccCyBLEStack_BLE_SOC_PERIPHERAL.a(CyBle.o)
                0x00002d3c                CyBle_ControllerGetFeatureHeapReq

i.CyBle_EnableDefaultDevicePrivacy
                0x00002d94        0x8
 i.CyBle_EnableDefaultDevicePrivacy
                0x00002d94        0x8 ..\..\4.2\Downloads ( 4.2).cylib\BLE_v3_61\Library\gccCyBLEStack_BLE_SOC_PERIPHERAL.a(CyBle.o)
                0x00002d94                CyBle_EnableDefaultDevicePrivacy

i.CyBle_ExitLPM
                0x00002d9c        0x8
 i.CyBle_ExitLPM
                0x00002d9c        0x8 ..\..\4.2\Downloads ( 4.2).cylib\BLE_v3_61\Library\gccCyBLEStack_BLE_SOC_PERIPHERAL.a(CyBle.o)
                0x00002d9c                CyBle_ExitLPM

i.CyBle_ProcessEvents
                0x00002da4        0x8
 i.CyBle_ProcessEvents
                0x00002da4        0x8 ..\..\4.2\Downloads ( 4.2).cylib\BLE_v3_61\Library\gccCyBLEStack_BLE_SOC_PERIPHERAL.a(CyBle.o)
                0x00002da4                CyBle_ProcessEvents

i.CyBle_SetDeviceAddress
                0x00002dac       0x24
 i.CyBle_SetDeviceAddress
                0x00002dac       0x24 ..\..\4.2\Downloads ( 4.2).cylib\BLE_v3_61\Library\gccCyBLEStack_BLE_SOC_PERIPHERAL.a(CyBle.o)
                0x00002dac                CyBle_SetDeviceAddress

i.CyBle_StackGetFeatureConfig
                0x00002dd0       0x38
 i.CyBle_StackGetFeatureConfig
                0x00002dd0       0x38 ..\..\4.2\Downloads ( 4.2).cylib\BLE_v3_61\Library\gccCyBLEStack_BLE_SOC_PERIPHERAL.a(CyBle.o)
                0x00002dd0                CyBle_StackGetFeatureConfig

i.CyBle_StackInit
                0x00002e08      0x154
 i.CyBle_StackInit
                0x00002e08      0x154 ..\..\4.2\Downloads ( 4.2).cylib\BLE_v3_61\Library\gccCyBLEStack_BLE_SOC_PERIPHERAL.a(CyBle.o)
                0x00002e08                CyBle_StackInit

i.CyBle_StackSetFeatureConfig
                0x00002f5c       0xe8
 i.CyBle_StackSetFeatureConfig
                0x00002f5c       0xe8 ..\..\4.2\Downloads ( 4.2).cylib\BLE_v3_61\Library\gccCyBLEStack_BLE_SOC_PERIPHERAL.a(CyBle.o)
                0x00002f5c                CyBle_StackSetFeatureConfig

i.CyBle_StackValidateInputParams
                0x00003044       0xf4
 i.CyBle_StackValidateInputParams
                0x00003044       0xf4 ..\..\4.2\Downloads ( 4.2).cylib\BLE_v3_61\Library\gccCyBLEStack_BLE_SOC_PERIPHERAL.a(CyBle.o)

i.__ARM_common_switch8
                0x00003138       0x1a
 i.__ARM_common_switch8
                0x00003138       0x1a ..\..\4.2\Downloads ( 4.2).cylib\BLE_v3_61\Library\gccCyBLEStack_BLE_SOC_PERIPHERAL.a(CyBle.o)
                0x00003138                __ARM_common_switch8

i.CyBleStackMgr_Init
                0x00003154      0x10c
 i.CyBleStackMgr_Init
                0x00003154      0x10c ..\..\4.2\Downloads ( 4.2).cylib\BLE_v3_61\Library\gccCyBLEStack_BLE_SOC_PERIPHERAL.a(CyBleStackMgrIP_Interface.o)
                0x00003154                CyBleStackMgr_Init

i.CyBleStackMgr_ProcessBleEvents
                0x00003260       0x14
 i.CyBleStackMgr_ProcessBleEvents
                0x00003260       0x14 ..\..\4.2\Downloads ( 4.2).cylib\BLE_v3_61\Library\gccCyBLEStack_BLE_SOC_PERIPHERAL.a(CyBleStackMgrIP_Interface.o)
                0x00003260                CyBleStackMgr_ProcessBleEvents

i.CyBle_GetHeapMemory
                0x00003274       0x28
 i.CyBle_GetHeapMemory
                0x00003274       0x28 ..\..\4.2\Downloads ( 4.2).cylib\BLE_v3_61\Library\gccCyBLEStack_BLE_SOC_PERIPHERAL.a(CyBleStackMgrIP_Interface.o)
                0x00003274                CyBle_GetHeapMemory

i.CyBle_GetNumAppBufferPools
                0x0000329c        0xc
 i.CyBle_GetNumAppBufferPools
                0x0000329c        0xc ..\..\4.2\Downloads ( 4.2).cylib\BLE_v3_61\Library\gccCyBLEStack_BLE_SOC_PERIPHERAL.a(CyBleStackMgrIP_Interface.o)
                0x0000329c                CyBle_GetNumAppBufferPools

i.CyBle_HostStackBufferPoolInit
                0x000032a8       0xec
 i.CyBle_HostStackBufferPoolInit
                0x000032a8       0xec ..\..\4.2\Downloads ( 4.2).cylib\BLE_v3_61\Library\gccCyBLEStack_BLE_SOC_PERIPHERAL.a(CyBleStackMgrIP_Interface.o)

i.ble_stack_idle_task_callback
                0x00003394        0x2
 i.ble_stack_idle_task_callback
                0x00003394        0x2 ..\..\4.2\Downloads ( 4.2).cylib\BLE_v3_61\Library\gccCyBLEStack_BLE_SOC_PERIPHERAL.a(CyBleStackMgrIP_Interface.o)
                0x00003394                ble_stack_idle_task_callback

i.BT_OSFreeBuf  0x00003398       0x20
 i.BT_OSFreeBuf
                0x00003398       0x20 ..\..\4.2\Downloads ( 4.2).cylib\BLE_v3_61\Library\gccCyBLEStack_BLE_SOC_PERIPHERAL.a(BT_os.o)
                0x00003398                BT_OSFreeBuf

i.BT_OSGetBuF   0x000033b8       0x34
 i.BT_OSGetBuF  0x000033b8       0x34 ..\..\4.2\Downloads ( 4.2).cylib\BLE_v3_61\Library\gccCyBLEStack_BLE_SOC_PERIPHERAL.a(BT_os.o)
                0x000033b8                BT_OSGetBuF

i.BT_OSMemCreate
                0x000033ec       0x3c
 i.BT_OSMemCreate
                0x000033ec       0x3c ..\..\4.2\Downloads ( 4.2).cylib\BLE_v3_61\Library\gccCyBLEStack_BLE_SOC_PERIPHERAL.a(BT_os.o)
                0x000033ec                BT_OSMemCreate

i.BT_alloc_mem_ext
                0x00003428       0x3c
 i.BT_alloc_mem_ext
                0x00003428       0x3c ..\..\4.2\Downloads ( 4.2).cylib\BLE_v3_61\Library\gccCyBLEStack_BLE_SOC_PERIPHERAL.a(BT_os.o)
                0x00003428                BT_alloc_mem_ext

i.BT_free_mem   0x00003464        0xc
 i.BT_free_mem  0x00003464        0xc ..\..\4.2\Downloads ( 4.2).cylib\BLE_v3_61\Library\gccCyBLEStack_BLE_SOC_PERIPHERAL.a(BT_os.o)
                0x00003464                BT_free_mem

i.bt_stack_create_buffer_pool
                0x00003470       0x30
 i.bt_stack_create_buffer_pool
                0x00003470       0x30 ..\..\4.2\Downloads ( 4.2).cylib\BLE_v3_61\Library\gccCyBLEStack_BLE_SOC_PERIPHERAL.a(BT_os.o)
                0x00003470                bt_stack_create_buffer_pool

i.BT_start_timer
                0x000034a0       0xa8
 i.BT_start_timer
                0x000034a0       0xa8 ..\..\4.2\Downloads ( 4.2).cylib\BLE_v3_61\Library\gccCyBLEStack_BLE_SOC_PERIPHERAL.a(BT_timer.o)
                0x000034a0                BT_start_timer

i.BT_stop_timer
                0x00003548       0x64
 i.BT_stop_timer
                0x00003548       0x64 ..\..\4.2\Downloads ( 4.2).cylib\BLE_v3_61\Library\gccCyBLEStack_BLE_SOC_PERIPHERAL.a(BT_timer.o)
                0x00003548                BT_stop_timer

i.BT_timer_process_signals
                0x000035ac       0xa4
 i.BT_timer_process_signals
                0x000035ac       0xa4 ..\..\4.2\Downloads ( 4.2).cylib\BLE_v3_61\Library\gccCyBLEStack_BLE_SOC_PERIPHERAL.a(BT_timer.o)
                0x000035ac                BT_timer_process_signals

i.pf_timer_handle_callback
                0x00003650       0x20
 i.pf_timer_handle_callback
                0x00003650       0x20 ..\..\4.2\Downloads ( 4.2).cylib\BLE_v3_61\Library\gccCyBLEStack_BLE_SOC_PERIPHERAL.a(BT_timer.o)
                0x00003650                pf_timer_handle_callback

i.timer_active_entity
                0x00003670       0x24
 i.timer_active_entity
                0x00003670       0x24 ..\..\4.2\Downloads ( 4.2).cylib\BLE_v3_61\Library\gccCyBLEStack_BLE_SOC_PERIPHERAL.a(BT_timer.o)
                0x00003670                timer_active_entity

i.timer_alloc_entity
                0x00003694       0x1c
 i.timer_alloc_entity
                0x00003694       0x1c ..\..\4.2\Downloads ( 4.2).cylib\BLE_v3_61\Library\gccCyBLEStack_BLE_SOC_PERIPHERAL.a(BT_timer.o)
                0x00003694                timer_alloc_entity

i.timer_allocated_entity
                0x000036b0       0x34
 i.timer_allocated_entity
                0x000036b0       0x34 ..\..\4.2\Downloads ( 4.2).cylib\BLE_v3_61\Library\gccCyBLEStack_BLE_SOC_PERIPHERAL.a(BT_timer.o)
                0x000036b0                timer_allocated_entity

i.timer_bt_init
                0x000036e4        0x2
 i.timer_bt_init
                0x000036e4        0x2 ..\..\4.2\Downloads ( 4.2).cylib\BLE_v3_61\Library\gccCyBLEStack_BLE_SOC_PERIPHERAL.a(BT_timer.o)
                0x000036e4                timer_bt_init

i.timer_init    0x000036e8       0x28
 i.timer_init   0x000036e8       0x28 ..\..\4.2\Downloads ( 4.2).cylib\BLE_v3_61\Library\gccCyBLEStack_BLE_SOC_PERIPHERAL.a(BT_timer.o)
                0x000036e8                timer_init

i.timer_update_offsets
                0x00003710       0x2c
 i.timer_update_offsets
                0x00003710       0x2c ..\..\4.2\Downloads ( 4.2).cylib\BLE_v3_61\Library\gccCyBLEStack_BLE_SOC_PERIPHERAL.a(BT_timer.o)

i.CyBle_CheckBleStackTaskStatus
                0x0000373c        0x4
 i.CyBle_CheckBleStackTaskStatus
                0x0000373c        0x4 ..\..\4.2\Downloads ( 4.2).cylib\BLE_v3_61\Library\gccCyBLEStack_BLE_SOC_PERIPHERAL.a(CyBleStackMgr_StackTaskHandler.o)
                0x0000373c                CyBle_CheckBleStackTaskStatus

i.CyBle_CreateBleStackTask
                0x00003740       0x2c
 i.CyBle_CreateBleStackTask
                0x00003740       0x2c ..\..\4.2\Downloads ( 4.2).cylib\BLE_v3_61\Library\gccCyBLEStack_BLE_SOC_PERIPHERAL.a(CyBleStackMgr_StackTaskHandler.o)
                0x00003740                CyBle_CreateBleStackTask

i.CyBle_SignalBleStackTask
                0x0000376c       0x50
 i.CyBle_SignalBleStackTask
                0x0000376c       0x50 ..\..\4.2\Downloads ( 4.2).cylib\BLE_v3_61\Library\gccCyBLEStack_BLE_SOC_PERIPHERAL.a(CyBleStackMgr_StackTaskHandler.o)
                0x0000376c                CyBle_SignalBleStackTask

i.CyBle_StackTaskHandler
                0x000037bc       0x64
 i.CyBle_StackTaskHandler
                0x000037bc       0x64 ..\..\4.2\Downloads ( 4.2).cylib\BLE_v3_61\Library\gccCyBLEStack_BLE_SOC_PERIPHERAL.a(CyBleStackMgr_StackTaskHandler.o)
                0x000037bc                CyBle_StackTaskHandler

i.hci_soft_transport_notify_data_received
                0x00003820        0xc
 i.hci_soft_transport_notify_data_received
                0x00003820        0xc ..\..\4.2\Downloads ( 4.2).cylib\BLE_v3_61\Library\gccCyBLEStack_BLE_SOC_PERIPHERAL.a(transport_sf.o)
                0x00003820                hci_soft_transport_notify_data_received

i.hci_soft_transport_rx_data
                0x0000382c       0x40
 i.hci_soft_transport_rx_data
                0x0000382c       0x40 ..\..\4.2\Downloads ( 4.2).cylib\BLE_v3_61\Library\gccCyBLEStack_BLE_SOC_PERIPHERAL.a(transport_sf.o)
                0x0000382c                hci_soft_transport_rx_data

i.hci_transport_bt_init
                0x0000386c        0x2
 i.hci_transport_bt_init
                0x0000386c        0x2 ..\..\4.2\Downloads ( 4.2).cylib\BLE_v3_61\Library\gccCyBLEStack_BLE_SOC_PERIPHERAL.a(transport_sf.o)
                0x0000386c                hci_transport_bt_init

i.hci_transport_init
                0x00003870       0x10
 i.hci_transport_init
                0x00003870       0x10 ..\..\4.2\Downloads ( 4.2).cylib\BLE_v3_61\Library\gccCyBLEStack_BLE_SOC_PERIPHERAL.a(transport_sf.o)
                0x00003870                hci_transport_init

i.hci_transport_write_data
                0x00003880       0xd4
 i.hci_transport_write_data
                0x00003880       0xd4 ..\..\4.2\Downloads ( 4.2).cylib\BLE_v3_61\Library\gccCyBLEStack_BLE_SOC_PERIPHERAL.a(transport_sf.o)
                0x00003880                hci_transport_write_data

i.pf_hci_soft_transport_write
                0x00003954       0x44
 i.pf_hci_soft_transport_write
                0x00003954       0x44 ..\..\4.2\Downloads ( 4.2).cylib\BLE_v3_61\Library\gccCyBLEStack_BLE_SOC_PERIPHERAL.a(transport_sf.o)
                0x00003954                pf_hci_soft_transport_write

i.pf_soft_hci_transport_init
                0x00003998        0xc
 i.pf_soft_hci_transport_init
                0x00003998        0xc ..\..\4.2\Downloads ( 4.2).cylib\BLE_v3_61\Library\gccCyBLEStack_BLE_SOC_PERIPHERAL.a(transport_sf.o)
                0x00003998                pf_soft_hci_transport_init

i.CyBleStackMgr_GetTime
                0x000039a4       0x14
 i.CyBleStackMgr_GetTime
                0x000039a4       0x14 ..\..\4.2\Downloads ( 4.2).cylib\BLE_v3_61\Library\gccCyBLEStack_BLE_SOC_PERIPHERAL.a(CyBleStackMgr_PSoCHal.o)
                0x000039a4                CyBleStackMgr_GetTime

i.CyBleStackMgr_HalInit
                0x000039b8       0x24
 i.CyBleStackMgr_HalInit
                0x000039b8       0x24 ..\..\4.2\Downloads ( 4.2).cylib\BLE_v3_61\Library\gccCyBLEStack_BLE_SOC_PERIPHERAL.a(CyBleStackMgr_PSoCHal.o)
                0x000039b8                CyBleStackMgr_HalInit

i.CyBleStackMgr_HalIntrEnable
                0x000039dc        0x8
 i.CyBleStackMgr_HalIntrEnable
                0x000039dc        0x8 ..\..\4.2\Downloads ( 4.2).cylib\BLE_v3_61\Library\gccCyBLEStack_BLE_SOC_PERIPHERAL.a(CyBleStackMgr_PSoCHal.o)
                0x000039dc                CyBleStackMgr_HalIntrEnable

i.CyBleStackMgr_HandleLinkLayerTick
                0x000039e4       0x5c
 i.CyBleStackMgr_HandleLinkLayerTick
                0x000039e4       0x5c ..\..\4.2\Downloads ( 4.2).cylib\BLE_v3_61\Library\gccCyBLEStack_BLE_SOC_PERIPHERAL.a(CyBleStackMgr_PSoCHal.o)
                0x000039e4                CyBleStackMgr_HandleLinkLayerTick

i.CyBleStackMgr_HciPortInit
                0x00003a40        0xc
 i.CyBleStackMgr_HciPortInit
                0x00003a40        0xc ..\..\4.2\Downloads ( 4.2).cylib\BLE_v3_61\Library\gccCyBLEStack_BLE_SOC_PERIPHERAL.a(CyBleStackMgr_PSoCHal.o)
                0x00003a40                CyBleStackMgr_HciPortInit

i.CyBleStackMgr_HciPortReset
                0x00003a4c        0x2
 i.CyBleStackMgr_HciPortReset
                0x00003a4c        0x2 ..\..\4.2\Downloads ( 4.2).cylib\BLE_v3_61\Library\gccCyBLEStack_BLE_SOC_PERIPHERAL.a(CyBleStackMgr_PSoCHal.o)
                0x00003a4c                CyBleStackMgr_HciPortReset

i.CyBleStackMgr_HciPortWrite
                0x00003a4e        0x8
 i.CyBleStackMgr_HciPortWrite
                0x00003a4e        0x8 ..\..\4.2\Downloads ( 4.2).cylib\BLE_v3_61\Library\gccCyBLEStack_BLE_SOC_PERIPHERAL.a(CyBleStackMgr_PSoCHal.o)
                0x00003a4e                CyBleStackMgr_HciPortWrite

i.CyBleStackMgr_ResetLinkLayerTimerEntity
                0x00003a58       0x14
 i.CyBleStackMgr_ResetLinkLayerTimerEntity
                0x00003a58       0x14 ..\..\4.2\Downloads ( 4.2).cylib\BLE_v3_61\Library\gccCyBLEStack_BLE_SOC_PERIPHERAL.a(CyBleStackMgr_PSoCHal.o)
                0x00003a58                CyBleStackMgr_ResetLinkLayerTimerEntity

i.CyBleStackMgr_TimerStart
                0x00003a6c       0x2c
 i.CyBleStackMgr_TimerStart
                0x00003a6c       0x2c ..\..\4.2\Downloads ( 4.2).cylib\BLE_v3_61\Library\gccCyBLEStack_BLE_SOC_PERIPHERAL.a(CyBleStackMgr_PSoCHal.o)
                0x00003a6c                CyBleStackMgr_TimerStart

i.CyBleStackMgr_TimerStop
                0x00003a98       0x18
 i.CyBleStackMgr_TimerStop
                0x00003a98       0x18 ..\..\4.2\Downloads ( 4.2).cylib\BLE_v3_61\Library\gccCyBLEStack_BLE_SOC_PERIPHERAL.a(CyBleStackMgr_PSoCHal.o)
                0x00003a98                CyBleStackMgr_TimerStop

i.CyBleStackMgr_isTimerRunning
                0x00003ab0       0x10
 i.CyBleStackMgr_isTimerRunning
                0x00003ab0       0x10 ..\..\4.2\Downloads ( 4.2).cylib\BLE_v3_61\Library\gccCyBLEStack_BLE_SOC_PERIPHERAL.a(CyBleStackMgr_PSoCHal.o)
                0x00003ab0                CyBleStackMgr_isTimerRunning

i.CyBleAtlantisRadioInit
                0x00003ac0      0x168
 i.CyBleAtlantisRadioInit
                0x00003ac0      0x168 ..\..\4.2\Downloads ( 4.2).cylib\BLE_v3_61\Library\gccCyBLEStack_BLE_SOC_PERIPHERAL.a(CyBleStackMgr_BleSSDriver.o)

i.CyBleStackMgr_BleSSFifoRead
                0x00003c28       0x38
 i.CyBleStackMgr_BleSSFifoRead
                0x00003c28       0x38 ..\..\4.2\Downloads ( 4.2).cylib\BLE_v3_61\Library\gccCyBLEStack_BLE_SOC_PERIPHERAL.a(CyBleStackMgr_BleSSDriver.o)
                0x00003c28                CyBleStackMgr_BleSSFifoRead

i.CyBleStackMgr_BleSSFifoWrite
                0x00003c60       0x30
 i.CyBleStackMgr_BleSSFifoWrite
                0x00003c60       0x30 ..\..\4.2\Downloads ( 4.2).cylib\BLE_v3_61\Library\gccCyBLEStack_BLE_SOC_PERIPHERAL.a(CyBleStackMgr_BleSSDriver.o)
                0x00003c60                CyBleStackMgr_BleSSFifoWrite

i.CyBleStackMgr_BleSSInit
                0x00003c90       0x50
 i.CyBleStackMgr_BleSSInit
                0x00003c90       0x50 ..\..\4.2\Downloads ( 4.2).cylib\BLE_v3_61\Library\gccCyBLEStack_BLE_SOC_PERIPHERAL.a(CyBleStackMgr_BleSSDriver.o)
                0x00003c90                CyBleStackMgr_BleSSInit

i.CyBleStackMgr_BleSSMemRead
                0x00003ce0       0x32
 i.CyBleStackMgr_BleSSMemRead
                0x00003ce0       0x32 ..\..\4.2\Downloads ( 4.2).cylib\BLE_v3_61\Library\gccCyBLEStack_BLE_SOC_PERIPHERAL.a(CyBleStackMgr_BleSSDriver.o)
                0x00003ce0                CyBleStackMgr_BleSSMemRead

i.CyBleStackMgr_BleSSMemWrite
                0x00003d14       0x34
 i.CyBleStackMgr_BleSSMemWrite
                0x00003d14       0x34 ..\..\4.2\Downloads ( 4.2).cylib\BLE_v3_61\Library\gccCyBLEStack_BLE_SOC_PERIPHERAL.a(CyBleStackMgr_BleSSDriver.o)
                0x00003d14                CyBleStackMgr_BleSSMemWrite

i.CyBleStackMgr_BleSSMemWriteFields
                0x00003d48       0x78
 i.CyBleStackMgr_BleSSMemWriteFields
                0x00003d48       0x78 ..\..\4.2\Downloads ( 4.2).cylib\BLE_v3_61\Library\gccCyBLEStack_BLE_SOC_PERIPHERAL.a(CyBleStackMgr_BleSSDriver.o)
                0x00003d48                CyBleStackMgr_BleSSMemWriteFields

i.CyBleStackMgr_BleSSRegRead
                0x00003dc0        0xc
 i.CyBleStackMgr_BleSSRegRead
                0x00003dc0        0xc ..\..\4.2\Downloads ( 4.2).cylib\BLE_v3_61\Library\gccCyBLEStack_BLE_SOC_PERIPHERAL.a(CyBleStackMgr_BleSSDriver.o)
                0x00003dc0                CyBleStackMgr_BleSSRegRead

i.CyBleStackMgr_BleSSReset
                0x00003dcc       0x38
 i.CyBleStackMgr_BleSSReset
                0x00003dcc       0x38 ..\..\4.2\Downloads ( 4.2).cylib\BLE_v3_61\Library\gccCyBLEStack_BLE_SOC_PERIPHERAL.a(CyBleStackMgr_BleSSDriver.o)
                0x00003dcc                CyBleStackMgr_BleSSReset

i.CyBleStackMgr_GenericIface
                0x00003e04       0x3c
 i.CyBleStackMgr_GenericIface
                0x00003e04       0x3c ..\..\4.2\Downloads ( 4.2).cylib\BLE_v3_61\Library\gccCyBLEStack_BLE_SOC_PERIPHERAL.a(CyBleStackMgr_BleSSDriver.o)
                0x00003e04                CyBleStackMgr_GenericIface

i.CyBleStackMgr_HandleBleSSIntr
                0x00003e40       0xa0
 i.CyBleStackMgr_HandleBleSSIntr
                0x00003e40       0xa0 ..\..\4.2\Downloads ( 4.2).cylib\BLE_v3_61\Library\gccCyBLEStack_BLE_SOC_PERIPHERAL.a(CyBleStackMgr_BleSSDriver.o)
                0x00003e40                CyBleStackMgr_HandleBleSSIntr

i.CyBleStackMgr_SetClockParam
                0x00003ee0       0xb4
 i.CyBleStackMgr_SetClockParam
                0x00003ee0       0xb4 ..\..\4.2\Downloads ( 4.2).cylib\BLE_v3_61\Library\gccCyBLEStack_BLE_SOC_PERIPHERAL.a(CyBleStackMgr_BleSSDriver.o)

i.CyBle_ExitDsmMode
                0x00003f94       0x2c
 i.CyBle_ExitDsmMode
                0x00003f94       0x2c ..\..\4.2\Downloads ( 4.2).cylib\BLE_v3_61\Library\gccCyBLEStack_BLE_SOC_PERIPHERAL.a(CyBleStackMgr_BleSSDriver.o)
                0x00003f94                CyBle_ExitDsmMode

i.CyBle_GetBleSsOperationalMode
                0x00003fc0        0xc
 i.CyBle_GetBleSsOperationalMode
                0x00003fc0        0xc ..\..\4.2\Downloads ( 4.2).cylib\BLE_v3_61\Library\gccCyBLEStack_BLE_SOC_PERIPHERAL.a(CyBleStackMgr_BleSSDriver.o)
                0x00003fc0                CyBle_GetBleSsOperationalMode

i.CyBle_GetLpMode
                0x00003fcc       0x26
 i.CyBle_GetLpMode
                0x00003fcc       0x26 ..\..\4.2\Downloads ( 4.2).cylib\BLE_v3_61\Library\gccCyBLEStack_BLE_SOC_PERIPHERAL.a(CyBleStackMgr_BleSSDriver.o)
                0x00003fcc                CyBle_GetLpMode

i.CyBle_GetTxGainMode
                0x00003ff4       0x2c
 i.CyBle_GetTxGainMode
                0x00003ff4       0x2c ..\..\4.2\Downloads ( 4.2).cylib\BLE_v3_61\Library\gccCyBLEStack_BLE_SOC_PERIPHERAL.a(CyBleStackMgr_BleSSDriver.o)
                0x00003ff4                CyBle_GetTxGainMode

i.CyBle_SetBleSsOperationalMode
                0x00004020       0x20
 i.CyBle_SetBleSsOperationalMode
                0x00004020       0x20 ..\..\4.2\Downloads ( 4.2).cylib\BLE_v3_61\Library\gccCyBLEStack_BLE_SOC_PERIPHERAL.a(CyBleStackMgr_BleSSDriver.o)
                0x00004020                CyBle_SetBleSsOperationalMode

i.CyBle_SetEventCloseState
                0x00004040        0xc
 i.CyBle_SetEventCloseState
                0x00004040        0xc ..\..\4.2\Downloads ( 4.2).cylib\BLE_v3_61\Library\gccCyBLEStack_BLE_SOC_PERIPHERAL.a(CyBleStackMgr_BleSSDriver.o)
                0x00004040                CyBle_SetEventCloseState

i.CyBle_SetRxGainMode
                0x0000404c       0x20
 i.CyBle_SetRxGainMode
                0x0000404c       0x20 ..\..\4.2\Downloads ( 4.2).cylib\BLE_v3_61\Library\gccCyBLEStack_BLE_SOC_PERIPHERAL.a(CyBleStackMgr_BleSSDriver.o)
                0x0000404c                CyBle_SetRxGainMode

i.CyBle_SetTxGainMode
                0x0000406c       0x38
 i.CyBle_SetTxGainMode
                0x0000406c       0x38 ..\..\4.2\Downloads ( 4.2).cylib\BLE_v3_61\Library\gccCyBLEStack_BLE_SOC_PERIPHERAL.a(CyBleStackMgr_BleSSDriver.o)
                0x0000406c                CyBle_SetTxGainMode

i.pf_rf_get_abs_rssi
                0x000040a4       0x50
 i.pf_rf_get_abs_rssi
                0x000040a4       0x50 ..\..\4.2\Downloads ( 4.2).cylib\BLE_v3_61\Library\gccCyBLEStack_BLE_SOC_PERIPHERAL.a(CyBleStackMgr_BleSSDriver.o)
                0x000040a4                pf_rf_get_abs_rssi

i.BleStackFlashStorageInit
                0x000040f4       0x84
 i.BleStackFlashStorageInit
                0x000040f4       0x84 ..\..\4.2\Downloads ( 4.2).cylib\BLE_v3_61\Library\gccCyBLEStack_BLE_SOC_PERIPHERAL.a(storage_pl.o)
                0x000040f4                BleStackFlashStorageInit

i.BleStackIsFlashCorrupted
                0x00004178       0x3c
 i.BleStackIsFlashCorrupted
                0x00004178       0x3c ..\..\4.2\Downloads ( 4.2).cylib\BLE_v3_61\Library\gccCyBLEStack_BLE_SOC_PERIPHERAL.a(storage_pl.o)
                0x00004178                BleStackIsFlashCorrupted

i.BleStackWriteToFlashPending
                0x000041b4       0x24
 i.BleStackWriteToFlashPending
                0x000041b4       0x24 ..\..\4.2\Downloads ( 4.2).cylib\BLE_v3_61\Library\gccCyBLEStack_BLE_SOC_PERIPHERAL.a(storage_pl.o)
                0x000041b4                BleStackWriteToFlashPending

i.BleStackWriteToFlashRam
                0x000041d8       0x7c
 i.BleStackWriteToFlashRam
                0x000041d8       0x7c ..\..\4.2\Downloads ( 4.2).cylib\BLE_v3_61\Library\gccCyBLEStack_BLE_SOC_PERIPHERAL.a(storage_pl.o)
                0x000041d8                BleStackWriteToFlashRam

i.calc_checksum
                0x00004254       0x1a
 i.calc_checksum
                0x00004254       0x1a ..\..\4.2\Downloads ( 4.2).cylib\BLE_v3_61\Library\gccCyBLEStack_BLE_SOC_PERIPHERAL.a(storage_pl.o)
                0x00004254                calc_checksum

i.storage_bt_init_pl
                0x00004270       0x30
 i.storage_bt_init_pl
                0x00004270       0x30 ..\..\4.2\Downloads ( 4.2).cylib\BLE_v3_61\Library\gccCyBLEStack_BLE_SOC_PERIPHERAL.a(storage_pl.o)
                0x00004270                storage_bt_init_pl

i.storage_close_pl
                0x000042a0        0x4
 i.storage_close_pl
                0x000042a0        0x4 ..\..\4.2\Downloads ( 4.2).cylib\BLE_v3_61\Library\gccCyBLEStack_BLE_SOC_PERIPHERAL.a(storage_pl.o)
                0x000042a0                storage_close_pl

i.storage_open_pl
                0x000042a4       0x1c
 i.storage_open_pl
                0x000042a4       0x1c ..\..\4.2\Downloads ( 4.2).cylib\BLE_v3_61\Library\gccCyBLEStack_BLE_SOC_PERIPHERAL.a(storage_pl.o)
                0x000042a4                storage_open_pl

i.storage_read_pl
                0x000042c0       0x28
 i.storage_read_pl
                0x000042c0       0x28 ..\..\4.2\Downloads ( 4.2).cylib\BLE_v3_61\Library\gccCyBLEStack_BLE_SOC_PERIPHERAL.a(storage_pl.o)
                0x000042c0                storage_read_pl

i.storage_read_signature_pl
                0x000042e8       0x2c
 i.storage_read_signature_pl
                0x000042e8       0x2c ..\..\4.2\Downloads ( 4.2).cylib\BLE_v3_61\Library\gccCyBLEStack_BLE_SOC_PERIPHERAL.a(storage_pl.o)
                0x000042e8                storage_read_signature_pl

i.storage_register_flash_pointer
                0x00004314       0x20
 i.storage_register_flash_pointer
                0x00004314       0x20 ..\..\4.2\Downloads ( 4.2).cylib\BLE_v3_61\Library\gccCyBLEStack_BLE_SOC_PERIPHERAL.a(storage_pl.o)
                0x00004314                storage_register_flash_pointer

i.storage_reset_storage_offset
                0x00004334       0x10
 i.storage_reset_storage_offset
                0x00004334       0x10 ..\..\4.2\Downloads ( 4.2).cylib\BLE_v3_61\Library\gccCyBLEStack_BLE_SOC_PERIPHERAL.a(storage_pl.o)

i.storage_write_pl
                0x00004344       0x24
 i.storage_write_pl
                0x00004344       0x24 ..\..\4.2\Downloads ( 4.2).cylib\BLE_v3_61\Library\gccCyBLEStack_BLE_SOC_PERIPHERAL.a(storage_pl.o)
                0x00004344                storage_write_pl

i.storage_write_signature_pl
                0x00004368       0x14
 i.storage_write_signature_pl
                0x00004368       0x14 ..\..\4.2\Downloads ( 4.2).cylib\BLE_v3_61\Library\gccCyBLEStack_BLE_SOC_PERIPHERAL.a(storage_pl.o)
                0x00004368                storage_write_signature_pl

i.OS_init       0x0000437c       0x64
 i.OS_init      0x0000437c       0x64 ..\..\4.2\Downloads ( 4.2).cylib\BLE_v3_61\Library\gccCyBLEStack_BLE_SOC_PERIPHERAL.a(mint_os.o)
                0x0000437c                OS_init

i.mintos_malloc
                0x000043e0       0x34
 i.mintos_malloc
                0x000043e0       0x34 ..\..\4.2\Downloads ( 4.2).cylib\BLE_v3_61\Library\gccCyBLEStack_BLE_SOC_PERIPHERAL.a(mint_os.o)
                0x000043e0                mintos_malloc

i.OS_create_queue
                0x00004414       0x64
 i.OS_create_queue
                0x00004414       0x64 ..\..\4.2\Downloads ( 4.2).cylib\BLE_v3_61\Library\gccCyBLEStack_BLE_SOC_PERIPHERAL.a(mint_os_queue.o)
                0x00004414                OS_create_queue

i.OS_enqueue_item
                0x00004478       0x8c
 i.OS_enqueue_item
                0x00004478       0x8c ..\..\4.2\Downloads ( 4.2).cylib\BLE_v3_61\Library\gccCyBLEStack_BLE_SOC_PERIPHERAL.a(mint_os_queue.o)
                0x00004478                OS_enqueue_item

i.OS_queue_get_num_of_items
                0x00004504       0x28
 i.OS_queue_get_num_of_items
                0x00004504       0x28 ..\..\4.2\Downloads ( 4.2).cylib\BLE_v3_61\Library\gccCyBLEStack_BLE_SOC_PERIPHERAL.a(mint_os_queue.o)
                0x00004504                OS_queue_get_num_of_items

i.OS_queue_mgmt_init
                0x0000452c       0x40
 i.OS_queue_mgmt_init
                0x0000452c       0x40 ..\..\4.2\Downloads ( 4.2).cylib\BLE_v3_61\Library\gccCyBLEStack_BLE_SOC_PERIPHERAL.a(mint_os_queue.o)
                0x0000452c                OS_queue_mgmt_init

i.OS_remove_item
                0x0000456c       0xa0
 i.OS_remove_item
                0x0000456c       0xa0 ..\..\4.2\Downloads ( 4.2).cylib\BLE_v3_61\Library\gccCyBLEStack_BLE_SOC_PERIPHERAL.a(mint_os_queue.o)
                0x0000456c                OS_remove_item

i.OS_create_task
                0x0000460c       0x88
 i.OS_create_task
                0x0000460c       0x88 ..\..\4.2\Downloads ( 4.2).cylib\BLE_v3_61\Library\gccCyBLEStack_BLE_SOC_PERIPHERAL.a(mint_os_task.o)
                0x0000460c                OS_create_task

i.OS_isr_send_signal_to_task
                0x00004694        0xc
 i.OS_isr_send_signal_to_task
                0x00004694        0xc ..\..\4.2\Downloads ( 4.2).cylib\BLE_v3_61\Library\gccCyBLEStack_BLE_SOC_PERIPHERAL.a(mint_os_task.o)
                0x00004694                OS_isr_send_signal_to_task

i.OS_scheduler  0x000046a0       0x64
 i.OS_scheduler
                0x000046a0       0x64 ..\..\4.2\Downloads ( 4.2).cylib\BLE_v3_61\Library\gccCyBLEStack_BLE_SOC_PERIPHERAL.a(mint_os_task.o)
                0x000046a0                OS_scheduler

i.OS_send_signal_to_task
                0x00004704        0xc
 i.OS_send_signal_to_task
                0x00004704        0xc ..\..\4.2\Downloads ( 4.2).cylib\BLE_v3_61\Library\gccCyBLEStack_BLE_SOC_PERIPHERAL.a(mint_os_task.o)
                0x00004704                OS_send_signal_to_task

i.OS_send_signal_to_task_context
                0x00004710       0x3c
 i.OS_send_signal_to_task_context
                0x00004710       0x3c ..\..\4.2\Downloads ( 4.2).cylib\BLE_v3_61\Library\gccCyBLEStack_BLE_SOC_PERIPHERAL.a(mint_os_task.o)

i.OS_task_mgmt_init
                0x0000474c       0x50
 i.OS_task_mgmt_init
                0x0000474c       0x50 ..\..\4.2\Downloads ( 4.2).cylib\BLE_v3_61\Library\gccCyBLEStack_BLE_SOC_PERIPHERAL.a(mint_os_task.o)
                0x0000474c                OS_task_mgmt_init

i.mint_buf_mgmt_allocate_buffer
                0x0000479c       0x4c
 i.mint_buf_mgmt_allocate_buffer
                0x0000479c       0x4c ..\..\4.2\Downloads ( 4.2).cylib\BLE_v3_61\Library\gccCyBLEStack_BLE_SOC_PERIPHERAL.a(mint_buf_mgmt.o)
                0x0000479c                mint_buf_mgmt_allocate_buffer

i.mint_buf_mgmt_create_pool
                0x000047e8       0xd0
 i.mint_buf_mgmt_create_pool
                0x000047e8       0xd0 ..\..\4.2\Downloads ( 4.2).cylib\BLE_v3_61\Library\gccCyBLEStack_BLE_SOC_PERIPHERAL.a(mint_buf_mgmt.o)
                0x000047e8                mint_buf_mgmt_create_pool

i.mint_buf_mgmt_free_buffer
                0x000048b8       0xa4
 i.mint_buf_mgmt_free_buffer
                0x000048b8       0xa4 ..\..\4.2\Downloads ( 4.2).cylib\BLE_v3_61\Library\gccCyBLEStack_BLE_SOC_PERIPHERAL.a(mint_buf_mgmt.o)
                0x000048b8                mint_buf_mgmt_free_buffer

i.mint_buf_mgmt_init
                0x0000495c       0x44
 i.mint_buf_mgmt_init
                0x0000495c       0x44 ..\..\4.2\Downloads ( 4.2).cylib\BLE_v3_61\Library\gccCyBLEStack_BLE_SOC_PERIPHERAL.a(mint_buf_mgmt.o)
                0x0000495c                mint_buf_mgmt_init

i.mint_buf_mgmt_malloc
                0x000049a0       0x28
 i.mint_buf_mgmt_malloc
                0x000049a0       0x28 ..\..\4.2\Downloads ( 4.2).cylib\BLE_v3_61\Library\gccCyBLEStack_BLE_SOC_PERIPHERAL.a(mint_buf_mgmt.o)
                0x000049a0                mint_buf_mgmt_malloc

i.mint_buf_mgmt_pl_init
                0x000049c8       0x48
 i.mint_buf_mgmt_pl_init
                0x000049c8       0x48 ..\..\4.2\Downloads ( 4.2).cylib\BLE_v3_61\Library\gccCyBLEStack_BLE_SOC_PERIPHERAL.a(mint_buf_mgmt.o)
                0x000049c8                mint_buf_mgmt_pl_init

i.mint_buf_mgmt_reset_pool
                0x00004a10       0x70
 i.mint_buf_mgmt_reset_pool
                0x00004a10       0x70 ..\..\4.2\Downloads ( 4.2).cylib\BLE_v3_61\Library\gccCyBLEStack_BLE_SOC_PERIPHERAL.a(mint_buf_mgmt.o)
                0x00004a10                mint_buf_mgmt_reset_pool

i.mint_buf_mgmt_stack_init
                0x00004a80       0x24
 i.mint_buf_mgmt_stack_init
                0x00004a80       0x24 ..\..\4.2\Downloads ( 4.2).cylib\BLE_v3_61\Library\gccCyBLEStack_BLE_SOC_PERIPHERAL.a(mint_buf_mgmt.o)
                0x00004a80                mint_buf_mgmt_stack_init

i.mint_buf_mgmt_stack_pop
                0x00004aa4       0x36
 i.mint_buf_mgmt_stack_pop
                0x00004aa4       0x36 ..\..\4.2\Downloads ( 4.2).cylib\BLE_v3_61\Library\gccCyBLEStack_BLE_SOC_PERIPHERAL.a(mint_buf_mgmt.o)
                0x00004aa4                mint_buf_mgmt_stack_pop

i.mint_buf_mgmt_stack_push
                0x00004ada       0x36
 i.mint_buf_mgmt_stack_push
                0x00004ada       0x36 ..\..\4.2\Downloads ( 4.2).cylib\BLE_v3_61\Library\gccCyBLEStack_BLE_SOC_PERIPHERAL.a(mint_buf_mgmt.o)
                0x00004ada                mint_buf_mgmt_stack_push

i.mint_buf_mgmt_stack_reset
                0x00004b10       0x1e
 i.mint_buf_mgmt_stack_reset
                0x00004b10       0x1e ..\..\4.2\Downloads ( 4.2).cylib\BLE_v3_61\Library\gccCyBLEStack_BLE_SOC_PERIPHERAL.a(mint_buf_mgmt.o)
                0x00004b10                mint_buf_mgmt_stack_reset

i.mint_buf_mgmt_stack_search_item
                0x00004b2e       0x30
 i.mint_buf_mgmt_stack_search_item
                0x00004b2e       0x30 ..\..\4.2\Downloads ( 4.2).cylib\BLE_v3_61\Library\gccCyBLEStack_BLE_SOC_PERIPHERAL.a(mint_buf_mgmt.o)
                0x00004b2e                mint_buf_mgmt_stack_search_item

i.CyBleControllerIP_GetPingState
                0x00004b60        0xc
 i.CyBleControllerIP_GetPingState
                0x00004b60        0xc ..\..\4.2\Downloads ( 4.2).cylib\BLE_v3_61\Library\gccCyBLEStack_BLE_SOC_PERIPHERAL.a(CyBleControllerIP_Interface.o)
                0x00004b60                CyBleControllerIP_GetPingState

i.CyBleController_AddDeviceToWhiteList
                0x00004b6c       0x48
 i.CyBleController_AddDeviceToWhiteList
                0x00004b6c       0x48 ..\..\4.2\Downloads ( 4.2).cylib\BLE_v3_61\Library\gccCyBLEStack_BLE_SOC_PERIPHERAL.a(CyBleControllerIP_Interface.o)
                0x00004b6c                CyBleController_AddDeviceToWhiteList

i.CyBleController_EnableDefaultDevicePrivacy
                0x00004bb4        0xc
 i.CyBleController_EnableDefaultDevicePrivacy
                0x00004bb4        0xc ..\..\4.2\Downloads ( 4.2).cylib\BLE_v3_61\Library\gccCyBLEStack_BLE_SOC_PERIPHERAL.a(CyBleControllerIP_Interface.o)
                0x00004bb4                CyBleController_EnableDefaultDevicePrivacy

i.CyBleController_ExitLowPowerMode
                0x00004bc0       0x10
 i.CyBleController_ExitLowPowerMode
                0x00004bc0       0x10 ..\..\4.2\Downloads ( 4.2).cylib\BLE_v3_61\Library\gccCyBLEStack_BLE_SOC_PERIPHERAL.a(CyBleControllerIP_Interface.o)
                0x00004bc0                CyBleController_ExitLowPowerMode

i.CyBleController_GetDeviceAddress
                0x00004bd0       0x22
 i.CyBleController_GetDeviceAddress
                0x00004bd0       0x22 ..\..\4.2\Downloads ( 4.2).cylib\BLE_v3_61\Library\gccCyBLEStack_BLE_SOC_PERIPHERAL.a(CyBleControllerIP_Interface.o)
                0x00004bd0                CyBleController_GetDeviceAddress

i.CyBleController_GetDleHeapMemory
                0x00004bf2       0x10
 i.CyBleController_GetDleHeapMemory
                0x00004bf2       0x10 ..\..\4.2\Downloads ( 4.2).cylib\BLE_v3_61\Library\gccCyBLEStack_BLE_SOC_PERIPHERAL.a(CyBleControllerIP_Interface.o)
                0x00004bf2                CyBleController_GetDleHeapMemory

i.CyBleController_GetPrivacyHeapMemory
                0x00004c04       0x1c
 i.CyBleController_GetPrivacyHeapMemory
                0x00004c04       0x1c ..\..\4.2\Downloads ( 4.2).cylib\BLE_v3_61\Library\gccCyBLEStack_BLE_SOC_PERIPHERAL.a(CyBleControllerIP_Interface.o)
                0x00004c04                CyBleController_GetPrivacyHeapMemory

i.CyBleController_Init
                0x00004c20       0x40
 i.CyBleController_Init
                0x00004c20       0x40 ..\..\4.2\Downloads ( 4.2).cylib\BLE_v3_61\Library\gccCyBLEStack_BLE_SOC_PERIPHERAL.a(CyBleControllerIP_Interface.o)
                0x00004c20                CyBleController_Init

i.CyBleController_SetDeviceAddress
                0x00004c60       0x2e
 i.CyBleController_SetDeviceAddress
                0x00004c60       0x2e ..\..\4.2\Downloads ( 4.2).cylib\BLE_v3_61\Library\gccCyBLEStack_BLE_SOC_PERIPHERAL.a(CyBleControllerIP_Interface.o)
                0x00004c60                CyBleController_SetDeviceAddress

i.CyBleController_SetDleParams
                0x00004c90       0x1c
 i.CyBleController_SetDleParams
                0x00004c90       0x1c ..\..\4.2\Downloads ( 4.2).cylib\BLE_v3_61\Library\gccCyBLEStack_BLE_SOC_PERIPHERAL.a(CyBleControllerIP_Interface.o)
                0x00004c90                CyBleController_SetDleParams

i.CyBleController_SetLePrivacyParams
                0x00004cac       0x18
 i.CyBleController_SetLePrivacyParams
                0x00004cac       0x18 ..\..\4.2\Downloads ( 4.2).cylib\BLE_v3_61\Library\gccCyBLEStack_BLE_SOC_PERIPHERAL.a(CyBleControllerIP_Interface.o)
                0x00004cac                CyBleController_SetLePrivacyParams

i.CyBle_GapUpdateAdvData
                0x00004cc4       0x9a
 i.CyBle_GapUpdateAdvData
                0x00004cc4       0x9a ..\..\4.2\Downloads ( 4.2).cylib\BLE_v3_61\Library\gccCyBLEStack_BLE_SOC_PERIPHERAL.a(CyBleControllerIP_Interface.o)
                0x00004cc4                CyBle_GapUpdateAdvData

i.CyBle_GetFirmwareProgrammedDSM
                0x00004d60        0xc
 i.CyBle_GetFirmwareProgrammedDSM
                0x00004d60        0xc ..\..\4.2\Downloads ( 4.2).cylib\BLE_v3_61\Library\gccCyBLEStack_BLE_SOC_PERIPHERAL.a(CyBleControllerIP_Interface.o)
                0x00004d60                CyBle_GetFirmwareProgrammedDSM

i.CyBle_GetTxPowerLevel
                0x00004d6c       0x54
 i.CyBle_GetTxPowerLevel
                0x00004d6c       0x54 ..\..\4.2\Downloads ( 4.2).cylib\BLE_v3_61\Library\gccCyBLEStack_BLE_SOC_PERIPHERAL.a(CyBleControllerIP_Interface.o)
                0x00004d6c                CyBle_GetTxPowerLevel

i.CyBle_SendBlessEvtoAPP
                0x00004dc0        0xc
 i.CyBle_SendBlessEvtoAPP
                0x00004dc0        0xc ..\..\4.2\Downloads ( 4.2).cylib\BLE_v3_61\Library\gccCyBLEStack_BLE_SOC_PERIPHERAL.a(CyBleControllerIP_Interface.o)
                0x00004dc0                CyBle_SendBlessEvtoAPP

i.CyBle_SendEventToApp
                0x00004dcc       0x38
 i.CyBle_SendEventToApp
                0x00004dcc       0x38 ..\..\4.2\Downloads ( 4.2).cylib\BLE_v3_61\Library\gccCyBLEStack_BLE_SOC_PERIPHERAL.a(CyBleControllerIP_Interface.o)
                0x00004dcc                CyBle_SendEventToApp

i.CyBle_SetFirmwareProgrammedDSM
                0x00004e04        0xc
 i.CyBle_SetFirmwareProgrammedDSM
                0x00004e04        0xc ..\..\4.2\Downloads ( 4.2).cylib\BLE_v3_61\Library\gccCyBLEStack_BLE_SOC_PERIPHERAL.a(CyBleControllerIP_Interface.o)
                0x00004e04                CyBle_SetFirmwareProgrammedDSM

i.CyBle_SetTxPowerLevel
                0x00004e10       0x88
 i.CyBle_SetTxPowerLevel
                0x00004e10       0x88 ..\..\4.2\Downloads ( 4.2).cylib\BLE_v3_61\Library\gccCyBLEStack_BLE_SOC_PERIPHERAL.a(CyBleControllerIP_Interface.o)
                0x00004e10                CyBle_SetTxPowerLevel

i.ll_check_and_mark_packet_ready_for_transmission
                0x00004e98       0x44
 i.ll_check_and_mark_packet_ready_for_transmission
                0x00004e98       0x44 ..\..\4.2\Downloads ( 4.2).cylib\BLE_v3_61\Library\gccCyBLEStack_BLE_SOC_PERIPHERAL.a(ll.o)
                0x00004e98                ll_check_and_mark_packet_ready_for_transmission

i.ll_cleanup_pending_data_pdu
                0x00004edc       0x44
 i.ll_cleanup_pending_data_pdu
                0x00004edc       0x44 ..\..\4.2\Downloads ( 4.2).cylib\BLE_v3_61\Library\gccCyBLEStack_BLE_SOC_PERIPHERAL.a(ll.o)
                0x00004edc                ll_cleanup_pending_data_pdu

i.ll_exit_low_power_mode
                0x00004f20       0x84
 i.ll_exit_low_power_mode
                0x00004f20       0x84 ..\..\4.2\Downloads ( 4.2).cylib\BLE_v3_61\Library\gccCyBLEStack_BLE_SOC_PERIPHERAL.a(ll.o)
                0x00004f20                ll_exit_low_power_mode

i.ll_get_ack_status
                0x00004fa4       0x44
 i.ll_get_ack_status
                0x00004fa4       0x44 ..\..\4.2\Downloads ( 4.2).cylib\BLE_v3_61\Library\gccCyBLEStack_BLE_SOC_PERIPHERAL.a(ll.o)
                0x00004fa4                ll_get_ack_status

i.ll_get_adv_ch_tx_power
                0x00004fe8       0x20
 i.ll_get_adv_ch_tx_power
                0x00004fe8       0x20 ..\..\4.2\Downloads ( 4.2).cylib\BLE_v3_61\Library\gccCyBLEStack_BLE_SOC_PERIPHERAL.a(ll.o)
                0x00004fe8                ll_get_adv_ch_tx_power

i.ll_get_data_channel_map
                0x00005008       0x28
 i.ll_get_data_channel_map
                0x00005008       0x28 ..\..\4.2\Downloads ( 4.2).cylib\BLE_v3_61\Library\gccCyBLEStack_BLE_SOC_PERIPHERAL.a(ll.o)
                0x00005008                ll_get_data_channel_map

i.ll_get_max_white_list_size
                0x00005030        0xc
 i.ll_get_max_white_list_size
                0x00005030        0xc ..\..\4.2\Downloads ( 4.2).cylib\BLE_v3_61\Library\gccCyBLEStack_BLE_SOC_PERIPHERAL.a(ll.o)
                0x00005030                ll_get_max_white_list_size

i.ll_get_my_role
                0x0000503c        0xc
 i.ll_get_my_role
                0x0000503c        0xc ..\..\4.2\Downloads ( 4.2).cylib\BLE_v3_61\Library\gccCyBLEStack_BLE_SOC_PERIPHERAL.a(ll.o)
                0x0000503c                ll_get_my_role

i.ll_get_next_available_fifo_for_data_pdu
                0x00005048        0x8
 i.ll_get_next_available_fifo_for_data_pdu
                0x00005048        0x8 ..\..\4.2\Downloads ( 4.2).cylib\BLE_v3_61\Library\gccCyBLEStack_BLE_SOC_PERIPHERAL.a(ll.o)
                0x00005048                ll_get_next_available_fifo_for_data_pdu

i.ll_get_next_available_fifo_for_ll_pdu
                0x00005050       0x2c
 i.ll_get_next_available_fifo_for_ll_pdu
                0x00005050       0x2c ..\..\4.2\Downloads ( 4.2).cylib\BLE_v3_61\Library\gccCyBLEStack_BLE_SOC_PERIPHERAL.a(ll.o)
                0x00005050                ll_get_next_available_fifo_for_ll_pdu

i.ll_get_rssi_value
                0x0000507c       0x26
 i.ll_get_rssi_value
                0x0000507c       0x26 ..\..\4.2\Downloads ( 4.2).cylib\BLE_v3_61\Library\gccCyBLEStack_BLE_SOC_PERIPHERAL.a(ll.o)
                0x0000507c                ll_get_rssi_value

i.ll_get_transmit_power_level
                0x000050a4       0x2c
 i.ll_get_transmit_power_level
                0x000050a4       0x2c ..\..\4.2\Downloads ( 4.2).cylib\BLE_v3_61\Library\gccCyBLEStack_BLE_SOC_PERIPHERAL.a(ll.o)
                0x000050a4                ll_get_transmit_power_level

i.ll_handle_ack_received
                0x000050d0       0x74
 i.ll_handle_ack_received
                0x000050d0       0x74 ..\..\4.2\Downloads ( 4.2).cylib\BLE_v3_61\Library\gccCyBLEStack_BLE_SOC_PERIPHERAL.a(ll.o)
                0x000050d0                ll_handle_ack_received

i.ll_handle_add_device_in_whitelist
                0x00005144       0x50
 i.ll_handle_add_device_in_whitelist
                0x00005144       0x50 ..\..\4.2\Downloads ( 4.2).cylib\BLE_v3_61\Library\gccCyBLEStack_BLE_SOC_PERIPHERAL.a(ll.o)
                0x00005144                ll_handle_add_device_in_whitelist

i.ll_handle_clear_whitelist
                0x00005194       0x24
 i.ll_handle_clear_whitelist
                0x00005194       0x24 ..\..\4.2\Downloads ( 4.2).cylib\BLE_v3_61\Library\gccCyBLEStack_BLE_SOC_PERIPHERAL.a(ll.o)
                0x00005194                ll_handle_clear_whitelist

i.ll_handle_encrypt_host_data
                0x000051b8       0x36
 i.ll_handle_encrypt_host_data
                0x000051b8       0x36 ..\..\4.2\Downloads ( 4.2).cylib\BLE_v3_61\Library\gccCyBLEStack_BLE_SOC_PERIPHERAL.a(ll.o)
                0x000051b8                ll_handle_encrypt_host_data

i.ll_handle_host_data_packet
                0x000051f0       0x9c
 i.ll_handle_host_data_packet
                0x000051f0       0x9c ..\..\4.2\Downloads ( 4.2).cylib\BLE_v3_61\Library\gccCyBLEStack_BLE_SOC_PERIPHERAL.a(ll.o)
                0x000051f0                ll_handle_host_data_packet

i.ll_handle_read_host_channel_map
                0x0000528c        0x4
 i.ll_handle_read_host_channel_map
                0x0000528c        0x4 ..\..\4.2\Downloads ( 4.2).cylib\BLE_v3_61\Library\gccCyBLEStack_BLE_SOC_PERIPHERAL.a(ll.o)
                0x0000528c                ll_handle_read_host_channel_map

i.ll_handle_remove_device_in_whitelist
                0x00005290       0x38
 i.ll_handle_remove_device_in_whitelist
                0x00005290       0x38 ..\..\4.2\Downloads ( 4.2).cylib\BLE_v3_61\Library\gccCyBLEStack_BLE_SOC_PERIPHERAL.a(ll.o)
                0x00005290                ll_handle_remove_device_in_whitelist

i.ll_handle_reset
                0x000052c8        0xe
 i.ll_handle_reset
                0x000052c8        0xe ..\..\4.2\Downloads ( 4.2).cylib\BLE_v3_61\Library\gccCyBLEStack_BLE_SOC_PERIPHERAL.a(ll.o)
                0x000052c8                ll_handle_reset

i.ll_handle_set_random_address
                0x000052d6       0x36
 i.ll_handle_set_random_address
                0x000052d6       0x36 ..\..\4.2\Downloads ( 4.2).cylib\BLE_v3_61\Library\gccCyBLEStack_BLE_SOC_PERIPHERAL.a(ll.o)
                0x000052d6                ll_handle_set_random_address

i.ll_init       0x0000530c       0x20
 i.ll_init      0x0000530c       0x20 ..\..\4.2\Downloads ( 4.2).cylib\BLE_v3_61\Library\gccCyBLEStack_BLE_SOC_PERIPHERAL.a(ll.o)
                0x0000530c                ll_init

i.ll_initialize_device_attributes
                0x0000532c       0xc0
 i.ll_initialize_device_attributes
                0x0000532c       0xc0 ..\..\4.2\Downloads ( 4.2).cylib\BLE_v3_61\Library\gccCyBLEStack_BLE_SOC_PERIPHERAL.a(ll.o)
                0x0000532c                ll_initialize_device_attributes

i.ll_is_pkt_pending
                0x000053ec       0x2a
 i.ll_is_pkt_pending
                0x000053ec       0x2a ..\..\4.2\Downloads ( 4.2).cylib\BLE_v3_61\Library\gccCyBLEStack_BLE_SOC_PERIPHERAL.a(ll.o)
                0x000053ec                ll_is_pkt_pending

i.ll_is_sent_pkt_pending
                0x00005416       0x1a
 i.ll_is_sent_pkt_pending
                0x00005416       0x1a ..\..\4.2\Downloads ( 4.2).cylib\BLE_v3_61\Library\gccCyBLEStack_BLE_SOC_PERIPHERAL.a(ll.o)
                0x00005416                ll_is_sent_pkt_pending

i.ll_isr_exit_low_power_mode
                0x00005430       0x16
 i.ll_isr_exit_low_power_mode
                0x00005430       0x16 ..\..\4.2\Downloads ( 4.2).cylib\BLE_v3_61\Library\gccCyBLEStack_BLE_SOC_PERIPHERAL.a(ll.o)
                0x00005430                ll_isr_exit_low_power_mode

i.ll_load_host_data_packet
                0x00005446       0x3c
 i.ll_load_host_data_packet
                0x00005446       0x3c ..\..\4.2\Downloads ( 4.2).cylib\BLE_v3_61\Library\gccCyBLEStack_BLE_SOC_PERIPHERAL.a(ll.o)
                0x00005446                ll_load_host_data_packet

i.ll_load_packet_to_fifo
                0x00005484       0xc0
 i.ll_load_packet_to_fifo
                0x00005484       0xc0 ..\..\4.2\Downloads ( 4.2).cylib\BLE_v3_61\Library\gccCyBLEStack_BLE_SOC_PERIPHERAL.a(ll.o)
                0x00005484                ll_load_packet_to_fifo

i.ll_process_acks
                0x00005544       0x60
 i.ll_process_acks
                0x00005544       0x60 ..\..\4.2\Downloads ( 4.2).cylib\BLE_v3_61\Library\gccCyBLEStack_BLE_SOC_PERIPHERAL.a(ll.o)
                0x00005544                ll_process_acks

i.ll_reset      0x000055a4       0x14
 i.ll_reset     0x000055a4       0x14 ..\..\4.2\Downloads ( 4.2).cylib\BLE_v3_61\Library\gccCyBLEStack_BLE_SOC_PERIPHERAL.a(ll.o)
                0x000055a4                ll_reset

i.ll_update_active_features
                0x000055b8       0x58
 i.ll_update_active_features
                0x000055b8       0x58 ..\..\4.2\Downloads ( 4.2).cylib\BLE_v3_61\Library\gccCyBLEStack_BLE_SOC_PERIPHERAL.a(ll.o)
                0x000055b8                ll_update_active_features

i.ll_update_device_fsm
                0x00005610        0x8
 i.ll_update_device_fsm
                0x00005610        0x8 ..\..\4.2\Downloads ( 4.2).cylib\BLE_v3_61\Library\gccCyBLEStack_BLE_SOC_PERIPHERAL.a(ll.o)
                0x00005610                ll_update_device_fsm

i.ll_validate_add_device_to_whitelist_params
                0x00005618       0x14
 i.ll_validate_add_device_to_whitelist_params
                0x00005618       0x14 ..\..\4.2\Downloads ( 4.2).cylib\BLE_v3_61\Library\gccCyBLEStack_BLE_SOC_PERIPHERAL.a(ll.o)
                0x00005618                ll_validate_add_device_to_whitelist_params

i.ll_validate_bd_addr
                0x0000562c       0x1a
 i.ll_validate_bd_addr
                0x0000562c       0x1a ..\..\4.2\Downloads ( 4.2).cylib\BLE_v3_61\Library\gccCyBLEStack_BLE_SOC_PERIPHERAL.a(ll.o)
                0x0000562c                ll_validate_bd_addr

i.ll_wait_to_exit_dsm
                0x00005646       0x2c
 i.ll_wait_to_exit_dsm
                0x00005646       0x2c ..\..\4.2\Downloads ( 4.2).cylib\BLE_v3_61\Library\gccCyBLEStack_BLE_SOC_PERIPHERAL.a(ll.o)

i.pf_le_start_timer
                0x00005672       0x16
 i.pf_le_start_timer
                0x00005672       0x16 ..\..\4.2\Downloads ( 4.2).cylib\BLE_v3_61\Library\gccCyBLEStack_BLE_SOC_PERIPHERAL.a(ll.o)
                0x00005672                pf_le_start_timer

i.pf_le_stop_timer
                0x00005688       0x12
 i.pf_le_stop_timer
                0x00005688       0x12 ..\..\4.2\Downloads ( 4.2).cylib\BLE_v3_61\Library\gccCyBLEStack_BLE_SOC_PERIPHERAL.a(ll.o)
                0x00005688                pf_le_stop_timer

i.CyBleControllerIP_TuneAdvEventInterPktSlots
                0x0000569c       0x3c
 i.CyBleControllerIP_TuneAdvEventInterPktSlots
                0x0000569c       0x3c ..\..\4.2\Downloads ( 4.2).cylib\BLE_v3_61\Library\gccCyBLEStack_BLE_SOC_PERIPHERAL.a(ll_advertiser.o)
                0x0000569c                CyBleControllerIP_TuneAdvEventInterPktSlots

i.ll_adv_is_configured_connection_adv
                0x000056d8       0x1e
 i.ll_adv_is_configured_connection_adv
                0x000056d8       0x1e ..\..\4.2\Downloads ( 4.2).cylib\BLE_v3_61\Library\gccCyBLEStack_BLE_SOC_PERIPHERAL.a(ll_advertiser.o)
                0x000056d8                ll_adv_is_configured_connection_adv

i.ll_check_random_address_in_use_by_advertiser
                0x000056f6       0x10
 i.ll_check_random_address_in_use_by_advertiser
                0x000056f6       0x10 ..\..\4.2\Downloads ( 4.2).cylib\BLE_v3_61\Library\gccCyBLEStack_BLE_SOC_PERIPHERAL.a(ll_advertiser.o)
                0x000056f6                ll_check_random_address_in_use_by_advertiser

i.ll_check_whitelist_in_use_by_advertiser
                0x00005706       0x10
 i.ll_check_whitelist_in_use_by_advertiser
                0x00005706       0x10 ..\..\4.2\Downloads ( 4.2).cylib\BLE_v3_61\Library\gccCyBLEStack_BLE_SOC_PERIPHERAL.a(ll_advertiser.o)
                0x00005706                ll_check_whitelist_in_use_by_advertiser

i.ll_get_adv_data
                0x00005718        0xc
 i.ll_get_adv_data
                0x00005718        0xc ..\..\4.2\Downloads ( 4.2).cylib\BLE_v3_61\Library\gccCyBLEStack_BLE_SOC_PERIPHERAL.a(ll_advertiser.o)
                0x00005718                ll_get_adv_data

i.ll_get_adv_status
                0x00005724        0xc
 i.ll_get_adv_status
                0x00005724        0xc ..\..\4.2\Downloads ( 4.2).cylib\BLE_v3_61\Library\gccCyBLEStack_BLE_SOC_PERIPHERAL.a(ll_advertiser.o)
                0x00005724                ll_get_adv_status

i.ll_get_adv_type
                0x00005730       0x18
 i.ll_get_adv_type
                0x00005730       0x18 ..\..\4.2\Downloads ( 4.2).cylib\BLE_v3_61\Library\gccCyBLEStack_BLE_SOC_PERIPHERAL.a(ll_advertiser.o)
                0x00005730                ll_get_adv_type

i.ll_get_scan_rsp_data
                0x00005748        0xc
 i.ll_get_scan_rsp_data
                0x00005748        0xc ..\..\4.2\Downloads ( 4.2).cylib\BLE_v3_61\Library\gccCyBLEStack_BLE_SOC_PERIPHERAL.a(ll_advertiser.o)
                0x00005748                ll_get_scan_rsp_data

i.ll_handle_adv_intr
                0x00005754       0x70
 i.ll_handle_adv_intr
                0x00005754       0x70 ..\..\4.2\Downloads ( 4.2).cylib\BLE_v3_61\Library\gccCyBLEStack_BLE_SOC_PERIPHERAL.a(ll_advertiser.o)
                0x00005754                ll_handle_adv_intr

i.ll_handle_set_adv_data
                0x000057c4       0x38
 i.ll_handle_set_adv_data
                0x000057c4       0x38 ..\..\4.2\Downloads ( 4.2).cylib\BLE_v3_61\Library\gccCyBLEStack_BLE_SOC_PERIPHERAL.a(ll_advertiser.o)
                0x000057c4                ll_handle_set_adv_data

i.ll_handle_set_adv_parameters
                0x000057fc       0xa4
 i.ll_handle_set_adv_parameters
                0x000057fc       0xa4 ..\..\4.2\Downloads ( 4.2).cylib\BLE_v3_61\Library\gccCyBLEStack_BLE_SOC_PERIPHERAL.a(ll_advertiser.o)
                0x000057fc                ll_handle_set_adv_parameters

i.ll_handle_set_advertise_enable
                0x000058a0       0x6a
 i.ll_handle_set_advertise_enable
                0x000058a0       0x6a ..\..\4.2\Downloads ( 4.2).cylib\BLE_v3_61\Library\gccCyBLEStack_BLE_SOC_PERIPHERAL.a(ll_advertiser.o)
                0x000058a0                ll_handle_set_advertise_enable

i.ll_handle_set_scan_resp_data
                0x0000590c       0x38
 i.ll_handle_set_scan_resp_data
                0x0000590c       0x38 ..\..\4.2\Downloads ( 4.2).cylib\BLE_v3_61\Library\gccCyBLEStack_BLE_SOC_PERIPHERAL.a(ll_advertiser.o)
                0x0000590c                ll_handle_set_scan_resp_data

i.ll_init_advertiser
                0x00005944       0x70
 i.ll_init_advertiser
                0x00005944       0x70 ..\..\4.2\Downloads ( 4.2).cylib\BLE_v3_61\Library\gccCyBLEStack_BLE_SOC_PERIPHERAL.a(ll_advertiser.o)
                0x00005944                ll_init_advertiser

i.ll_update_adv_data
                0x000059b4       0x44
 i.ll_update_adv_data
                0x000059b4       0x44 ..\..\4.2\Downloads ( 4.2).cylib\BLE_v3_61\Library\gccCyBLEStack_BLE_SOC_PERIPHERAL.a(ll_advertiser.o)
                0x000059b4                ll_update_adv_data

i.ll_update_scan_rsp_data
                0x000059f8       0x44
 i.ll_update_scan_rsp_data
                0x000059f8       0x44 ..\..\4.2\Downloads ( 4.2).cylib\BLE_v3_61\Library\gccCyBLEStack_BLE_SOC_PERIPHERAL.a(ll_advertiser.o)
                0x000059f8                ll_update_scan_rsp_data

i.is_le_connection_handle
                0x00005a3c       0x28
 i.is_le_connection_handle
                0x00005a3c       0x28 ..\..\4.2\Downloads ( 4.2).cylib\BLE_v3_61\Library\gccCyBLEStack_BLE_SOC_PERIPHERAL.a(ll_connection.o)
                0x00005a3c                is_le_connection_handle

i.le_assign_connection_handle
                0x00005a64       0x28
 i.le_assign_connection_handle
                0x00005a64       0x28 ..\..\4.2\Downloads ( 4.2).cylib\BLE_v3_61\Library\gccCyBLEStack_BLE_SOC_PERIPHERAL.a(ll_connection.o)
                0x00005a64                le_assign_connection_handle

i.le_get_connection_index
                0x00005a8c        0x6
 i.le_get_connection_index
                0x00005a8c        0x6 ..\..\4.2\Downloads ( 4.2).cylib\BLE_v3_61\Library\gccCyBLEStack_BLE_SOC_PERIPHERAL.a(ll_connection.o)
                0x00005a8c                le_get_connection_index

i.ll_allocate_connection
                0x00005a94       0x44
 i.ll_allocate_connection
                0x00005a94       0x44 ..\..\4.2\Downloads ( 4.2).cylib\BLE_v3_61\Library\gccCyBLEStack_BLE_SOC_PERIPHERAL.a(ll_connection.o)
                0x00005a94                ll_allocate_connection

i.ll_calculate_and_program_def_win_widen_drift
                0x00005ad8       0x14
 i.ll_calculate_and_program_def_win_widen_drift
                0x00005ad8       0x14 ..\..\4.2\Downloads ( 4.2).cylib\BLE_v3_61\Library\gccCyBLEStack_BLE_SOC_PERIPHERAL.a(ll_connection.o)
                0x00005ad8                ll_calculate_and_program_def_win_widen_drift

i.ll_calculate_drift
                0x00005aec       0x2c
 i.ll_calculate_drift
                0x00005aec       0x2c ..\..\4.2\Downloads ( 4.2).cylib\BLE_v3_61\Library\gccCyBLEStack_BLE_SOC_PERIPHERAL.a(ll_connection.o)
                0x00005aec                ll_calculate_drift

i.ll_check_and_decrypt_ll_pdu
                0x00005b18       0x70
 i.ll_check_and_decrypt_ll_pdu
                0x00005b18       0x70 ..\..\4.2\Downloads ( 4.2).cylib\BLE_v3_61\Library\gccCyBLEStack_BLE_SOC_PERIPHERAL.a(ll_connection.o)
                0x00005b18                ll_check_and_decrypt_ll_pdu

i.ll_check_and_decrypt_packet
                0x00005b88       0x6a
 i.ll_check_and_decrypt_packet
                0x00005b88       0x6a ..\..\4.2\Downloads ( 4.2).cylib\BLE_v3_61\Library\gccCyBLEStack_BLE_SOC_PERIPHERAL.a(ll_connection.o)
                0x00005b88                ll_check_and_decrypt_packet

i.ll_check_and_encrypt_ll_pdu
                0x00005bf2       0x7c
 i.ll_check_and_encrypt_ll_pdu
                0x00005bf2       0x7c ..\..\4.2\Downloads ( 4.2).cylib\BLE_v3_61\Library\gccCyBLEStack_BLE_SOC_PERIPHERAL.a(ll_connection.o)
                0x00005bf2                ll_check_and_encrypt_ll_pdu

i.ll_check_and_encrypt_packet
                0x00005c6e       0x82
 i.ll_check_and_encrypt_packet
                0x00005c6e       0x82 ..\..\4.2\Downloads ( 4.2).cylib\BLE_v3_61\Library\gccCyBLEStack_BLE_SOC_PERIPHERAL.a(ll_connection.o)
                0x00005c6e                ll_check_and_encrypt_packet

i.ll_check_for_allowing_incoming_connection_update
                0x00005cf0       0x42
 i.ll_check_for_allowing_incoming_connection_update
                0x00005cf0       0x42 ..\..\4.2\Downloads ( 4.2).cylib\BLE_v3_61\Library\gccCyBLEStack_BLE_SOC_PERIPHERAL.a(ll_connection.o)
                0x00005cf0                ll_check_for_allowing_incoming_connection_update

i.ll_check_if_pdu_is_loaded_to_hardware
                0x00005d34       0x1c
 i.ll_check_if_pdu_is_loaded_to_hardware
                0x00005d34       0x1c ..\..\4.2\Downloads ( 4.2).cylib\BLE_v3_61\Library\gccCyBLEStack_BLE_SOC_PERIPHERAL.a(ll_connection.o)
                0x00005d34                ll_check_if_pdu_is_loaded_to_hardware

i.ll_check_random_address_in_use_by_initiator
                0x00005d50       0x30
 i.ll_check_random_address_in_use_by_initiator
                0x00005d50       0x30 ..\..\4.2\Downloads ( 4.2).cylib\BLE_v3_61\Library\gccCyBLEStack_BLE_SOC_PERIPHERAL.a(ll_connection.o)
                0x00005d50                ll_check_random_address_in_use_by_initiator

i.ll_check_white_list_in_use_by_initiator
                0x00005d80       0x30
 i.ll_check_white_list_in_use_by_initiator
                0x00005d80       0x30 ..\..\4.2\Downloads ( 4.2).cylib\BLE_v3_61\Library\gccCyBLEStack_BLE_SOC_PERIPHERAL.a(ll_connection.o)
                0x00005d80                ll_check_white_list_in_use_by_initiator

i.ll_conn_free_enc_txn_buffer
                0x00005db0       0x16
 i.ll_conn_free_enc_txn_buffer
                0x00005db0       0x16 ..\..\4.2\Downloads ( 4.2).cylib\BLE_v3_61\Library\gccCyBLEStack_BLE_SOC_PERIPHERAL.a(ll_connection.o)
                0x00005db0                ll_conn_free_enc_txn_buffer

i.ll_conn_fsm_update_channel_state
                0x00005dc6        0x6
 i.ll_conn_fsm_update_channel_state
                0x00005dc6        0x6 ..\..\4.2\Downloads ( 4.2).cylib\BLE_v3_61\Library\gccCyBLEStack_BLE_SOC_PERIPHERAL.a(ll_connection.o)
                0x00005dc6                ll_conn_fsm_update_channel_state

i.ll_conn_fsm_update_conn_update_state
                0x00005dcc        0x6
 i.ll_conn_fsm_update_conn_update_state
                0x00005dcc        0x6 ..\..\4.2\Downloads ( 4.2).cylib\BLE_v3_61\Library\gccCyBLEStack_BLE_SOC_PERIPHERAL.a(ll_connection.o)
                0x00005dcc                ll_conn_fsm_update_conn_update_state

i.ll_conn_fsm_update_enc_state
                0x00005dd2        0x6
 i.ll_conn_fsm_update_enc_state
                0x00005dd2        0x6 ..\..\4.2\Downloads ( 4.2).cylib\BLE_v3_61\Library\gccCyBLEStack_BLE_SOC_PERIPHERAL.a(ll_connection.o)
                0x00005dd2                ll_conn_fsm_update_enc_state

i.ll_conn_fsm_update_state