Archive member included to satisfy reference by file (symbol)

.\CortexM0\ARM_GCC_541\Debug\SDBLEE.a(BLE_1.o)
                              .\CortexM0\ARM_GCC_541\Debug\main.o (CyBle_Start)
.\CortexM0\ARM_GCC_541\Debug\SDBLEE.a(BLE_1_gatt.o)
                              .\CortexM0\ARM_GCC_541\Debug\main.o (cyBle_state)
.\CortexM0\ARM_GCC_541\Debug\SDBLEE.a(BLE_1_eventHandler.o)
                              .\CortexM0\ARM_GCC_541\Debug\main.o (cyBle_connHandle)
.\CortexM0\ARM_GCC_541\Debug\SDBLEE.a(BLE_1_custom.o)
                              .\CortexM0\ARM_GCC_541\Debug\SDBLEE.a(BLE_1.o) (CyBle_CustomInit)
.\CortexM0\ARM_GCC_541\Debug\SDBLEE.a(CyLib.o)
                              .\CortexM0\ARM_GCC_541\Debug\cyfitter_cfg.o (CySysClkWriteImoFreq)
.\CortexM0\ARM_GCC_541\Debug\SDBLEE.a(CyLFClk.o)
                              .\CortexM0\ARM_GCC_541\Debug\cyfitter_cfg.o (CySysClkWcoStart)
.\CortexM0\ARM_GCC_541\Debug\SDBLEE.a(isr_1.o)
                              .\CortexM0\ARM_GCC_541\Debug\main.o (isr_1_StartEx)
.\CortexM0\ARM_GCC_541\Debug\SDBLEE.a(Blue.o)
                              .\CortexM0\ARM_GCC_541\Debug\main.o (Blue_Write)
.\CortexM0\ARM_GCC_541\Debug\SDBLEE.a(Red.o)
                              .\CortexM0\ARM_GCC_541\Debug\main.o (Red_Write)
.\CortexM0\ARM_GCC_541\Debug\SDBLEE.a(Green.o)
                              .\CortexM0\ARM_GCC_541\Debug\main.o (Green_Write)
.\CortexM0\ARM_GCC_541\Debug\SDBLEE.a(I2C_1.o)
                              .\CortexM0\ARM_GCC_541\Debug\main.o (I2C_1_Start)
.\CortexM0\ARM_GCC_541\Debug\SDBLEE.a(I2C_1_I2C.o)
                              .\CortexM0\ARM_GCC_541\Debug\SDBLEE.a(I2C_1.o) (I2C_1_I2CInit)
.\CortexM0\ARM_GCC_541\Debug\SDBLEE.a(I2C_1_I2C_MASTER.o)
                              .\CortexM0\ARM_GCC_541\Debug\SD_I2C.o (I2C_1_I2CMasterSendStart)
.\CortexM0\ARM_GCC_541\Debug\SDBLEE.a(CE_Pin.o)
                              .\CortexM0\ARM_GCC_541\Debug\main.o (CE_Pin_Write)
.\CortexM0\ARM_GCC_541\Debug\SDBLEE.a(Volt_Regulator.o)
                              .\CortexM0\ARM_GCC_541\Debug\main.o (Volt_Regulator_Start)
.\CortexM0\ARM_GCC_541\Debug\SDBLEE.a(Volt_Regulator_INT.o)
                              .\CortexM0\ARM_GCC_541\Debug\SDBLEE.a(Volt_Regulator.o) (Volt_Regulator_ISR)
.\CortexM0\ARM_GCC_541\Debug\SDBLEE.a(UART.o)
                              .\CortexM0\ARM_GCC_541\Debug\main.o (UART_Start)
.\CortexM0\ARM_GCC_541\Debug\SDBLEE.a(CyBootAsmGnu.o)
                              .\CortexM0\ARM_GCC_541\Debug\cyfitter_cfg.o (CyDelayCycles)
.\CortexM0\ARM_GCC_541\Debug\SDBLEE.a(UART_AsmGnu.o)
                              .\CortexM0\ARM_GCC_541\Debug\debug.o (UART_PutChar)
.\CortexM0\ARM_GCC_541\Debug\SDBLEE.a(I2C_1_I2C_INT.o)
                              .\CortexM0\ARM_GCC_541\Debug\SDBLEE.a(I2C_1_I2C.o) (I2C_1_I2C_ISR)
..\..\4.2\Downloads ( 4.2).cylib\BLE_v3_61\Library\gccCyBLEStack_BLE_SOC_PERIPHERAL.a(CyBle.o)
                              .\CortexM0\ARM_GCC_541\Debug\SDBLEE.a(BLE_1_eventHandler.o) (CyBle_EnableDefaultDevicePrivacy)
..\..\4.2\Downloads ( 4.2).cylib\BLE_v3_61\Library\gccCyBLEStack_BLE_SOC_PERIPHERAL.a(CyBleStackMgrIP_Interface.o)
                              ..\..\4.2\Downloads ( 4.2).cylib\BLE_v3_61\Library\gccCyBLEStack_BLE_SOC_PERIPHERAL.a(CyBle.o) (CyBleStackMgr_Init)
..\..\4.2\Downloads ( 4.2).cylib\BLE_v3_61\Library\gccCyBLEStack_BLE_SOC_PERIPHERAL.a(BT_os.o)
                              ..\..\4.2\Downloads ( 4.2).cylib\BLE_v3_61\Library\gccCyBLEStack_BLE_SOC_PERIPHERAL.a(CyBleStackMgrIP_Interface.o) (cyBleStackMemoryConfig)
..\..\4.2\Downloads ( 4.2).cylib\BLE_v3_61\Library\gccCyBLEStack_BLE_SOC_PERIPHERAL.a(BT_timer.o)
                              ..\..\4.2\Downloads ( 4.2).cylib\BLE_v3_61\Library\gccCyBLEStack_BLE_SOC_PERIPHERAL.a(CyBleStackMgrIP_Interface.o) (timer_init)
..\..\4.2\Downloads ( 4.2).cylib\BLE_v3_61\Library\gccCyBLEStack_BLE_SOC_PERIPHERAL.a(CyBleStackMgr_StackTaskHandler.o)
                              ..\..\4.2\Downloads ( 4.2).cylib\BLE_v3_61\Library\gccCyBLEStack_BLE_SOC_PERIPHERAL.a(BT_timer.o) (BLE_STACK_TASK_EVT)
..\..\4.2\Downloads ( 4.2).cylib\BLE_v3_61\Library\gccCyBLEStack_BLE_SOC_PERIPHERAL.a(transport_sf.o)
                              ..\..\4.2\Downloads ( 4.2).cylib\BLE_v3_61\Library\gccCyBLEStack_BLE_SOC_PERIPHERAL.a(CyBleStackMgr_StackTaskHandler.o) (hci_soft_transport_notify_data_received)
..\..\4.2\Downloads ( 4.2).cylib\BLE_v3_61\Library\gccCyBLEStack_BLE_SOC_PERIPHERAL.a(CyBleStackMgr_PSoCHal.o)
                              ..\..\4.2\Downloads ( 4.2).cylib\BLE_v3_61\Library\gccCyBLEStack_BLE_SOC_PERIPHERAL.a(BT_timer.o) (CyBleStackMgr_GetTime)
..\..\4.2\Downloads ( 4.2).cylib\BLE_v3_61\Library\gccCyBLEStack_BLE_SOC_PERIPHERAL.a(CyBleStackMgr_BleSSDriver.o)
                              ..\..\4.2\Downloads ( 4.2).cylib\BLE_v3_61\Library\gccCyBLEStack_BLE_SOC_PERIPHERAL.a(CyBleStackMgrIP_Interface.o) (CyBleStackMgr_BleSSInit)
[...]
Memory Configuration

Name             Origin             Length             Attributes
rom              0x00000000         0x00020000         xr
ram              0x20000000         0x00004000         xrw
*default*        0x00000000         0xffffffff

Linker script and memory map

LOAD c:/program files (x86)/cypress/psoc creator/4.2/psoc creator/import/gnu/arm/5.4.1/bin/../lib/gcc/arm-none-eabi/5.4.1/armv6-m/crti.o
LOAD c:/program files (x86)/cypress/psoc creator/4.2/psoc creator/import/gnu/arm/5.4.1/bin/../lib/gcc/arm-none-eabi/5.4.1/armv6-m/crtbegin.o
LOAD c:/program files (x86)/cypress/psoc creator/4.2/psoc creator/import/gnu/arm/5.4.1/bin/../lib/gcc/arm-none-eabi/5.4.1/../../../../arm-none-eabi/lib/armv6-m/crt0.o
START GROUP
LOAD .\CortexM0\ARM_GCC_541\Debug\main.o
LOAD .\CortexM0\ARM_GCC_541\Debug\SD_I2C.o
LOAD .\CortexM0\ARM_GCC_541\Debug\debug.o
LOAD .\CortexM0\ARM_GCC_541\Debug\cyfitter_cfg.o
LOAD .\CortexM0\ARM_GCC_541\Debug\cymetadata.o
LOAD .\CortexM0\ARM_GCC_541\Debug\Cm0Start.o
LOAD .\CortexM0\ARM_GCC_541\Debug\SDBLEE.a
LOAD ..\..\4.2\Downloads ( 4.2).cylib\BLE_v3_61\Library\gccCyBLEStack_BLE_SOC_PERIPHERAL.a
END GROUP
START GROUP
LOAD c:/program files (x86)/cypress/psoc creator/4.2/psoc creator/import/gnu/arm/5.4.1/bin/../lib/gcc/arm-none-eabi/5.4.1/armv6-m\libgcc.a
LOAD c:/program files (x86)/cypress/psoc creator/4.2/psoc creator/import/gnu/arm/5.4.1/bin/../lib/gcc/arm-none-eabi/5.4.1/../../../../arm-none-eabi/lib/armv6-m\libg_nano.a
LOAD c:/program files (x86)/cypress/psoc creator/4.2/psoc creator/import/gnu/arm/5.4.1/bin/../lib/gcc/arm-none-eabi/5.4.1/../../../../arm-none-eabi/lib/armv6-m\libc_nano.a
END GROUP
START GROUP
LOAD c:/program files (x86)/cypress/psoc creator/4.2/psoc creator/import/gnu/arm/5.4.1/bin/../lib/gcc/arm-none-eabi/5.4.1/armv6-m\libgcc.a
LOAD c:/program files (x86)/cypress/psoc creator/4.2/psoc creator/import/gnu/arm/5.4.1/bin/../lib/gcc/arm-none-eabi/5.4.1/../../../../arm-none-eabi/lib/armv6-m\libc_nano.a
END GROUP
LOAD c:/program files (x86)/cypress/psoc creator/4.2/psoc creator/import/gnu/arm/5.4.1/bin/../lib/gcc/arm-none-eabi/5.4.1/armv6-m/crtend.o
LOAD c:/program files (x86)/cypress/psoc creator/4.2/psoc creator/import/gnu/arm/5.4.1/bin/../lib/gcc/arm-none-eabi/5.4.1/armv6-m/crtn.o
START GROUP
LOAD c:/program files (x86)/cypress/psoc creator/4.2/psoc creator/import/gnu/arm/5.4.1/bin/../lib/gcc/arm-none-eabi/5.4.1/armv6-m\libgcc.a
LOAD c:/program files (x86)/cypress/psoc creator/4.2/psoc creator/import/gnu/arm/5.4.1/bin/../lib/gcc/arm-none-eabi/5.4.1/../../../../arm-none-eabi/lib/armv6-m\libc.a
LOAD c:/program files (x86)/cypress/psoc creator/4.2/psoc creator/import/gnu/arm/5.4.1/bin/../lib/gcc/arm-none-eabi/5.4.1/../../../../arm-none-eabi/lib/armv6-m\libnosys.a
END GROUP
                0x00000000                CY_APPL_ORIGIN = 0x0
                0x00000080                CY_FLASH_ROW_SIZE = 0x80
                0x00000001                CY_APPL_NUM = 0x1
                0x00000001                CY_APPL_MAX = 0x1
                0x00000040                CY_METADATA_SIZE = 0x40
                0x00000000                CY_APPL_LOADABLE = 0x0
                0x00000000                CY_CHECKSUM_EXCLUDE_SIZE = ALIGN (0x0, CY_FLASH_ROW_SIZE)
                0x00000000                CY_APP_FOR_STACK_AND_COPIER = 0x0
                [!provide]                PROVIDE (__cy_heap_start, _end)
                0x00000001                PROVIDE (__cy_region_num, ((__cy_regions_end - __cy_regions) / 0x10))
                0x20004000                PROVIDE (__cy_stack, (ORIGIN (ram) + LENGTH (ram)))
                [!provide]                PROVIDE (__cy_heap_end, (__cy_stack - 0x800))

.cybootloader   0x00000000        0x0
 *(.cybootloader)
                0x00000000                appl1_start = CY_APPL_ORIGIN?CY_APPL_ORIGIN:ALIGN (CY_FLASH_ROW_SIZE)
                0x0000ff80                appl2_start = (appl1_start + ALIGN ((((LENGTH (rom) - appl1_start) - (0x2 * CY_FLASH_ROW_SIZE)) / 0x2), CY_FLASH_ROW_SIZE))
                0x00000000                appl_start = (CY_APPL_NUM == 0x1)?appl1_start:appl2_start
                0x00000001                cy_project_type_bootloader = (appl_start == 0x0)?0x1:0x0
                0x00000000                cy_project_type_app_for_stack_and_copier = (CY_APP_FOR_STACK_AND_COPIER == 0x1)?0x1:0x0

.text           0x00000000     0x3260
 CREATE_OBJECT_SYMBOLS
                0x00000000                PROVIDE (__cy_interrupt_vector, RomVectors)
 *(.romvectors)
 .romvectors    0x00000000       0x10 .\CortexM0\ARM_GCC_541\Debug\Cm0Start.o
                0x00000000                RomVectors
                0x00000001                ASSERT ((. != __cy_interrupt_vector), No interrupt vector)
                0x00000001                ASSERT (CY_APPL_ORIGIN?(SIZEOF (.cybootloader) <= CY_APPL_ORIGIN):0x1, Wrong image location)
                0x00000010                PROVIDE (__cy_reset, Reset)
 *(.text.Reset)
 .text.Reset    0x00000010        0x8 .\CortexM0\ARM_GCC_541\Debug\Cm0Start.o
                0x00000010                Reset
                0x00000001                ASSERT ((. != __cy_reset), No reset code)
 *(.psocinit)
 .psocinit      0x00000018      0x250 .\CortexM0\ARM_GCC_541\Debug\cyfitter_cfg.o
                0x00000144                cyfitter_cfg
                0x00000268                . = MAX (., 0x100)
 *(.text .text.* .gnu.linkonce.t.*)
 .text          0x00000268       0x60 c:/program files (x86)/cypress/psoc creator/4.2/psoc creator/import/gnu/arm/5.4.1/bin/../lib/gcc/arm-none-eabi/5.4.1/armv6-m/crtbegin.o
 .text.updateThermostatData
                0x000002c8       0x44 .\CortexM0\ARM_GCC_541\Debug\main.o
                0x000002c8                updateThermostatData
 .text.bleStack
                0x0000030c       0xc8 .\CortexM0\ARM_GCC_541\Debug\main.o
                0x0000030c                bleStack
 .text.SendDataNotify
                0x000003d4       0x2c .\CortexM0\ARM_GCC_541\Debug\main.o
                0x000003d4                SendDataNotify
 .text.updateNotificationCCCD
                0x00000400       0x40 .\CortexM0\ARM_GCC_541\Debug\main.o
                0x00000400                updateNotificationCCCD
 .text.randomNum
                0x00000440       0x14 .\CortexM0\ARM_GCC_541\Debug\main.o
                0x00000440                randomNum
 .text.wdtSleepInt
                0x00000454       0x98 .\CortexM0\ARM_GCC_541\Debug\main.o
                0x00000454                wdtSleepInt
 .text.initialization
                0x000004ec       0x14 .\CortexM0\ARM_GCC_541\Debug\main.o
                0x000004ec                initialization
 .text.main     0x00000500       0xc8 .\CortexM0\ARM_GCC_541\Debug\main.o
                0x00000500                main
 .text.CYMEMZERO
                0x000005c8        0xc .\CortexM0\ARM_GCC_541\Debug\cyfitter_cfg.o
 .text.SetAnalogRoutingPumps
                0x000005d4       0x20 .\CortexM0\ARM_GCC_541\Debug\cyfitter_cfg.o
                0x000005d4                SetAnalogRoutingPumps
 .text.AnalogSetDefault
                0x000005f4       0x3c .\CortexM0\ARM_GCC_541\Debug\cyfitter_cfg.o
 .text.IntDefaultHandler
                0x00000630       0x10 .\CortexM0\ARM_GCC_541\Debug\Cm0Start.o
                0x00000630                IntDefaultHandler
 .text._sbrk    0x00000640       0x30 .\CortexM0\ARM_GCC_541\Debug\Cm0Start.o
                0x00000640                _sbrk
 .text.Start_c  0x00000670       0x48 .\CortexM0\ARM_GCC_541\Debug\Cm0Start.o
                0x00000670                Start_c
 .text.initialize_psoc
                0x000006b8       0x4c .\CortexM0\ARM_GCC_541\Debug\Cm0Start.o
                0x000006b8                initialize_psoc
 .text.CyBle_ServiceInit
                0x00000704        0x8 .\CortexM0\ARM_GCC_541\Debug\SDBLEE.a(BLE_1.o)
                0x00000704                CyBle_ServiceInit
 .text.CyBle_Init
                0x0000070c       0x34 .\CortexM0\ARM_GCC_541\Debug\SDBLEE.a(BLE_1.o)
                0x0000070c                CyBle_Init
 .text.CyBle_Start
                0x00000740       0xac .\CortexM0\ARM_GCC_541\Debug\SDBLEE.a(BLE_1.o)
                0x00000740                CyBle_Start
 .text.CyBle_GappStartAdvertisement
                0x000007ec       0x90 .\CortexM0\ARM_GCC_541\Debug\SDBLEE.a(BLE_1.o)
                0x000007ec                CyBle_GappStartAdvertisement
 .text.CyBle_GappStopAdvertisement
                0x0000087c       0x18 .\CortexM0\ARM_GCC_541\Debug\SDBLEE.a(BLE_1.o)
                0x0000087c                CyBle_GappStopAdvertisement
 .text.CyBle_ChangeAdDeviceAddress
                0x00000894        0x4 .\CortexM0\ARM_GCC_541\Debug\SDBLEE.a(BLE_1.o)
                0x00000894                CyBle_ChangeAdDeviceAddress
 .text.CyBle_Get16ByPtr
                0x00000898        0xc .\CortexM0\ARM_GCC_541\Debug\SDBLEE.a(BLE_1.o)
                0x00000898                CyBle_Get16ByPtr
 .text.CyBle_GattsWriteEventHandler
                0x000008a4       0x58 .\CortexM0\ARM_GCC_541\Debug\SDBLEE.a(BLE_1_gatt.o)
                0x000008a4                CyBle_GattsWriteEventHandler
 .text.CyBle_GattDisconnectEventHandler
                0x000008fc       0x10 .\CortexM0\ARM_GCC_541\Debug\SDBLEE.a(BLE_1_eventHandler.o)
 .text.CyBle_WriteReqHandler
                0x0000090c       0x38 .\CortexM0\ARM_GCC_541\Debug\SDBLEE.a(BLE_1_eventHandler.o)
 .text.CyBle_IsDeviceAddressValid
                0x00000944       0x24 .\CortexM0\ARM_GCC_541\Debug\SDBLEE.a(BLE_1_eventHandler.o)
                0x00000944                CyBle_IsDeviceAddressValid
 .text.CyBle_EventHandler
                0x00000968      0x2bc .\CortexM0\ARM_GCC_541\Debug\SDBLEE.a(BLE_1_eventHandler.o)
                0x00000968                CyBle_EventHandler
 .text.CyBle_CustomInit
                0x00000c24        0x4 .\CortexM0\ARM_GCC_541\Debug\SDBLEE.a(BLE_1_custom.o)
                0x00000c24                CyBle_CustomInit
 .text.CySysClkWriteImoFreq
                0x00000c28       0x64 .\CortexM0\ARM_GCC_541\Debug\SDBLEE.a(CyLib.o)
                0x00000c28                CySysClkWriteImoFreq
 .text.CySysClkEcoReadStatus
                0x00000c8c       0x10 .\CortexM0\ARM_GCC_541\Debug\SDBLEE.a(CyLib.o)
                0x00000c8c                CySysClkEcoReadStatus
 .text.CyIntEnable
                0x00000c9c       0x14 .\CortexM0\ARM_GCC_541\Debug\SDBLEE.a(CyLib.o)
                0x00000c9c                CyIntEnable
 .text.CyIntDisable
                0x00000cb0       0x14 .\CortexM0\ARM_GCC_541\Debug\SDBLEE.a(CyLib.o)
                0x00000cb0                CyIntDisable
 .text.CyHalt   0x00000cc4        0x4 .\CortexM0\ARM_GCC_541\Debug\SDBLEE.a(CyLib.o)
                0x00000cc4                CyHalt
 .text.CyIntSetVector
                0x00000cc8       0x24 .\CortexM0\ARM_GCC_541\Debug\SDBLEE.a(CyLib.o)
                0x00000cc8                CyIntSetVector
 .text.CyIntSetPriority
                0x00000cec       0x4c .\CortexM0\ARM_GCC_541\Debug\SDBLEE.a(CyLib.o)
                0x00000cec                CyIntSetPriority
 .text.CyDelay  0x00000d38       0x30 .\CortexM0\ARM_GCC_541\Debug\SDBLEE.a(CyLib.o)
                0x00000d38                CyDelay
 .text.CyDelayUs
                0x00000d68       0x14 .\CortexM0\ARM_GCC_541\Debug\SDBLEE.a(CyLib.o)
                0x00000d68                CyDelayUs
 .text.CySysClkEcoStart
                0x00000d7c       0x54 .\CortexM0\ARM_GCC_541\Debug\SDBLEE.a(CyLib.o)
                0x00000d7c                CySysClkEcoStart
 .text.CySysWdtLocked
                0x00000dd0       0x14 .\CortexM0\ARM_GCC_541\Debug\SDBLEE.a(CyLFClk.o)
 .text.CySysClkWcoStart
                0x00000de4       0x40 .\CortexM0\ARM_GCC_541\Debug\SDBLEE.a(CyLFClk.o)
                0x00000de4                CySysClkWcoStart
 .text.CySysClkWcoSetPowerMode
                0x00000e24       0x80 .\CortexM0\ARM_GCC_541\Debug\SDBLEE.a(CyLFClk.o)
                0x00000e24                CySysClkWcoSetPowerMode
 .text.CySysWdtLock
                0x00000ea4       0x1c .\CortexM0\ARM_GCC_541\Debug\SDBLEE.a(CyLFClk.o)
                0x00000ea4                CySysWdtLock
 .text.CySysWdtUnlock
                0x00000ec0       0x30 .\CortexM0\ARM_GCC_541\Debug\SDBLEE.a(CyLFClk.o)
                0x00000ec0                CySysWdtUnlock
 .text.CySysWdtGetEnabledStatus
                0x00000ef0       0x24 .\CortexM0\ARM_GCC_541\Debug\SDBLEE.a(CyLFClk.o)
                0x00000ef0                CySysWdtGetEnabledStatus
 .text.CySysWdtEnable
                0x00000f14       0x3c .\CortexM0\ARM_GCC_541\Debug\SDBLEE.a(CyLFClk.o)
                0x00000f14                CySysWdtEnable
 .text.CySysWdtClearInterrupt
                0x00000f50       0x4c .\CortexM0\ARM_GCC_541\Debug\SDBLEE.a(CyLFClk.o)
                0x00000f50                CySysWdtClearInterrupt
 .text.isr_1_SetVector
                0x00000f9c        0xc .\CortexM0\ARM_GCC_541\Debug\SDBLEE.a(isr_1.o)
                0x00000f9c                isr_1_SetVector
 .text.isr_1_SetPriority
                0x00000fa8       0x20 .\CortexM0\ARM_GCC_541\Debug\SDBLEE.a(isr_1.o)
                0x00000fa8                isr_1_SetPriority
 .text.isr_1_Enable
                0x00000fc8       0x10 .\CortexM0\ARM_GCC_541\Debug\SDBLEE.a(isr_1.o)
                0x00000fc8                isr_1_Enable
 .text.isr_1_Disable
                0x00000fd8       0x10 .\CortexM0\ARM_GCC_541\Debug\SDBLEE.a(isr_1.o)
                0x00000fd8                isr_1_Disable
 .text.isr_1_StartEx
                0x00000fe8       0x1c .\CortexM0\ARM_GCC_541\Debug\SDBLEE.a(isr_1.o)
                0x00000fe8                isr_1_StartEx
 .text.Blue_Write
                0x00001004       0x18 .\CortexM0\ARM_GCC_541\Debug\SDBLEE.a(Blue.o)
                0x00001004                Blue_Write
 .text.Red_Write
                0x0000101c       0x18 .\CortexM0\ARM_GCC_541\Debug\SDBLEE.a(Red.o)
                0x0000101c                Red_Write
 .text.Green_Write
                0x00001034       0x18 .\CortexM0\ARM_GCC_541\Debug\SDBLEE.a(Green.o)
                0x00001034                Green_Write
 .text.Green_Read
                0x0000104c       0x10 .\CortexM0\ARM_GCC_541\Debug\SDBLEE.a(Green.o)
                0x0000104c                Green_Read
 .text.I2C_1_ScbEnableIntr
                0x0000105c        0xc .\CortexM0\ARM_GCC_541\Debug\SDBLEE.a(I2C_1.o)
 .text.I2C_1_Init
                0x00001068        0x8 .\CortexM0\ARM_GCC_541\Debug\SDBLEE.a(I2C_1.o)
                0x00001068                I2C_1_Init
 .text.I2C_1_Enable
                0x00001070       0x18 .\CortexM0\ARM_GCC_541\Debug\SDBLEE.a(I2C_1.o)
                0x00001070                I2C_1_Enable
 .text.I2C_1_Start
                0x00001088       0x20 .\CortexM0\ARM_GCC_541\Debug\SDBLEE.a(I2C_1.o)
                0x00001088                I2C_1_Start
 .text.I2C_1_I2CInit
                0x000010a8       0xb8 .\CortexM0\ARM_GCC_541\Debug\SDBLEE.a(I2C_1_I2C.o)
                0x000010a8                I2C_1_I2CInit
 .text.I2C_1_I2CFwBlockReset
                0x00001160       0x5c .\CortexM0\ARM_GCC_541\Debug\SDBLEE.a(I2C_1_I2C.o)
                0x00001160                I2C_1_I2CFwBlockReset
 .text.CE_Pin_Write
                0x000011bc       0x18 .\CortexM0\ARM_GCC_541\Debug\SDBLEE.a(CE_Pin.o)
                0x000011bc                CE_Pin_Write
 .text.Volt_Regulator_Init
                0x000011d4      0x10c .\CortexM0\ARM_GCC_541\Debug\SDBLEE.a(Volt_Regulator.o)
                0x000011d4                Volt_Regulator_Init
 .text.Volt_Regulator_Enable
                0x000012e0       0x30 .\CortexM0\ARM_GCC_541\Debug\SDBLEE.a(Volt_Regulator.o)
                0x000012e0                Volt_Regulator_Enable
 .text.Volt_Regulator_Start
                0x00001310       0x20 .\CortexM0\ARM_GCC_541\Debug\SDBLEE.a(Volt_Regulator.o)
                0x00001310                Volt_Regulator_Start
 .text.Volt_Regulator_GetResult16
                0x00001330       0x2c .\CortexM0\ARM_GCC_541\Debug\SDBLEE.a(Volt_Regulator.o)
                0x00001330                Volt_Regulator_GetResult16
 .text.Volt_Regulator_SetGain
                0x0000135c       0x1c .\CortexM0\ARM_GCC_541\Debug\SDBLEE.a(Volt_Regulator.o)
                0x0000135c                Volt_Regulator_SetGain
 .text.Volt_Regulator_CountsTo_Volts
                0x00001378       0x48 .\CortexM0\ARM_GCC_541\Debug\SDBLEE.a(Volt_Regulator.o)
                0x00001378                Volt_Regulator_CountsTo_Volts
 .text.Volt_Regulator_ISR
                0x000013c0        0xc .\CortexM0\ARM_GCC_541\Debug\SDBLEE.a(Volt_Regulator_INT.o)
                0x000013c0                Volt_Regulator_ISR
 .text.UART_Start
                0x000013cc        0x4 .\CortexM0\ARM_GCC_541\Debug\SDBLEE.a(UART.o)
                0x000013cc                UART_Start
 .text.UART_PutString
                0x000013d0       0x1c .\CortexM0\ARM_GCC_541\Debug\SDBLEE.a(UART.o)
                0x000013d0                UART_PutString
 *fill*         0x000013ec        0x4 
 .text          0x000013f0       0x20 .\CortexM0\ARM_GCC_541\Debug\SDBLEE.a(CyBootAsmGnu.o)
                0x000013f0                CyDelayCycles
                0x00001402                CyEnterCriticalSection
                0x0000140a                CyExitCriticalSection
 *fill*         0x00001410       0x10 
 .text          0x00001420       0xd4 .\CortexM0\ARM_GCC_541\Debug\SDBLEE.a(UART_AsmGnu.o)
                0x00001420                UART_PutChar
 .text.I2C_1_I2C_ISR
                0x000014f4      0x340 .\CortexM0\ARM_GCC_541\Debug\SDBLEE.a(I2C_1_I2C_INT.o)
                0x000014f4                I2C_1_I2C_ISR
 .text.CyBLE_Bless_LlRegWrite
                0x00001834        0x4 .\CortexM0\ARM_GCC_541\Debug\SDBLEE.a(BLE_1_HAL_PVT.o)
                0x00001834                CyBLE_Bless_LlRegWrite
 .text.CyBLE_Bless_RfRegWrite
                0x00001838        0x4 .\CortexM0\ARM_GCC_541\Debug\SDBLEE.a(BLE_1_HAL_PVT.o)
                0x00001838                CyBLE_Bless_RfRegWrite
 .text.CyBLE_BlessDeviceConfig
                0x0000183c      0x134 .\CortexM0\ARM_GCC_541\Debug\SDBLEE.a(BLE_1_HAL_PVT.o)
                0x0000183c                CyBLE_BlessDeviceConfig
 .text.CyBleHal_DelayUs
                0x00001970        0x8 .\CortexM0\ARM_GCC_541\Debug\SDBLEE.a(BLE_1_HAL_PVT.o)
                0x00001970                CyBleHal_DelayUs
 .text.CyBleHal_DelayMs
                0x00001978        0x8 .\CortexM0\ARM_GCC_541\Debug\SDBLEE.a(BLE_1_HAL_PVT.o)
                0x00001978                CyBleHal_DelayMs
 .text.CyBleHal_EnableGlobalInterrupts
                0x00001980        0x8 .\CortexM0\ARM_GCC_541\Debug\SDBLEE.a(BLE_1_HAL_PVT.o)
                0x00001980                CyBleHal_EnableGlobalInterrupts
 .text.CyBleHal_DisableGlobalInterrupts
                0x00001988        0x8 .\CortexM0\ARM_GCC_541\Debug\SDBLEE.a(BLE_1_HAL_PVT.o)
                0x00001988                CyBleHal_DisableGlobalInterrupts
 .text.CyBle_HalInit
                0x00001990       0x18 .\CortexM0\ARM_GCC_541\Debug\SDBLEE.a(BLE_1_HAL_PVT.o)
                0x00001990                CyBle_HalInit
 .text.CYBLE_BlessStart
                0x000019a8       0x10 .\CortexM0\ARM_GCC_541\Debug\SDBLEE.a(BLE_1_HAL_PVT.o)
                0x000019a8                CYBLE_BlessStart
 .text.CyBLE_GetIpBlockVersion
                0x000019b8        0x8 .\CortexM0\ARM_GCC_541\Debug\SDBLEE.a(BLE_1_HAL_PVT.o)
                0x000019b8                CyBLE_GetIpBlockVersion
 .text.CyBle_Hal_pairing_local_public_key_handler
                0x000019c0        0x4 .\CortexM0\ARM_GCC_541\Debug\SDBLEE.a(BLE_1_HAL_PVT.o)
                0x000019c0                CyBle_Hal_pairing_local_public_key_handler
 .text.CyBle_Hal_pairing_remote_key_handler
                0x000019c4        0x4 .\CortexM0\ARM_GCC_541\Debug\SDBLEE.a(BLE_1_HAL_PVT.o)
                0x000019c4                CyBle_Hal_pairing_remote_key_handler
 .text.CyBle_Hal_pairing_dhkey_handler
                0x000019c8        0x4 .\CortexM0\ARM_GCC_541\Debug\SDBLEE.a(BLE_1_HAL_PVT.o)
                0x000019c8                CyBle_Hal_pairing_dhkey_handler
 .text.CyBle_Hal_pairing_dhkey_check_handler
                0x000019cc        0x4 .\CortexM0\ARM_GCC_541\Debug\SDBLEE.a(BLE_1_HAL_PVT.o)
                0x000019cc                CyBle_Hal_pairing_dhkey_check_handler
 .text.CyBle_Hal_pairing_keypress_notification_handler
                0x000019d0        0x4 .\CortexM0\ARM_GCC_541\Debug\SDBLEE.a(BLE_1_HAL_PVT.o)
                0x000019d0                CyBle_Hal_pairing_keypress_notification_handler
 .text.CyBle_Hal_pairing_rand_handler
                0x000019d4        0x4 .\CortexM0\ARM_GCC_541\Debug\SDBLEE.a(BLE_1_HAL_PVT.o)
                0x000019d4                CyBle_Hal_pairing_rand_handler
 .text.CyBle_Hal_pairing_confirm_handler
                0x000019d8        0x4 .\CortexM0\ARM_GCC_541\Debug\SDBLEE.a(BLE_1_HAL_PVT.o)
                0x000019d8                CyBle_Hal_pairing_confirm_handler
 .text.CyBle_Hal_pairing_lr_confirming_handler
                0x000019dc        0x4 .\CortexM0\ARM_GCC_541\Debug\SDBLEE.a(BLE_1_HAL_PVT.o)
                0x000019dc                CyBle_Hal_pairing_lr_confirming_handler
 .text.CyBle_Hal_pairing_sc_tbx_local_pubkey_generate_complete
                0x000019e0        0x4 .\CortexM0\ARM_GCC_541\Debug\SDBLEE.a(BLE_1_HAL_PVT.o)
                0x000019e0                CyBle_Hal_pairing_sc_tbx_local_pubkey_generate_complete
 .text.CyBle_Hal_pairing_sc_generate_local_P256_public_key
                0x000019e4        0x4 .\CortexM0\ARM_GCC_541\Debug\SDBLEE.a(BLE_1_HAL_PVT.o)
                0x000019e4                CyBle_Hal_pairing_sc_generate_local_P256_public_key
 .text.CyBle_Hal_se_smp_sc_user_passkey_handler
                0x000019e8        0x4 .\CortexM0\ARM_GCC_541\Debug\SDBLEE.a(BLE_1_HAL_PVT.o)
                0x000019e8                CyBle_Hal_se_smp_sc_user_passkey_handler
 .text.CyBle_Hal_EccPointMult
                0x000019ec        0x4 .\CortexM0\ARM_GCC_541\Debug\SDBLEE.a(BLE_1_HAL_PVT.o)
                0x000019ec                CyBle_Hal_EccPointMult
 .text.BLE_1_bless_isr_SetVector
                0x000019f0        0xc .\CortexM0\ARM_GCC_541\Debug\SDBLEE.a(BLE_1_bless_isr.o)
                0x000019f0                BLE_1_bless_isr_SetVector
 .text.BLE_1_bless_isr_SetPriority
                0x000019fc       0x20 .\CortexM0\ARM_GCC_541\Debug\SDBLEE.a(BLE_1_bless_isr.o)
                0x000019fc                BLE_1_bless_isr_SetPriority
 .text.BLE_1_bless_isr_Enable
                0x00001a1c       0x10 .\CortexM0\ARM_GCC_541\Debug\SDBLEE.a(BLE_1_bless_isr.o)
                0x00001a1c                BLE_1_bless_isr_Enable
 .text.BLE_1_bless_isr_Disable
                0x00001a2c       0x10 .\CortexM0\ARM_GCC_541\Debug\SDBLEE.a(BLE_1_bless_isr.o)
                0x00001a2c                BLE_1_bless_isr_Disable
 .text.BLE_1_bless_isr_StartEx
                0x00001a3c       0x1c .\CortexM0\ARM_GCC_541\Debug\SDBLEE.a(BLE_1_bless_isr.o)
                0x00001a3c                BLE_1_bless_isr_StartEx
 .text.CySysPmSleep
                0x00001a58       0x1c .\CortexM0\ARM_GCC_541\Debug\SDBLEE.a(cyPm.o)
                0x00001a58                CySysPmSleep
 .text.CyBLE_Bless_Interrupt
                0x00001a74        0x8 .\CortexM0\ARM_GCC_541\Debug\SDBLEE.a(BLE_1_HAL_INT.o)
                0x00001a74                CyBLE_Bless_Interrupt
 .text          0x00001a7c      0x114 c:/program files (x86)/cypress/psoc creator/4.2/psoc creator/import/gnu/arm/5.4.1/bin/../lib/gcc/arm-none-eabi/5.4.1/armv6-m\libgcc.a(_udivsi3.o)
                0x00001a7c                __aeabi_uidiv
                0x00001a7c                __udivsi3
                0x00001b88                __aeabi_uidivmod
 .text          0x00001b90      0x1d4 c:/program files (x86)/cypress/psoc creator/4.2/psoc creator/import/gnu/arm/5.4.1/bin/../lib/gcc/arm-none-eabi/5.4.1/armv6-m\libgcc.a(_divsi3.o)
                0x00001b90                __divsi3
                0x00001b90                __aeabi_idiv
                0x00001d5c                __aeabi_idivmod
 .text          0x00001d64        0x4 c:/program files (x86)/cypress/psoc creator/4.2/psoc creator/import/gnu/arm/5.4.1/bin/../lib/gcc/arm-none-eabi/5.4.1/armv6-m\libgcc.a(_dvmd_tls.o)
                0x00001d64                __aeabi_idiv0
                0x00001d64                __aeabi_ldiv0
 .text          0x00001d68       0x58 c:/program files (x86)/cypress/psoc creator/4.2/psoc creator/import/gnu/arm/5.4.1/bin/../lib/gcc/arm-none-eabi/5.4.1/armv6-m\libgcc.a(_muldi3.o)
                0x00001d68                __muldi3
                0x00001d68                __aeabi_lmul
 .text          0x00001dc0       0x30 c:/program files (x86)/cypress/psoc creator/4.2/psoc creator/import/gnu/arm/5.4.1/bin/../lib/gcc/arm-none-eabi/5.4.1/armv6-m\libgcc.a(_fixunssfsi.o)
                0x00001dc0                __fixunssfsi
                0x00001dc0                __aeabi_f2uiz
 .text          0x00001df0      0x234 c:/program files (x86)/cypress/psoc creator/4.2/psoc creator/import/gnu/arm/5.4.1/bin/../lib/gcc/arm-none-eabi/5.4.1/armv6-m\libgcc.a(divsf3.o)
                0x00001df0                __aeabi_fdiv
 .text          0x00002024      0x228 c:/program files (x86)/cypress/psoc creator/4.2/psoc creator/import/gnu/arm/5.4.1/bin/../lib/gcc/arm-none-eabi/5.4.1/armv6-m\libgcc.a(mulsf3.o)
                0x00002024                __aeabi_fmul
 .text          0x0000224c      0x30c c:/program files (x86)/cypress/psoc creator/4.2/psoc creator/import/gnu/arm/5.4.1/bin/../lib/gcc/arm-none-eabi/5.4.1/armv6-m\libgcc.a(subsf3.o)
                0x0000224c                __aeabi_fsub
 .text          0x00002558       0x44 c:/program files (x86)/cypress/psoc creator/4.2/psoc creator/import/gnu/arm/5.4.1/bin/../lib/gcc/arm-none-eabi/5.4.1/armv6-m\libgcc.a(fixsfsi.o)
                0x00002558                __aeabi_f2iz
 .text          0x0000259c       0x90 c:/program files (x86)/cypress/psoc creator/4.2/psoc creator/import/gnu/arm/5.4.1/bin/../lib/gcc/arm-none-eabi/5.4.1/armv6-m\libgcc.a(floatsisf.o)
                0x0000259c                __aeabi_i2f
 .text          0x0000262c       0x74 c:/program files (x86)/cypress/psoc creator/4.2/psoc creator/import/gnu/arm/5.4.1/bin/../lib/gcc/arm-none-eabi/5.4.1/armv6-m\libgcc.a(_arm_cmpsf2.o)
                0x0000262c                __aeabi_cfrcmple
                0x00002634                __aeabi_cfcmpeq
                0x00002634                __aeabi_cfcmple
                0x00002644                __aeabi_fcmpeq
                0x00002650                __aeabi_fcmplt
                0x00002664                __aeabi_fcmple
                0x00002678                __aeabi_fcmpgt
                0x0000268c                __aeabi_fcmpge
 .text          0x000026a0       0x3c c:/program files (x86)/cypress/psoc creator/4.2/psoc creator/import/gnu/arm/5.4.1/bin/../lib/gcc/arm-none-eabi/5.4.1/armv6-m\libgcc.a(_clzsi2.o)
                0x000026a0                __clzsi2
 .text          0x000026dc       0x50 c:/program files (x86)/cypress/psoc creator/4.2/psoc creator/import/gnu/arm/5.4.1/bin/../lib/gcc/arm-none-eabi/5.4.1/armv6-m\libgcc.a(eqsf2.o)
                0x000026dc                __eqsf2
                0x000026dc                __nesf2
 .text          0x0000272c       0x88 c:/program files (x86)/cypress/psoc creator/4.2/psoc creator/import/gnu/arm/5.4.1/bin/../lib/gcc/arm-none-eabi/5.4.1/armv6-m\libgcc.a(gesf2.o)
                0x0000272c                __gesf2
                0x0000272c                __gtsf2
 .text          0x000027b4       0x88 c:/program files (x86)/cypress/psoc creator/4.2/psoc creator/import/gnu/arm/5.4.1/bin/../lib/gcc/arm-none-eabi/5.4.1/armv6-m\libgcc.a(lesf2.o)
                0x000027b4                __ltsf2
                0x000027b4                __lesf2
 .text.__errno  0x0000283c        0xc c:/program files (x86)/cypress/psoc creator/4.2/psoc creator/import/gnu/arm/5.4.1/bin/../lib/gcc/arm-none-eabi/5.4.1/../../../../arm-none-eabi/lib/armv6-m\libg_nano.a(lib_a-errno.o)
                0x0000283c                __errno
 .text.__libc_init_array
                0x00002848       0x4c c:/program files (x86)/cypress/psoc creator/4.2/psoc creator/import/gnu/arm/5.4.1/bin/../lib/gcc/arm-none-eabi/5.4.1/../../../../arm-none-eabi/lib/armv6-m\libg_nano.a(lib_a-init.o)
                0x00002848                __libc_init_array
 .text.memcmp   0x00002894       0x1e c:/program files (x86)/cypress/psoc creator/4.2/psoc creator/import/gnu/arm/5.4.1/bin/../lib/gcc/arm-none-eabi/5.4.1/../../../../arm-none-eabi/lib/armv6-m\libg_nano.a(lib_a-memcmp.o)
                0x00002894                memcmp
 .text.memcpy   0x000028b2       0x12 c:/program files (x86)/cypress/psoc creator/4.2/psoc creator/import/gnu/arm/5.4.1/bin/../lib/gcc/arm-none-eabi/5.4.1/../../../../arm-none-eabi/lib/armv6-m\libg_nano.a(lib_a-memcpy-stub.o)
                0x000028b2                memcpy
 .text.memset   0x000028c4       0x10 c:/program files (x86)/cypress/psoc creator/4.2/psoc creator/import/gnu/arm/5.4.1/bin/../lib/gcc/arm-none-eabi/5.4.1/../../../../arm-none-eabi/lib/armv6-m\libg_nano.a(lib_a-memset.o)
                0x000028c4                memset
 .text.srand    0x000028d4       0x5c c:/program files (x86)/cypress/psoc creator/4.2/psoc creator/import/gnu/arm/5.4.1/bin/../lib/gcc/arm-none-eabi/5.4.1/../../../../arm-none-eabi/lib/armv6-m\libg_nano.a(lib_a-rand.o)
                0x000028d4                srand
 .text.rand     0x00002930       0x78 c:/program files (x86)/cypress/psoc creator/4.2/psoc creator/import/gnu/arm/5.4.1/bin/../lib/gcc/arm-none-eabi/5.4.1/../../../../arm-none-eabi/lib/armv6-m\libg_nano.a(lib_a-rand.o)
                0x00002930                rand
 .text.sprintf  0x000029a8       0x44 c:/program files (x86)/cypress/psoc creator/4.2/psoc creator/import/gnu/arm/5.4.1/bin/../lib/gcc/arm-none-eabi/5.4.1/../../../../arm-none-eabi/lib/armv6-m\libg_nano.a(lib_a-sprintf.o)
                0x000029a8                siprintf
                0x000029a8                sprintf
 .text.time     0x000029ec       0x28 c:/program files (x86)/cypress/psoc creator/4.2/psoc creator/import/gnu/arm/5.4.1/bin/../lib/gcc/arm-none-eabi/5.4.1/../../../../arm-none-eabi/lib/armv6-m\libg_nano.a(lib_a-time.o)
                0x000029ec                time
 .text._gettimeofday_r
                0x00002a14       0x24 c:/program files (x86)/cypress/psoc creator/4.2/psoc creator/import/gnu/arm/5.4.1/bin/../lib/gcc/arm-none-eabi/5.4.1/../../../../arm-none-eabi/lib/armv6-m\libg_nano.a(lib_a-gettimeofdayr.o)
                0x00002a14                _gettimeofday_r
 .text.malloc   0x00002a38       0x14 c:/program files (x86)/cypress/psoc creator/4.2/psoc creator/import/gnu/arm/5.4.1/bin/../lib/gcc/arm-none-eabi/5.4.1/../../../../arm-none-eabi/lib/armv6-m\libg_nano.a(lib_a-malloc.o)
                0x00002a38                malloc
 .text._free_r  0x00002a4c       0x98 c:/program files (x86)/cypress/psoc creator/4.2/psoc creator/import/gnu/arm/5.4.1/bin/../lib/gcc/arm-none-eabi/5.4.1/../../../../arm-none-eabi/lib/armv6-m\libg_nano.a(lib_a-nano-freer.o)
                0x00002a4c                _free_r
 .text._malloc_r
                0x00002ae4       0xc0 c:/program files (x86)/cypress/psoc creator/4.2/psoc creator/import/gnu/arm/5.4.1/bin/../lib/gcc/arm-none-eabi/5.4.1/../../../../arm-none-eabi/lib/armv6-m\libg_nano.a(lib_a-nano-mallocr.o)
                0x00002ae4                _malloc_r
 .text.__ssputs_r
                0x00002ba4       0xc4 c:/program files (x86)/cypress/psoc creator/4.2/psoc creator/import/gnu/arm/5.4.1/bin/../lib/gcc/arm-none-eabi/5.4.1/../../../../arm-none-eabi/lib/armv6-m\libg_nano.a(lib_a-nano-svfprintf.o)
                0x00002ba4                __ssputs_r
 .text._svfprintf_r
                0x00002c68      0x1fc c:/program files (x86)/cypress/psoc creator/4.2/psoc creator/import/gnu/arm/5.4.1/bin/../lib/gcc/arm-none-eabi/5.4.1/../../../../arm-none-eabi/lib/armv6-m\libg_nano.a(lib_a-nano-svfprintf.o)
                0x00002c68                _svfiprintf_r
                0x00002c68                _svfprintf_r
 .text._printf_common
                0x00002e64       0xdc c:/program files (x86)/cypress/psoc creator/4.2/psoc creator/import/gnu/arm/5.4.1/bin/../lib/gcc/arm-none-eabi/5.4.1/../../../../arm-none-eabi/lib/armv6-m\libg_nano.a(lib_a-nano-vfprintf_i.o)
                0x00002e64                _printf_common
 .text._printf_i
                0x00002f40      0x244 c:/program files (x86)/cypress/psoc creator/4.2/psoc creator/import/gnu/arm/5.4.1/bin/../lib/gcc/arm-none-eabi/5.4.1/../../../../arm-none-eabi/lib/armv6-m\libg_nano.a(lib_a-nano-vfprintf_i.o)
                0x00002f40                _printf_i
 .text._sbrk_r  0x00003184       0x24 c:/program files (x86)/cypress/psoc creator/4.2/psoc creator/import/gnu/arm/5.4.1/bin/../lib/gcc/arm-none-eabi/5.4.1/../../../../arm-none-eabi/lib/armv6-m\libg_nano.a(lib_a-sbrkr.o)
                0x00003184                _sbrk_r
 .text.memchr   0x000031a8       0x16 c:/program files (x86)/cypress/psoc creator/4.2/psoc creator/import/gnu/arm/5.4.1/bin/../lib/gcc/arm-none-eabi/5.4.1/../../../../arm-none-eabi/lib/armv6-m\libg_nano.a(lib_a-memchr-stub.o)
                0x000031a8                memchr
 .text.memmove  0x000031be       0x2a c:/program files (x86)/cypress/psoc creator/4.2/psoc creator/import/gnu/arm/5.4.1/bin/../lib/gcc/arm-none-eabi/5.4.1/../../../../arm-none-eabi/lib/armv6-m\libg_nano.a(lib_a-memmove.o)
                0x000031be                memmove
 .text.__malloc_lock
                0x000031e8        0x2 c:/program files (x86)/cypress/psoc creator/4.2/psoc creator/import/gnu/arm/5.4.1/bin/../lib/gcc/arm-none-eabi/5.4.1/../../../../arm-none-eabi/lib/armv6-m\libg_nano.a(lib_a-mlock.o)
                0x000031e8                __malloc_lock
 .text.__malloc_unlock
                0x000031ea        0x2 c:/program files (x86)/cypress/psoc creator/4.2/psoc creator/import/gnu/arm/5.4.1/bin/../lib/gcc/arm-none-eabi/5.4.1/../../../../arm-none-eabi/lib/armv6-m\libg_nano.a(lib_a-mlock.o)
                0x000031ea                __malloc_unlock
 .text._realloc_r
                0x000031ec       0x4c c:/program files (x86)/cypress/psoc creator/4.2/psoc creator/import/gnu/arm/5.4.1/bin/../lib/gcc/arm-none-eabi/5.4.1/../../../../arm-none-eabi/lib/armv6-m\libg_nano.a(lib_a-nano-reallocr.o)
                0x000031ec                _realloc_r
 .text._malloc_usable_size_r
                0x00003238       0x16 c:/program files (x86)/cypress/psoc creator/4.2/psoc creator/import/gnu/arm/5.4.1/bin/../lib/gcc/arm-none-eabi/5.4.1/../../../../arm-none-eabi/lib/armv6-m\libg_nano.a(lib_a-nano-msizer.o)
                0x00003238                _malloc_usable_size_r
 *fill*         0x0000324e        0x2 
 .text._gettimeofday
                0x00003250       0x10 c:/program files (x86)/cypress/psoc creator/4.2/psoc creator/import/gnu/arm/5.4.1/bin/../lib/gcc/arm-none-eabi/5.4.1/../../../../arm-none-eabi/lib/armv6-m\libnosys.a(gettod.o)
                0x00003250                _gettimeofday
 *(.plt)
 *(.gnu.warning)
 *(.glue_7t)
 .glue_7t       0x00003260        0x0 linker stubs
 *(.glue_7)
 .glue_7        0x00003260        0x0 linker stubs
 *(.vfp11_veneer)
 .vfp11_veneer  0x00003260        0x0 linker stubs
 *(.bootloader)
 *(.ARM.extab* .gnu.linkonce.armextab.*)
 *(.gcc_except_table)

.v4_bx          0x00003260        0x0
 .v4_bx         0x00003260        0x0 linker stubs

.iplt           0x00003260        0x0
 .iplt          0x00003260        0x0 c:/program files (x86)/cypress/psoc creator/4.2/psoc creator/import/gnu/arm/5.4.1/bin/../lib/gcc/arm-none-eabi/5.4.1/armv6-m/crtbegin.o

i.CyBle_ControllerGetFeatureHeapReq
                0x00003260       0x58
 i.CyBle_ControllerGetFeatureHeapReq
                0x00003260       0x58 ..\..\4.2\Downloads ( 4.2).cylib\BLE_v3_61\Library\gccCyBLEStack_BLE_SOC_PERIPHERAL.a(CyBle.o)
                0x00003260                CyBle_ControllerGetFeatureHeapReq

i.CyBle_EnableDefaultDevicePrivacy
                0x000032b8        0x8
 i.CyBle_EnableDefaultDevicePrivacy
                0x000032b8        0x8 ..\..\4.2\Downloads ( 4.2).cylib\BLE_v3_61\Library\gccCyBLEStack_BLE_SOC_PERIPHERAL.a(CyBle.o)
                0x000032b8                CyBle_EnableDefaultDevicePrivacy

i.CyBle_ExitLPM
                0x000032c0        0x8
 i.CyBle_ExitLPM
                0x000032c0        0x8 ..\..\4.2\Downloads ( 4.2).cylib\BLE_v3_61\Library\gccCyBLEStack_BLE_SOC_PERIPHERAL.a(CyBle.o)
                0x000032c0                CyBle_ExitLPM

i.CyBle_ProcessEvents
                0x000032c8        0x8
 i.CyBle_ProcessEvents
                0x000032c8        0x8 ..\..\4.2\Downloads ( 4.2).cylib\BLE_v3_61\Library\gccCyBLEStack_BLE_SOC_PERIPHERAL.a(CyBle.o)
                0x000032c8                CyBle_ProcessEvents

i.CyBle_SetDeviceAddress
                0x000032d0       0x24
 i.CyBle_SetDeviceAddress
                0x000032d0       0x24 ..\..\4.2\Downloads ( 4.2).cylib\BLE_v3_61\Library\gccCyBLEStack_BLE_SOC_PERIPHERAL.a(CyBle.o)
                0x000032d0                CyBle_SetDeviceAddress

i.CyBle_StackGetFeatureConfig
                0x000032f4       0x38
 i.CyBle_StackGetFeatureConfig
                0x000032f4       0x38 ..\..\4.2\Downloads ( 4.2).cylib\BLE_v3_61\Library\gccCyBLEStack_BLE_SOC_PERIPHERAL.a(CyBle.o)
                0x000032f4                CyBle_StackGetFeatureConfig

i.CyBle_StackInit
                0x0000332c      0x154
 i.CyBle_StackInit
                0x0000332c      0x154 ..\..\4.2\Downloads ( 4.2).cylib\BLE_v3_61\Library\gccCyBLEStack_BLE_SOC_PERIPHERAL.a(CyBle.o)
                0x0000332c                CyBle_StackInit

i.CyBle_StackSetFeatureConfig
                0x00003480       0xe8
 i.CyBle_StackSetFeatureConfig
                0x00003480       0xe8 ..\..\4.2\Downloads ( 4.2).cylib\BLE_v3_61\Library\gccCyBLEStack_BLE_SOC_PERIPHERAL.a(CyBle.o)
                0x00003480                CyBle_StackSetFeatureConfig

i.CyBle_StackValidateInputParams
                0x00003568       0xf4
 i.CyBle_StackValidateInputParams
                0x00003568       0xf4 ..\..\4.2\Downloads ( 4.2).cylib\BLE_v3_61\Library\gccCyBLEStack_BLE_SOC_PERIPHERAL.a(CyBle.o)

i.__ARM_common_switch8
                0x0000365c       0x1a
 i.__ARM_common_switch8
                0x0000365c       0x1a ..\..\4.2\Downloads ( 4.2).cylib\BLE_v3_61\Library\gccCyBLEStack_BLE_SOC_PERIPHERAL.a(CyBle.o)
                0x0000365c                __ARM_common_switch8

i.CyBleStackMgr_Init
                0x00003678      0x10c
 i.CyBleStackMgr_Init
                0x00003678      0x10c ..\..\4.2\Downloads ( 4.2).cylib\BLE_v3_61\Library\gccCyBLEStack_BLE_SOC_PERIPHERAL.a(CyBleStackMgrIP_Interface.o)
                0x00003678                CyBleStackMgr_Init

i.CyBleStackMgr_ProcessBleEvents
                0x00003784       0x14
 i.CyBleStackMgr_ProcessBleEvents
                0x00003784       0x14 ..\..\4.2\Downloads ( 4.2).cylib\BLE_v3_61\Library\gccCyBLEStack_BLE_SOC_PERIPHERAL.a(CyBleStackMgrIP_Interface.o)
                0x00003784                CyBleStackMgr_ProcessBleEvents

i.CyBle_GetHeapMemory
                0x00003798       0x28
 i.CyBle_GetHeapMemory
                0x00003798       0x28 ..\..\4.2\Downloads ( 4.2).cylib\BLE_v3_61\Library\gccCyBLEStack_BLE_SOC_PERIPHERAL.a(CyBleStackMgrIP_Interface.o)
                0x00003798                CyBle_GetHeapMemory

i.CyBle_GetNumAppBufferPools
                0x000037c0        0xc
 i.CyBle_GetNumAppBufferPools
                0x000037c0        0xc ..\..\4.2\Downloads ( 4.2).cylib\BLE_v3_61\Library\gccCyBLEStack_BLE_SOC_PERIPHERAL.a(CyBleStackMgrIP_Interface.o)
                0x000037c0                CyBle_GetNumAppBufferPools

i.CyBle_HostStackBufferPoolInit
                0x000037cc       0xec
 i.CyBle_HostStackBufferPoolInit
                0x000037cc       0xec ..\..\4.2\Downloads ( 4.2).cylib\BLE_v3_61\Library\gccCyBLEStack_BLE_SOC_PERIPHERAL.a(CyBleStackMgrIP_Interface.o)

i.ble_stack_idle_task_callback
                0x000038b8        0x2
 i.ble_stack_idle_task_callback
                0x000038b8        0x2 ..\..\4.2\Downloads ( 4.2).cylib\BLE_v3_61\Library\gccCyBLEStack_BLE_SOC_PERIPHERAL.a(CyBleStackMgrIP_Interface.o)
                0x000038b8                ble_stack_idle_task_callback

i.BT_OSFreeBuf  0x000038bc       0x20
 i.BT_OSFreeBuf
                0x000038bc       0x20 ..\..\4.2\Downloads ( 4.2).cylib\BLE_v3_61\Library\gccCyBLEStack_BLE_SOC_PERIPHERAL.a(BT_os.o)
                0x000038bc                BT_OSFreeBuf

i.BT_OSGetBuF   0x000038dc       0x34
 i.BT_OSGetBuF  0x000038dc       0x34 ..\..\4.2\Downloads ( 4.2).cylib\BLE_v3_61\Library\gccCyBLEStack_BLE_SOC_PERIPHERAL.a(BT_os.o)
                0x000038dc                BT_OSGetBuF

i.BT_OSMemCreate
                0x00003910       0x3c
 i.BT_OSMemCreate
                0x00003910       0x3c ..\..\4.2\Downloads ( 4.2).cylib\BLE_v3_61\Library\gccCyBLEStack_BLE_SOC_PERIPHERAL.a(BT_os.o)
                0x00003910                BT_OSMemCreate

i.BT_alloc_mem_ext
                0x0000394c       0x3c
 i.BT_alloc_mem_ext
                0x0000394c       0x3c ..\..\4.2\Downloads ( 4.2).cylib\BLE_v3_61\Library\gccCyBLEStack_BLE_SOC_PERIPHERAL.a(BT_os.o)
                0x0000394c                BT_alloc_mem_ext

i.BT_free_mem   0x00003988        0xc
 i.BT_free_mem  0x00003988        0xc ..\..\4.2\Downloads ( 4.2).cylib\BLE_v3_61\Library\gccCyBLEStack_BLE_SOC_PERIPHERAL.a(BT_os.o)
                0x00003988                BT_free_mem

i.bt_stack_create_buffer_pool
                0x00003994       0x30
 i.bt_stack_create_buffer_pool
                0x00003994       0x30 ..\..\4.2\Downloads ( 4.2).cylib\BLE_v3_61\Library\gccCyBLEStack_BLE_SOC_PERIPHERAL.a(BT_os.o)
                0x00003994                bt_stack_create_buffer_pool

i.BT_start_timer
                0x000039c4       0xa8
 i.BT_start_timer
                0x000039c4       0xa8 ..\..\4.2\Downloads ( 4.2).cylib\BLE_v3_61\Library\gccCyBLEStack_BLE_SOC_PERIPHERAL.a(BT_timer.o)
                0x000039c4                BT_start_timer

i.BT_stop_timer
                0x00003a6c       0x64
 i.BT_stop_timer
                0x00003a6c       0x64 ..\..\4.2\Downloads ( 4.2).cylib\BLE_v3_61\Library\gccCyBLEStack_BLE_SOC_PERIPHERAL.a(BT_timer.o)
                0x00003a6c                BT_stop_timer

i.BT_timer_process_signals
                0x00003ad0       0xa4
 i.BT_timer_process_signals
                0x00003ad0       0xa4 ..\..\4.2\Downloads ( 4.2).cylib\BLE_v3_61\Library\gccCyBLEStack_BLE_SOC_PERIPHERAL.a(BT_timer.o)
                0x00003ad0                BT_timer_process_signals

i.pf_timer_handle_callback
                0x00003b74       0x20
 i.pf_timer_handle_callback
                0x00003b74       0x20 ..\..\4.2\Downloads ( 4.2).cylib\BLE_v3_61\Library\gccCyBLEStack_BLE_SOC_PERIPHERAL.a(BT_timer.o)
                0x00003b74                pf_timer_handle_callback

i.timer_active_entity
                0x00003b94       0x24
 i.timer_active_entity
                0x00003b94       0x24 ..\..\4.2\Downloads ( 4.2).cylib\BLE_v3_61\Library\gccCyBLEStack_BLE_SOC_PERIPHERAL.a(BT_timer.o)
                0x00003b94                timer_active_entity

i.timer_alloc_entity
                0x00003bb8       0x1c
 i.timer_alloc_entity
                0x00003bb8       0x1c ..\..\4.2\Downloads ( 4.2).cylib\BLE_v3_61\Library\gccCyBLEStack_BLE_SOC_PERIPHERAL.a(BT_timer.o)
                0x00003bb8                timer_alloc_entity

i.timer_allocated_entity
                0x00003bd4       0x34
 i.timer_allocated_entity
                0x00003bd4       0x34 ..\..\4.2\Downloads ( 4.2).cylib\BLE_v3_61\Library\gccCyBLEStack_BLE_SOC_PERIPHERAL.a(BT_timer.o)
                0x00003bd4                timer_allocated_entity

i.timer_bt_init
                0x00003c08        0x2
 i.timer_bt_init
                0x00003c08        0x2 ..\..\4.2\Downloads ( 4.2).cylib\BLE_v3_61\Library\gccCyBLEStack_BLE_SOC_PERIPHERAL.a(BT_timer.o)
                0x00003c08                timer_bt_init

i.timer_init    0x00003c0c       0x28
 i.timer_init   0x00003c0c       0x28 ..\..\4.2\Downloads ( 4.2).cylib\BLE_v3_61\Library\gccCyBLEStack_BLE_SOC_PERIPHERAL.a(BT_timer.o)
                0x00003c0c                timer_init

i.timer_update_offsets
                0x00003c34       0x2c
 i.timer_update_offsets
                0x00003c34       0x2c ..\..\4.2\Downloads ( 4.2).cylib\BLE_v3_61\Library\gccCyBLEStack_BLE_SOC_PERIPHERAL.a(BT_timer.o)

i.CyBle_CheckBleStackTaskStatus
                0x00003c60        0x4
 i.CyBle_CheckBleStackTaskStatus
                0x00003c60        0x4 ..\..\4.2\Downloads ( 4.2).cylib\BLE_v3_61\Library\gccCyBLEStack_BLE_SOC_PERIPHERAL.a(CyBleStackMgr_StackTaskHandler.o)
                0x00003c60                CyBle_CheckBleStackTaskStatus

i.CyBle_CreateBleStackTask
                0x00003c64       0x2c
 i.CyBle_CreateBleStackTask
                0x00003c64       0x2c ..\..\4.2\Downloads ( 4.2).cylib\BLE_v3_61\Library\gccCyBLEStack_BLE_SOC_PERIPHERAL.a(CyBleStackMgr_StackTaskHandler.o)
                0x00003c64                CyBle_CreateBleStackTask

i.CyBle_SignalBleStackTask
                0x00003c90       0x50
 i.CyBle_SignalBleStackTask
                0x00003c90       0x50 ..\..\4.2\Downloads ( 4.2).cylib\BLE_v3_61\Library\gccCyBLEStack_BLE_SOC_PERIPHERAL.a(CyBleStackMgr_StackTaskHandler.o)
                0x00003c90                CyBle_SignalBleStackTask

i.CyBle_StackTaskHandler
                0x00003ce0       0x64
 i.CyBle_StackTaskHandler
                0x00003ce0       0x64 ..\..\4.2\Downloads ( 4.2).cylib\BLE_v3_61\Library\gccCyBLEStack_BLE_SOC_PERIPHERAL.a(CyBleStackMgr_StackTaskHandler.o)
                0x00003ce0                CyBle_StackTaskHandler

i.hci_soft_transport_notify_data_received
                0x00003d44        0xc
 i.hci_soft_transport_notify_data_received
                0x00003d44        0xc ..\..\4.2\Downloads ( 4.2).cylib\BLE_v3_61\Library\gccCyBLEStack_BLE_SOC_PERIPHERAL.a(transport_sf.o)
                0x00003d44                hci_soft_transport_notify_data_received

i.hci_soft_transport_rx_data
                0x00003d50       0x40
 i.hci_soft_transport_rx_data
                0x00003d50       0x40 ..\..\4.2\Downloads ( 4.2).cylib\BLE_v3_61\Library\gccCyBLEStack_BLE_SOC_PERIPHERAL.a(transport_sf.o)
                0x00003d50                hci_soft_transport_rx_data

i.hci_transport_bt_init
                0x00003d90        0x2
 i.hci_transport_bt_init
                0x00003d90        0x2 ..\..\4.2\Downloads ( 4.2).cylib\BLE_v3_61\Library\gccCyBLEStack_BLE_SOC_PERIPHERAL.a(transport_sf.o)
                0x00003d90                hci_transport_bt_init

i.hci_transport_init
                0x00003d94       0x10
 i.hci_transport_init
                0x00003d94       0x10 ..\..\4.2\Downloads ( 4.2).cylib\BLE_v3_61\Library\gccCyBLEStack_BLE_SOC_PERIPHERAL.a(transport_sf.o)
                0x00003d94                hci_transport_init

i.hci_transport_write_data
                0x00003da4       0xd4
 i.hci_transport_write_data
                0x00003da4       0xd4 ..\..\4.2\Downloads ( 4.2).cylib\BLE_v3_61\Library\gccCyBLEStack_BLE_SOC_PERIPHERAL.a(transport_sf.o)
                0x00003da4                hci_transport_write_data

i.pf_hci_soft_transport_write
                0x00003e78       0x44
 i.pf_hci_soft_transport_write
                0x00003e78       0x44 ..\..\4.2\Downloads ( 4.2).cylib\BLE_v3_61\Library\gccCyBLEStack_BLE_SOC_PERIPHERAL.a(transport_sf.o)
                0x00003e78                pf_hci_soft_transport_write

i.pf_soft_hci_transport_init
                0x00003ebc        0xc
 i.pf_soft_hci_transport_init
                0x00003ebc        0xc ..\..\4.2\Downloads ( 4.2).cylib\BLE_v3_61\Library\gccCyBLEStack_BLE_SOC_PERIPHERAL.a(transport_sf.o)
                0x00003ebc                pf_soft_hci_transport_init

i.CyBleStackMgr_GetTime
                0x00003ec8       0x14
 i.CyBleStackMgr_GetTime
                0x00003ec8       0x14 ..\..\4.2\Downloads ( 4.2).cylib\BLE_v3_61\Library\gccCyBLEStack_BLE_SOC_PERIPHERAL.a(CyBleStackMgr_PSoCHal.o)
                0x00003ec8                CyBleStackMgr_GetTime

i.CyBleStackMgr_HalInit
                0x00003edc       0x24
 i.CyBleStackMgr_HalInit
                0x00003edc       0x24 ..\..\4.2\Downloads ( 4.2).cylib\BLE_v3_61\Library\gccCyBLEStack_BLE_SOC_PERIPHERAL.a(CyBleStackMgr_PSoCHal.o)
                0x00003edc                CyBleStackMgr_HalInit

i.CyBleStackMgr_HalIntrEnable
                0x00003f00        0x8
 i.CyBleStackMgr_HalIntrEnable
                0x00003f00        0x8 ..\..\4.2\Downloads ( 4.2).cylib\BLE_v3_61\Library\gccCyBLEStack_BLE_SOC_PERIPHERAL.a(CyBleStackMgr_PSoCHal.o)
                0x00003f00                CyBleStackMgr_HalIntrEnable

i.CyBleStackMgr_HandleLinkLayerTick
                0x00003f08       0x5c
 i.CyBleStackMgr_HandleLinkLayerTick
                0x00003f08       0x5c ..\..\4.2\Downloads ( 4.2).cylib\BLE_v3_61\Library\gccCyBLEStack_BLE_SOC_PERIPHERAL.a(CyBleStackMgr_PSoCHal.o)
                0x00003f08                CyBleStackMgr_HandleLinkLayerTick

i.CyBleStackMgr_HciPortInit
                0x00003f64        0xc
 i.CyBleStackMgr_HciPortInit
                0x00003f64        0xc ..\..\4.2\Downloads ( 4.2).cylib\BLE_v3_61\Library\gccCyBLEStack_BLE_SOC_PERIPHERAL.a(CyBleStackMgr_PSoCHal.o)
                0x00003f64                CyBleStackMgr_HciPortInit

i.CyBleStackMgr_HciPortReset
                0x00003f70        0x2
 i.CyBleStackMgr_HciPortReset
                0x00003f70        0x2 ..\..\4.2\Downloads ( 4.2).cylib\BLE_v3_61\Library\gccCyBLEStack_BLE_SOC_PERIPHERAL.a(CyBleStackMgr_PSoCHal.o)
                0x00003f70                CyBleStackMgr_HciPortReset

i.CyBleStackMgr_HciPortWrite
                0x00003f72        0x8
 i.CyBleStackMgr_HciPortWrite
                0x00003f72        0x8 ..\..\4.2\Downloads ( 4.2).cylib\BLE_v3_61\Library\gccCyBLEStack_BLE_SOC_PERIPHERAL.a(CyBleStackMgr_PSoCHal.o)
                0x00003f72                CyBleStackMgr_HciPortWrite

i.CyBleStackMgr_ResetLinkLayerTimerEntity
                0x00003f7c       0x14
 i.CyBleStackMgr_ResetLinkLayerTimerEntity
                0x00003f7c       0x14 ..\..\4.2\Downloads ( 4.2).cylib\BLE_v3_61\Library\gccCyBLEStack_BLE_SOC_PERIPHERAL.a(CyBleStackMgr_PSoCHal.o)
                0x00003f7c                CyBleStackMgr_ResetLinkLayerTimerEntity

i.CyBleStackMgr_TimerStart
                0x00003f90       0x2c
 i.CyBleStackMgr_TimerStart
                0x00003f90       0x2c ..\..\4.2\Downloads ( 4.2).cylib\BLE_v3_61\Library\gccCyBLEStack_BLE_SOC_PERIPHERAL.a(CyBleStackMgr_PSoCHal.o)
                0x00003f90                CyBleStackMgr_TimerStart

i.CyBleStackMgr_TimerStop
                0x00003fbc       0x18
 i.CyBleStackMgr_TimerStop
                0x00003fbc       0x18 ..\..\4.2\Downloads ( 4.2).cylib\BLE_v3_61\Library\gccCyBLEStack_BLE_SOC_PERIPHERAL.a(CyBleStackMgr_PSoCHal.o)
                0x00003fbc                CyBleStackMgr_TimerStop

i.CyBleStackMgr_isTimerRunning
                0x00003fd4       0x10
 i.CyBleStackMgr_isTimerRunning
                0x00003fd4       0x10 ..\..\4.2\Downloads ( 4.2).cylib\BLE_v3_61\Library\gccCyBLEStack_BLE_SOC_PERIPHERAL.a(CyBleStackMgr_PSoCHal.o)
                0x00003fd4                CyBleStackMgr_isTimerRunning

i.CyBleAtlantisRadioInit
                0x00003fe4      0x168
 i.CyBleAtlantisRadioInit
                0x00003fe4      0x168 ..\..\4.2\Downloads ( 4.2).cylib\BLE_v3_61\Library\gccCyBLEStack_BLE_SOC_PERIPHERAL.a(CyBleStackMgr_BleSSDriver.o)

i.CyBleStackMgr_BleSSFifoRead
                0x0000414c       0x38
 i.CyBleStackMgr_BleSSFifoRead
                0x0000414c       0x38 ..\..\4.2\Downloads ( 4.2).cylib\BLE_v3_61\Library\gccCyBLEStack_BLE_SOC_PERIPHERAL.a(CyBleStackMgr_BleSSDriver.o)
                0x0000414c                CyBleStackMgr_BleSSFifoRead

i.CyBleStackMgr_BleSSFifoWrite
                0x00004184       0x30
 i.CyBleStackMgr_BleSSFifoWrite
                0x00004184       0x30 ..\..\4.2\Downloads ( 4.2).cylib\BLE_v3_61\Library\gccCyBLEStack_BLE_SOC_PERIPHERAL.a(CyBleStackMgr_BleSSDriver.o)
                0x00004184                CyBleStackMgr_BleSSFifoWrite

i.CyBleStackMgr_BleSSInit
                0x000041b4       0x50
 i.CyBleStackMgr_BleSSInit
                0x000041b4       0x50 ..\..\4.2\Downloads ( 4.2).cylib\BLE_v3_61\Library\gccCyBLEStack_BLE_SOC_PERIPHERAL.a(CyBleStackMgr_BleSSDriver.o)
                0x000041b4                CyBleStackMgr_BleSSInit

i.CyBleStackMgr_BleSSMemRead
                0x00004204       0x32
 i.CyBleStackMgr_BleSSMemRead
                0x00004204       0x32 ..\..\4.2\Downloads ( 4.2).cylib\BLE_v3_61\Library\gccCyBLEStack_BLE_SOC_PERIPHERAL.a(CyBleStackMgr_BleSSDriver.o)
                0x00004204                CyBleStackMgr_BleSSMemRead

i.CyBleStackMgr_BleSSMemWrite
                0x00004238       0x34
 i.CyBleStackMgr_BleSSMemWrite
                0x00004238       0x34 ..\..\4.2\Downloads ( 4.2).cylib\BLE_v3_61\Library\gccCyBLEStack_BLE_SOC_PERIPHERAL.a(CyBleStackMgr_BleSSDriver.o)
                0x00004238                CyBleStackMgr_BleSSMemWrite

i.CyBleStackMgr_BleSSMemWriteFields
                0x0000426c       0x78
 i.CyBleStackMgr_BleSSMemWriteFields
                0x0000426c       0x78 ..\..\4.2\Downloads ( 4.2).cylib\BLE_v3_61\Library\gccCyBLEStack_BLE_SOC_PERIPHERAL.a(CyBleStackMgr_BleSSDriver.o)
                0x0000426c                CyBleStackMgr_BleSSMemWriteFields

i.CyBleStackMgr_BleSSRegRead
                0x000042e4        0xc
 i.CyBleStackMgr_BleSSRegRead
                0x000042e4        0xc ..\..\4.2\Downloads ( 4.2).cylib\BLE_v3_61\Library\gccCyBLEStack_BLE_SOC_PERIPHERAL.a(CyBleStackMgr_BleSSDriver.o)
                0x000042e4                CyBleStackMgr_BleSSRegRead

i.CyBleStackMgr_BleSSReset
                0x000042f0       0x38
 i.CyBleStackMgr_BleSSReset
                0x000042f0       0x38 ..\..\4.2\Downloads ( 4.2).cylib\BLE_v3_61\Library\gccCyBLEStack_BLE_SOC_PERIPHERAL.a(CyBleStackMgr_BleSSDriver.o)
                0x000042f0                CyBleStackMgr_BleSSReset

i.CyBleStackMgr_GenericIface
                0x00004328       0x3c
 i.CyBleStackMgr_GenericIface
                0x00004328       0x3c ..\..\4.2\Downloads ( 4.2).cylib\BLE_v3_61\Library\gccCyBLEStack_BLE_SOC_PERIPHERAL.a(CyBleStackMgr_BleSSDriver.o)
                0x00004328                CyBleStackMgr_GenericIface

i.CyBleStackMgr_HandleBleSSIntr
                0x00004364       0xa0
 i.CyBleStackMgr_HandleBleSSIntr
                0x00004364       0xa0 ..\..\4.2\Downloads ( 4.2).cylib\BLE_v3_61\Library\gccCyBLEStack_BLE_SOC_PERIPHERAL.a(CyBleStackMgr_BleSSDriver.o)
                0x00004364                CyBleStackMgr_HandleBleSSIntr

i.CyBleStackMgr_SetClockParam
                0x00004404       0xb4
 i.CyBleStackMgr_SetClockParam
                0x00004404       0xb4 ..\..\4.2\Downloads ( 4.2).cylib\BLE_v3_61\Library\gccCyBLEStack_BLE_SOC_PERIPHERAL.a(CyBleStackMgr_BleSSDriver.o)

i.CyBle_ExitDsmMode
                0x000044b8       0x2c
 i.CyBle_ExitDsmMode
                0x000044b8       0x2c ..\..\4.2\Downloads ( 4.2).cylib\BLE_v3_61\Library\gccCyBLEStack_BLE_SOC_PERIPHERAL.a(CyBleStackMgr_BleSSDriver.o)
                0x000044b8                CyBle_ExitDsmMode

i.CyBle_GetBleSsOperationalMode
                0x000044e4        0xc
 i.CyBle_GetBleSsOperationalMode
                0x000044e4        0xc ..\..\4.2\Downloads ( 4.2).cylib\BLE_v3_61\Library\gccCyBLEStack_BLE_SOC_PERIPHERAL.a(CyBleStackMgr_BleSSDriver.o)
                0x000044e4                CyBle_GetBleSsOperationalMode

i.CyBle_GetLpMode
                0x000044f0       0x26
 i.CyBle_GetLpMode
                0x000044f0       0x26 ..\..\4.2\Downloads ( 4.2).cylib\BLE_v3_61\Library\gccCyBLEStack_BLE_SOC_PERIPHERAL.a(CyBleStackMgr_BleSSDriver.o)
                0x000044f0                CyBle_GetLpMode

i.CyBle_GetTxGainMode
                0x00004518       0x2c
 i.CyBle_GetTxGainMode
                0x00004518       0x2c ..\..\4.2\Downloads ( 4.2).cylib\BLE_v3_61\Library\gccCyBLEStack_BLE_SOC_PERIPHERAL.a(CyBleStackMgr_BleSSDriver.o)
                0x00004518                CyBle_GetTxGainMode

i.CyBle_SetBleSsOperationalMode
                0x00004544       0x20
 i.CyBle_SetBleSsOperationalMode
                0x00004544       0x20 ..\..\4.2\Downloads ( 4.2).cylib\BLE_v3_61\Library\gccCyBLEStack_BLE_SOC_PERIPHERAL.a(CyBleStackMgr_BleSSDriver.o)
                0x00004544                CyBle_SetBleSsOperationalMode

i.CyBle_SetEventCloseState
                0x00004564        0xc
 i.CyBle_SetEventCloseState
                0x00004564        0xc ..\..\4.2\Downloads ( 4.2).cylib\BLE_v3_61\Library\gccCyBLEStack_BLE_SOC_PERIPHERAL.a(CyBleStackMgr_BleSSDriver.o)
                0x00004564                CyBle_SetEventCloseState

i.CyBle_SetRxGainMode
                0x00004570       0x20
 i.CyBle_SetRxGainMode
                0x00004570       0x20 ..\..\4.2\Downloads ( 4.2).cylib\BLE_v3_61\Library\gccCyBLEStack_BLE_SOC_PERIPHERAL.a(CyBleStackMgr_BleSSDriver.o)
                0x00004570                CyBle_SetRxGainMode

i.CyBle_SetTxGainMode
                0x00004590       0x38
 i.CyBle_SetTxGainMode
                0x00004590       0x38 ..\..\4.2\Downloads ( 4.2).cylib\BLE_v3_61\Library\gccCyBLEStack_BLE_SOC_PERIPHERAL.a(CyBleStackMgr_BleSSDriver.o)
                0x00004590                CyBle_SetTxGainMode

i.pf_rf_get_abs_rssi
                0x000045c8       0x50
 i.pf_rf_get_abs_rssi
                0x000045c8       0x50 ..\..\4.2\Downloads ( 4.2).cylib\BLE_v3_61\Library\gccCyBLEStack_BLE_SOC_PERIPHERAL.a(CyBleStackMgr_BleSSDriver.o)
                0x000045c8                pf_rf_get_abs_rssi

i.BleStackFlashStorageInit
                0x00004618       0x84
 i.BleStackFlashStorageInit
                0x00004618       0x84 ..\..\4.2\Downloads ( 4.2).cylib\BLE_v3_61\Library\gccCyBLEStack_BLE_SOC_PERIPHERAL.a(storage_pl.o)
                0x00004618                BleStackFlashStorageInit

i.BleStackIsFlashCorrupted
                0x0000469c       0x3c
 i.BleStackIsFlashCorrupted
                0x0000469c       0x3c ..\..\4.2\Downloads ( 4.2).cylib\BLE_v3_61\Library\gccCyBLEStack_BLE_SOC_PERIPHERAL.a(storage_pl.o)
                0x0000469c                BleStackIsFlashCorrupted

i.BleStackWriteToFlashPending
                0x000046d8       0x24
 i.BleStackWriteToFlashPending
                0x000046d8       0x24 ..\..\4.2\Downloads ( 4.2).cylib\BLE_v3_61\Library\gccCyBLEStack_BLE_SOC_PERIPHERAL.a(storage_pl.o)
                0x000046d8                BleStackWriteToFlashPending

i.BleStackWriteToFlashRam
                0x000046fc       0x7c
 i.BleStackWriteToFlashRam
                0x000046fc       0x7c ..\..\4.2\Downloads ( 4.2).cylib\BLE_v3_61\Library\gccCyBLEStack_BLE_SOC_PERIPHERAL.a(storage_pl.o)
                0x000046fc                BleStackWriteToFlashRam

i.calc_checksum
                0x00004778       0x1a
 i.calc_checksum
                0x00004778       0x1a ..\..\4.2\Downloads ( 4.2).cylib\BLE_v3_61\Library\gccCyBLEStack_BLE_SOC_PERIPHERAL.a(storage_pl.o)
                0x00004778                calc_checksum

i.storage_bt_init_pl
                0x00004794       0x30
 i.storage_bt_init_pl
                0x00004794       0x30 ..\..\4.2\Downloads ( 4.2).cylib\BLE_v3_61\Library\gccCyBLEStack_BLE_SOC_PERIPHERAL.a(storage_pl.o)
                0x00004794                storage_bt_init_pl

i.storage_close_pl
                0x000047c4        0x4
 i.storage_close_pl
                0x000047c4        0x4 ..\..\4.2\Downloads ( 4.2).cylib\BLE_v3_61\Library\gccCyBLEStack_BLE_SOC_PERIPHERAL.a(storage_pl.o)
                0x000047c4                storage_close_pl

i.storage_open_pl
                0x000047c8       0x1c
 i.storage_open_pl
                0x000047c8       0x1c ..\..\4.2\Downloads ( 4.2).cylib\BLE_v3_61\Library\gccCyBLEStack_BLE_SOC_PERIPHERAL.a(storage_pl.o)
                0x000047c8                storage_open_pl

i.storage_read_pl
                0x000047e4       0x28
 i.storage_read_pl
                0x000047e4       0x28 ..\..\4.2\Downloads ( 4.2).cylib\BLE_v3_61\Library\gccCyBLEStack_BLE_SOC_PERIPHERAL.a(storage_pl.o)
                0x000047e4                storage_read_pl

i.storage_read_signature_pl
                0x0000480c       0x2c
 i.storage_read_signature_pl
                0x0000480c       0x2c ..\..\4.2\Downloads ( 4.2).cylib\BLE_v3_61\Library\gccCyBLEStack_BLE_SOC_PERIPHERAL.a(storage_pl.o)
                0x0000480c                storage_read_signature_pl

i.storage_register_flash_pointer
                0x00004838       0x20
 i.storage_register_flash_pointer
                0x00004838       0x20 ..\..\4.2\Downloads ( 4.2).cylib\BLE_v3_61\Library\gccCyBLEStack_BLE_SOC_PERIPHERAL.a(storage_pl.o)
                0x00004838                storage_register_flash_pointer

i.storage_reset_storage_offset
                0x00004858       0x10
 i.storage_reset_storage_offset
                0x00004858       0x10 ..\..\4.2\Downloads ( 4.2).cylib\BLE_v3_61\Library\gccCyBLEStack_BLE_SOC_PERIPHERAL.a(storage_pl.o)

i.storage_write_pl
                0x00004868       0x24
 i.storage_write_pl
                0x00004868       0x24 ..\..\4.2\Downloads ( 4.2).cylib\BLE_v3_61\Library\gccCyBLEStack_BLE_SOC_PERIPHERAL.a(storage_pl.o)
                0x00004868                storage_write_pl

i.storage_write_signature_pl
                0x0000488c       0x14
 i.storage_write_signature_pl
                0x0000488c       0x14 ..\..\4.2\Downloads ( 4.2).cylib\BLE_v3_61\Library\gccCyBLEStack_BLE_SOC_PERIPHERAL.a(storage_pl.o)
                0x0000488c                storage_write_signature_pl

i.OS_init       0x000048a0       0x64
 i.OS_init      0x000048a0       0x64 ..\..\4.2\Downloads ( 4.2).cylib\BLE_v3_61\Library\gccCyBLEStack_BLE_SOC_PERIPHERAL.a(mint_os.o)
                0x000048a0                OS_init

i.mintos_malloc
                0x00004904       0x34
 i.mintos_malloc
                0x00004904       0x34 ..\..\4.2\Downloads ( 4.2).cylib\BLE_v3_61\Library\gccCyBLEStack_BLE_SOC_PERIPHERAL.a(mint_os.o)
                0x00004904                mintos_malloc

i.OS_create_queue
                0x00004938       0x64
 i.OS_create_queue
                0x00004938       0x64 ..\..\4.2\Downloads ( 4.2).cylib\BLE_v3_61\Library\gccCyBLEStack_BLE_SOC_PERIPHERAL.a(mint_os_queue.o)
                0x00004938                OS_create_queue

i.OS_enqueue_item
                0x0000499c       0x8c
 i.OS_enqueue_item
                0x0000499c       0x8c ..\..\4.2\Downloads ( 4.2).cylib\BLE_v3_61\Library\gccCyBLEStack_BLE_SOC_PERIPHERAL.a(mint_os_queue.o)
                0x0000499c                OS_enqueue_item

i.OS_queue_get_num_of_items
                0x00004a28       0x28
 i.OS_queue_get_num_of_items
                0x00004a28       0x28 ..\..\4.2\Downloads ( 4.2).cylib\BLE_v3_61\Library\gccCyBLEStack_BLE_SOC_PERIPHERAL.a(mint_os_queue.o)
                0x00004a28                OS_queue_get_num_of_items

i.OS_queue_mgmt_init
                0x00004a50       0x40
 i.OS_queue_mgmt_init
                0x00004a50       0x40 ..\..\4.2\Downloads ( 4.2).cylib\BLE_v3_61\Library\gccCyBLEStack_BLE_SOC_PERIPHERAL.a(mint_os_queue.o)
                0x00004a50                OS_queue_mgmt_init

i.OS_remove_item
                0x00004a90       0xa0
 i.OS_remove_item
                0x00004a90       0xa0 ..\..\4.2\Downloads ( 4.2).cylib\BLE_v3_61\Library\gccCyBLEStack_BLE_SOC_PERIPHERAL.a(mint_os_queue.o)
                0x00004a90                OS_remove_item

i.OS_create_task
                0x00004b30       0x88
 i.OS_create_task
                0x00004b30       0x88 ..\..\4.2\Downloads ( 4.2).cylib\BLE_v3_61\Library\gccCyBLEStack_BLE_SOC_PERIPHERAL.a(mint_os_task.o)
                0x00004b30                OS_create_task

i.OS_isr_send_signal_to_task
                0x00004bb8        0xc
 i.OS_isr_send_signal_to_task
                0x00004bb8        0xc ..\..\4.2\Downloads ( 4.2).cylib\BLE_v3_61\Library\gccCyBLEStack_BLE_SOC_PERIPHERAL.a(mint_os_task.o)
                0x00004bb8                OS_isr_send_signal_to_task

i.OS_scheduler  0x00004bc4       0x64
 i.OS_scheduler
                0x00004bc4       0x64 ..\..\4.2\Downloads ( 4.2).cylib\BLE_v3_61\Library\gccCyBLEStack_BLE_SOC_PERIPHERAL.a(mint_os_task.o)
                0x00004bc4                OS_scheduler

i.OS_send_signal_to_task
                0x00004c28        0xc
 i.OS_send_signal_to_task
                0x00004c28        0xc ..\..\4.2\Downloads ( 4.2).cylib\BLE_v3_61\Library\gccCyBLEStack_BLE_SOC_PERIPHERAL.a(mint_os_task.o)
                0x00004c28                OS_send_signal_to_task

i.OS_send_signal_to_task_context
                0x00004c34       0x3c
 i.OS_send_signal_to_task_context
                0x00004c34       0x3c ..\..\4.2\Downloads ( 4.2).cylib\BLE_v3_61\Library\gccCyBLEStack_BLE_SOC_PERIPHERAL.a(mint_os_task.o)

i.OS_task_mgmt_init
                0x00004c70       0x50
 i.OS_task_mgmt_init
                0x00004c70       0x50 ..\..\4.2\Downloads ( 4.2).cylib\BLE_v3_61\Library\gccCyBLEStack_BLE_SOC_PERIPHERAL.a(mint_os_task.o)
                0x00004c70                OS_task_mgmt_init

i.mint_buf_mgmt_allocate_buffer
                0x00004cc0       0x4c
 i.mint_buf_mgmt_allocate_buffer
                0x00004cc0       0x4c ..\..\4.2\Downloads ( 4.2).cylib\BLE_v3_61\Library\gccCyBLEStack_BLE_SOC_PERIPHERAL.a(mint_buf_mgmt.o)
                0x00004cc0                mint_buf_mgmt_allocate_buffer

i.mint_buf_mgmt_create_pool
                0x00004d0c       0xd0
 i.mint_buf_mgmt_create_pool
                0x00004d0c       0xd0 ..\..\4.2\Downloads ( 4.2).cylib\BLE_v3_61\Library\gccCyBLEStack_BLE_SOC_PERIPHERAL.a(mint_buf_mgmt.o)
                0x00004d0c                mint_buf_mgmt_create_pool

i.mint_buf_mgmt_free_buffer
                0x00004ddc       0xa4
 i.mint_buf_mgmt_free_buffer
                0x00004ddc       0xa4 ..\..\4.2\Downloads ( 4.2).cylib\BLE_v3_61\Library\gccCyBLEStack_BLE_SOC_PERIPHERAL.a(mint_buf_mgmt.o)
                0x00004ddc                mint_buf_mgmt_free_buffer

i.mint_buf_mgmt_init
                0x00004e80       0x44
 i.mint_buf_mgmt_init
                0x00004e80       0x44 ..\..\4.2\Downloads ( 4.2).cylib\BLE_v3_61\Library\gccCyBLEStack_BLE_SOC_PERIPHERAL.a(mint_buf_mgmt.o)
                0x00004e80                mint_buf_mgmt_init

i.mint_buf_mgmt_malloc
                0x00004ec4       0x28
 i.mint_buf_mgmt_malloc
                0x00004ec4       0x28 ..\..\4.2\Downloads ( 4.2).cylib\BLE_v3_61\Library\gccCyBLEStack_BLE_SOC_PERIPHERAL.a(mint_buf_mgmt.o)
                0x00004ec4                mint_buf_mgmt_malloc

i.mint_buf_mgmt_pl_init
                0x00004eec       0x48
 i.mint_buf_mgmt_pl_init
                0x00004eec       0x48 ..\..\4.2\Downloads ( 4.2).cylib\BLE_v3_61\Library\gccCyBLEStack_BLE_SOC_PERIPHERAL.a(mint_buf_mgmt.o)
                0x00004eec                mint_buf_mgmt_pl_init

i.mint_buf_mgmt_reset_pool
                0x00004f34       0x70
 i.mint_buf_mgmt_reset_pool
                0x00004f34       0x70 ..\..\4.2\Downloads ( 4.2).cylib\BLE_v3_61\Library\gccCyBLEStack_BLE_SOC_PERIPHERAL.a(mint_buf_mgmt.o)
                0x00004f34                mint_buf_mgmt_reset_pool

i.mint_buf_mgmt_stack_init
                0x00004fa4       0x24
 i.mint_buf_mgmt_stack_init
                0x00004fa4       0x24 ..\..\4.2\Downloads ( 4.2).cylib\BLE_v3_61\Library\gccCyBLEStack_BLE_SOC_PERIPHERAL.a(mint_buf_mgmt.o)
                0x00004fa4                mint_buf_mgmt_stack_init

i.mint_buf_mgmt_stack_pop
                0x00004fc8       0x36
 i.mint_buf_mgmt_stack_pop
                0x00004fc8       0x36 ..\..\4.2\Downloads ( 4.2).cylib\BLE_v3_61\Library\gccCyBLEStack_BLE_SOC_PERIPHERAL.a(mint_buf_mgmt.o)
                0x00004fc8                mint_buf_mgmt_stack_pop

i.mint_buf_mgmt_stack_push
                0x00004ffe       0x36
 i.mint_buf_mgmt_stack_push
                0x00004ffe       0x36 ..\..\4.2\Downloads ( 4.2).cylib\BLE_v3_61\Library\gccCyBLEStack_BLE_SOC_PERIPHERAL.a(mint_buf_mgmt.o)
                0x00004ffe                mint_buf_mgmt_stack_push

i.mint_buf_mgmt_stack_reset
                0x00005034       0x1e
 i.mint_buf_mgmt_stack_reset
                0x00005034       0x1e ..\..\4.2\Downloads ( 4.2).cylib\BLE_v3_61\Library\gccCyBLEStack_BLE_SOC_PERIPHERAL.a(mint_buf_mgmt.o)
                0x00005034                mint_buf_mgmt_stack_reset

i.mint_buf_mgmt_stack_search_item
                0x00005052       0x30
 i.mint_buf_mgmt_stack_search_item
                0x00005052       0x30 ..\..\4.2\Downloads ( 4.2).cylib\BLE_v3_61\Library\gccCyBLEStack_BLE_SOC_PERIPHERAL.a(mint_buf_mgmt.o)
                0x00005052                mint_buf_mgmt_stack_search_item

i.CyBleControllerIP_GetPingState
                0x00005084        0xc
 i.CyBleControllerIP_GetPingState
                0x00005084        0xc ..\..\4.2\Downloads ( 4.2).cylib\BLE_v3_61\Library\gccCyBLEStack_BLE_SOC_PERIPHERAL.a(CyBleControllerIP_Interface.o)
                0x00005084                CyBleControllerIP_GetPingState

i.CyBleController_AddDeviceToWhiteList
                0x00005090       0x48
 i.CyBleController_AddDeviceToWhiteList
                0x00005090       0x48 ..\..\4.2\Downloads ( 4.2).cylib\BLE_v3_61\Library\gccCyBLEStack_BLE_SOC_PERIPHERAL.a(CyBleControllerIP_Interface.o)
                0x00005090                CyBleController_AddDeviceToWhiteList

i.CyBleController_EnableDefaultDevicePrivacy
                0x000050d8        0xc
 i.CyBleController_EnableDefaultDevicePrivacy
                0x000050d8        0xc ..\..\4.2\Downloads ( 4.2).cylib\BLE_v3_61\Library\gccCyBLEStack_BLE_SOC_PERIPHERAL.a(CyBleControllerIP_Interface.o)
                0x000050d8                CyBleController_EnableDefaultDevicePrivacy

i.CyBleController_ExitLowPowerMode
                0x000050e4       0x10
 i.CyBleController_ExitLowPowerMode
                0x000050e4       0x10 ..\..\4.2\Downloads ( 4.2).cylib\BLE_v3_61\Library\gccCyBLEStack_BLE_SOC_PERIPHERAL.a(CyBleControllerIP_Interface.o)
                0x000050e4                CyBleController_ExitLowPowerMode

i.CyBleController_GetDeviceAddress
                0x000050f4       0x22
 i.CyBleController_GetDeviceAddress
                0x000050f4       0x22 ..\..\4.2\Downloads ( 4.2).cylib\BLE_v3_61\Library\gccCyBLEStack_BLE_SOC_PERIPHERAL.a(CyBleControllerIP_Interface.o)
                0x000050f4                CyBleController_GetDeviceAddress

i.CyBleController_GetDleHeapMemory
                0x00005116       0x10
 i.CyBleController_GetDleHeapMemory
                0x00005116       0x10 ..\..\4.2\Downloads ( 4.2).cylib\BLE_v3_61\Library\gccCyBLEStack_BLE_SOC_PERIPHERAL.a(CyBleControllerIP_Interface.o)
                0x00005116                CyBleController_GetDleHeapMemory

i.CyBleController_GetPrivacyHeapMemory
                0x00005128       0x1c
 i.CyBleController_GetPrivacyHeapMemory
                0x00005128       0x1c ..\..\4.2\Downloads ( 4.2).cylib\BLE_v3_61\Library\gccCyBLEStack_BLE_SOC_PERIPHERAL.a(CyBleControllerIP_Interface.o)
                0x00005128                CyBleController_GetPrivacyHeapMemory

i.CyBleController_Init
                0x00005144       0x40
 i.CyBleController_Init
                0x00005144       0x40 ..\..\4.2\Downloads ( 4.2).cylib\BLE_v3_61\Library\gccCyBLEStack_BLE_SOC_PERIPHERAL.a(CyBleControllerIP_Interface.o)
                0x00005144                CyBleController_Init

i.CyBleController_SetDeviceAddress
                0x00005184       0x2e
 i.CyBleController_SetDeviceAddress
                0x00005184       0x2e ..\..\4.2\Downloads ( 4.2).cylib\BLE_v3_61\Library\gccCyBLEStack_BLE_SOC_PERIPHERAL.a(CyBleControllerIP_Interface.o)
                0x00005184                CyBleController_SetDeviceAddress

i.CyBleController_SetDleParams
                0x000051b4       0x1c
 i.CyBleController_SetDleParams
                0x000051b4       0x1c ..\..\4.2\Downloads ( 4.2).cylib\BLE_v3_61\Library\gccCyBLEStack_BLE_SOC_PERIPHERAL.a(CyBleControllerIP_Interface.o)
                0x000051b4                CyBleController_SetDleParams

i.CyBleController_SetLePrivacyParams
                0x000051d0       0x18
 i.CyBleController_SetLePrivacyParams
                0x000051d0       0x18 ..\..\4.2\Downloads ( 4.2).cylib\BLE_v3_61\Library\gccCyBLEStack_BLE_SOC_PERIPHERAL.a(CyBleControllerIP_Interface.o)
                0x000051d0                CyBleController_SetLePrivacyParams

i.CyBle_GetFirmwareProgrammedDSM
                0x000051e8        0xc
 i.CyBle_GetFirmwareProgrammedDSM
                0x000051e8        0xc ..\..\4.2\Downloads ( 4.2).cylib\BLE_v3_61\Library\gccCyBLEStack_BLE_SOC_PERIPHERAL.a(CyBleControllerIP_Interface.o)
                0x000051e8                CyBle_GetFirmwareProgrammedDSM

i.CyBle_GetTxPowerLevel
                0x000051f4       0x54
 i.CyBle_GetTxPowerLevel
                0x000051f4       0x54 ..\..\4.2\Downloads ( 4.2).cylib\BLE_v3_61\Library\gccCyBLEStack_BLE_SOC_PERIPHERAL.a(CyBleControllerIP_Interface.o)
                0x000051f4                CyBle_GetTxPowerLevel

i.CyBle_SendBlessEvtoAPP
                0x00005248        0xc
 i.CyBle_SendBlessEvtoAPP
                0x00005248        0xc ..\..\4.2\Downloads ( 4.2).cylib\BLE_v3_61\Library\gccCyBLEStack_BLE_SOC_PERIPHERAL.a(CyBleControllerIP_Interface.o)
                0x00005248                CyBle_SendBlessEvtoAPP

i.CyBle_SendEventToApp
                0x00005254       0x38
 i.CyBle_SendEventToApp
                0x00005254       0x38 ..\..\4.2\Downloads ( 4.2).cylib\BLE_v3_61\Library\gccCyBLEStack_BLE_SOC_PERIPHERAL.a(CyBleControllerIP_Interface.o)
                0x00005254                CyBle_SendEventToApp

i.CyBle_SetFirmwareProgrammedDSM
                0x0000528c        0xc
 i.CyBle_SetFirmwareProgrammedDSM
                0x0000528c        0xc ..\..\4.2\Downloads ( 4.2).cylib\BLE_v3_61\Library\gccCyBLEStack_BLE_SOC_PERIPHERAL.a(CyBleControllerIP_Interface.o)
                0x0000528c                CyBle_SetFirmwareProgrammedDSM

i.CyBle_SetTxPowerLevel
                0x00005298       0x88
 i.CyBle_SetTxPowerLevel
                0x00005298       0x88 ..\..\4.2\Downloads ( 4.2).cylib\BLE_v3_61\Library\gccCyBLEStack_BLE_SOC_PERIPHERAL.a(CyBleControllerIP_Interface.o)
                0x00005298                CyBle_SetTxPowerLevel

i.ll_check_and_mark_packet_ready_for_transmission
                0x00005320       0x44
 i.ll_check_and_mark_packet_ready_for_transmission
                0x00005320       0x44 ..\..\4.2\Downloads ( 4.2).cylib\BLE_v3_61\Library\gccCyBLEStack_BLE_SOC_PERIPHERAL.a(ll.o)
                0x00005320                ll_check_and_mark_packet_ready_for_transmission

i.ll_cleanup_pending_data_pdu
                0x00005364       0x44
 i.ll_cleanup_pending_data_pdu
                0x00005364       0x44 ..\..\4.2\Downloads ( 4.2).cylib\BLE_v3_61\Library\gccCyBLEStack_BLE_SOC_PERIPHERAL.a(ll.o)
                0x00005364                ll_cleanup_pending_data_pdu

i.ll_exit_low_power_mode
                0x000053a8       0x84
 i.ll_exit_low_power_mode
                0x000053a8       0x84 ..\..\4.2\Downloads ( 4.2).cylib\BLE_v3_61\Library\gccCyBLEStack_BLE_SOC_PERIPHERAL.a(ll.o)
                0x000053a8                ll_exit_low_power_mode

i.ll_get_ack_status
                0x0000542c       0x44
 i.ll_get_ack_status
                0x0000542c       0x44 ..\..\4.2\Downloads ( 4.2).cylib\BLE_v3_61\Library\gccCyBLEStack_BLE_SOC_PERIPHERAL.a(ll.o)
                0x0000542c                ll_get_ack_status

i.ll_get_adv_ch_tx_power
                0x00005470       0x20
 i.ll_get_adv_ch_tx_power
                0x00005470       0x20 ..\..\4.2\Downloads ( 4.2).cylib\BLE_v3_61\Library\gccCyBLEStack_BLE_SOC_PERIPHERAL.a(ll.o)
                0x00005470                ll_get_adv_ch_tx_power

i.ll_get_data_channel_map
                0x00005490       0x28
 i.ll_get_data_channel_map
                0x00005490       0x28 ..\..\4.2\Downloads ( 4.2).cylib\BLE_v3_61\Library\gccCyBLEStack_BLE_SOC_PERIPHERAL.a(ll.o)
                0x00005490                ll_get_data_channel_map

i.ll_get_max_white_list_size
                0x000054b8        0xc
 i.ll_get_max_white_list_size
                0x000054b8        0xc ..\..\4.2\Downloads ( 4.2).cylib\BLE_v3_61\Library\gccCyBLEStack_BLE_SOC_PERIPHERAL.a(ll.o)
                0x000054b8                ll_get_max_white_list_size

i.ll_get_my_role
                0x000054c4        0xc
 i.ll_get_my_role
                0x000054c4        0xc ..\..\4.2\Downloads ( 4.2).cylib\BLE_v3_61\Library\gccCyBLEStack_BLE_SOC_PERIPHERAL.a(ll.o)
                0x000054c4                ll_get_my_role

i.ll_get_next_available_fifo_for_data_pdu
                0x000054d0        0x8
 i.ll_get_next_available_fifo_for_data_pdu
                0x000054d0        0x8 ..\..\4.2\Downloads ( 4.2).cylib\BLE_v3_61\Library\gccCyBLEStack_BLE_SOC_PERIPHERAL.a(ll.o)
                0x000054d0                ll_get_next_available_fifo_for_data_pdu

i.ll_get_next_available_fifo_for_ll_pdu
                0x000054d8       0x2c
 i.ll_get_next_available_fifo_for_ll_pdu
                0x000054d8       0x2c ..\..\4.2\Downloads ( 4.2).cylib\BLE_v3_61\Library\gccCyBLEStack_BLE_SOC_PERIPHERAL.a(ll.o)
                0x000054d8                ll_get_next_available_fifo_for_ll_pdu

i.ll_get_rssi_value
                0x00005504       0x26
 i.ll_get_rssi_value
                0x00005504       0x26 ..\..\4.2\Downloads ( 4.2).cylib\BLE_v3_61\Library\gccCyBLEStack_BLE_SOC_PERIPHERAL.a(ll.o)
                0x00005504                ll_get_rssi_value

i.ll_get_transmit_power_level
                0x0000552c       0x2c
 i.ll_get_transmit_power_level
                0x0000552c       0x2c ..\..\4.2\Downloads ( 4.2).cylib\BLE_v3_61\Library\gccCyBLEStack_BLE_SOC_PERIPHERAL.a(ll.o)
                0x0000552c                ll_get_transmit_power_level

i.ll_handle_ack_received
                0x00005558       0x74
 i.ll_handle_ack_received
                0x00005558       0x74 ..\..\4.2\Downloads ( 4.2).cylib\BLE_v3_61\Library\gccCyBLEStack_BLE_SOC_PERIPHERAL.a(ll.o)
                0x00005558                ll_handle_ack_received

i.ll_handle_add_device_in_whitelist
                0x000055cc       0x50
 i.ll_handle_add_device_in_whitelist
                0x000055cc       0x50 ..\..\4.2\Downloads ( 4.2).cylib\BLE_v3_61\Library\gccCyBLEStack_BLE_SOC_PERIPHERAL.a(ll.o)
                0x000055cc                ll_handle_add_device_in_whitelist

i.ll_handle_clear_whitelist
                0x0000561c       0x24
 i.ll_handle_clear_whitelist
                0x0000561c       0x24 ..\..\4.2\Downloads ( 4.2).cylib\BLE_v3_61\Library\gccCyBLEStack_BLE_SOC_PERIPHERAL.a(ll.o)
                0x0000561c                ll_handle_clear_whitelist

i.ll_handle_encrypt_host_data
                0x00005640       0x36
 i.ll_handle_encrypt_host_data
                0x00005640       0x36 ..\..\4.2\Downloads ( 4.2).cylib\BLE_v3_61\Library\gccCyBLEStack_BLE_SOC_PERIPHERAL.a(ll.o)
                0x00005640                ll_handle_encrypt_host_data

i.ll_handle_host_data_packet
                0x00005678       0x9c
 i.ll_handle_host_data_packet
                0x00005678       0x9c ..\..\4.2\Downloads ( 4.2).cylib\BLE_v3_61\Library\gccCyBLEStack_BLE_SOC_PERIPHERAL.a(ll.o)
                0x00005678                ll_handle_host_data_packet

i.ll_handle_read_host_channel_map
                0x00005714        0x4
 i.ll_handle_read_host_channel_map
                0x00005714        0x4 ..\..\4.2\Downloads ( 4.2).cylib\BLE_v3_61\Library\gccCyBLEStack_BLE_SOC_PERIPHERAL.a(ll.o)
                0x00005714                ll_handle_read_host_channel_map

i.ll_handle_remove_device_in_whitelist
                0x00005718       0x38
 i.ll_handle_remove_device_in_whitelist
                0x00005718       0x38 ..\..\4.2\Downloads ( 4.2).cylib\BLE_v3_61\Library\gccCyBLEStack_BLE_SOC_PERIPHERAL.a(ll.o)
                0x00005718                ll_handle_remove_device_in_whitelist

i.ll_handle_reset
                0x00005750        0xe
 i.ll_handle_reset
                0x00005750        0xe ..\..\4.2\Downloads ( 4.2).cylib\BLE_v3_61\Library\gccCyBLEStack_BLE_SOC_PERIPHERAL.a(ll.o)
                0x00005750                ll_handle_reset

i.ll_handle_set_random_address
                0x0000575e       0x36
 i.ll_handle_set_random_address
                0x0000575e       0x36 ..\..\4.2\Downloads ( 4.2).cylib\BLE_v3_61\Library\gccCyBLEStack_BLE_SOC_PERIPHERAL.a(ll.o)
                0x0000575e                ll_handle_set_random_address

i.ll_init       0x00005794       0x20
 i.ll_init      0x00005794       0x20 ..\..\4.2\Downloads ( 4.2).cylib\BLE_v3_61\Library\gccCyBLEStack_BLE_SOC_PERIPHERAL.a(ll.o)
                0x00005794                ll_init

i.ll_initialize_device_attributes
                0x000057b4       0xc0
 i.ll_initialize_device_attributes
                0x000057b4       0xc0 ..\..\4.2\Downloads ( 4.2).cylib\BLE_v3_61\Library\gccCyBLEStack_BLE_SOC_PERIPHERAL.a(ll.o)
                0x000057b4                ll_initialize_device_attributes

i.ll_is_pkt_pending
                0x00005874       0x2a
 i.ll_is_pkt_pending
                0x00005874       0x2a ..\..\4.2\Downloads ( 4.2).cylib\BLE_v3_61\Library\gccCyBLEStack_BLE_SOC_PERIPHERAL.a(ll.o)
                0x00005874                ll_is_pkt_pending

i.ll_is_sent_pkt_pending
                0x0000589e       0x1a
 i.ll_is_sent_pkt_pending
                0x0000589e       0x1a ..\..\4.2\Downloads ( 4.2).cylib\BLE_v3_61\Library\gccCyBLEStack_BLE_SOC_PERIPHERAL.a(ll.o)
                0x0000589e                ll_is_sent_pkt_pending

i.ll_isr_exit_low_power_mode
                0x000058b8       0x16
 i.ll_isr_exit_low_power_mode
                0x000058b8       0x16 ..\..\4.2\Downloads ( 4.2).cylib\BLE_v3_61\Library\gccCyBLEStack_BLE_SOC_PERIPHERAL.a(ll.o)
                0x000058b8                ll_isr_exit_low_power_mode

i.ll_load_host_data_packet
                0x000058ce       0x3c
 i.ll_load_host_data_packet
                0x000058ce       0x3c ..\..\4.2\Downloads ( 4.2).cylib\BLE_v3_61\Library\gccCyBLEStack_BLE_SOC_PERIPHERAL.a(ll.o)
                0x000058ce                ll_load_host_data_packet

i.ll_load_packet_to_fifo
                0x0000590c       0xc0
 i.ll_load_packet_to_fifo
                0x0000590c       0xc0 ..\..\4.2\Downloads ( 4.2).cylib\BLE_v3_61\Library\gccCyBLEStack_BLE_SOC_PERIPHERAL.a(ll.o)
                0x0000590c                ll_load_packet_to_fifo

i.ll_process_acks
                0x000059cc       0x60
 i.ll_process_acks
                0x000059cc       0x60 ..\..\4.2\Downloads ( 4.2).cylib\BLE_v3_61\Library\gccCyBLEStack_BLE_SOC_PERIPHERAL.a(ll.o)
                0x000059cc                ll_process_acks

i.ll_reset      0x00005a2c       0x14
 i.ll_reset     0x00005a2c       0x14 ..\..\4.2\Downloads ( 4.2).cylib\BLE_v3_61\Library\gccCyBLEStack_BLE_SOC_PERIPHERAL.a(ll.o)
                0x00005a2c                ll_reset

i.ll_update_active_features
                0x00005a40       0x58
 i.ll_update_active_features
                0x00005a40       0x58 ..\..\4.2\Downloads ( 4.2).cylib\BLE_v3_61\Library\gccCyBLEStack_BLE_SOC_PERIPHERAL.a(ll.o)
                0x00005a40                ll_update_active_features

i.ll_update_device_fsm
                0x00005a98        0x8
 i.ll_update_device_fsm
                0x00005a98        0x8 ..\..\4.2\Downloads ( 4.2).cylib\BLE_v3_61\Library\gccCyBLEStack_BLE_SOC_PERIPHERAL.a(ll.o)
                0x00005a98                ll_update_device_fsm

i.ll_validate_add_device_to_whitelist_params
                0x00005aa0       0x14
 i.ll_validate_add_device_to_whitelist_params
                0x00005aa0       0x14 ..\..\4.2\Downloads ( 4.2).cylib\BLE_v3_61\Library\gccCyBLEStack_BLE_SOC_PERIPHERAL.a(ll.o)
                0x00005aa0                ll_validate_add_device_to_whitelist_params

i.ll_validate_bd_addr
                0x00005ab4       0x1a
 i.ll_validate_bd_addr
                0x00005ab4       0x1a ..\..\4.2\Downloads ( 4.2).cylib\BLE_v3_61\Library\gccCyBLEStack_BLE_SOC_PERIPHERAL.a(ll.o)
                0x00005ab4                ll_validate_bd_addr

i.ll_wait_to_exit_dsm
                0x00005ace       0x2c
 i.ll_wait_to_exit_dsm
                0x00005ace       0x2c ..\..\4.2\Downloads ( 4.2).cylib\BLE_v3_61\Library\gccCyBLEStack_BLE_SOC_PERIPHERAL.a(ll.o)

i.pf_le_start_timer
                0x00005afa       0x16
 i.pf_le_start_timer
                0x00005afa       0x16 ..\..\4.2\Downloads ( 4.2).cylib\BLE_v3_61\Library\gccCyBLEStack_BLE_SOC_PERIPHERAL.a(ll.o)
                0x00005afa                pf_le_start_timer

i.pf_le_stop_timer
                0x00005b10       0x12
 i.pf_le_stop_timer
                0x00005b10       0x12 ..\..\4.2\Downloads ( 4.2).cylib\BLE_v3_61\Library\gccCyBLEStack_BLE_SOC_PERIPHERAL.a(ll.o)
                0x00005b10                pf_le_stop_timer

i.CyBleControllerIP_TuneAdvEventInterPktSlots
                0x00005b24       0x3c
 i.CyBleControllerIP_TuneAdvEventInterPktSlots
                0x00005b24       0x3c ..\..\4.2\Downloads ( 4.2).cylib\BLE_v3_61\Library\gccCyBLEStack_BLE_SOC_PERIPHERAL.a(ll_advertiser.o)
                0x00005b24                CyBleControllerIP_TuneAdvEventInterPktSlots

i.ll_adv_is_configured_connection_adv
                0x00005b60       0x1e
 i.ll_adv_is_configured_connection_adv
                0x00005b60       0x1e ..\..\4.2\Downloads ( 4.2).cylib\BLE_v3_61\Library\gccCyBLEStack_BLE_SOC_PERIPHERAL.a(ll_advertiser.o)
                0x00005b60                ll_adv_is_configured_connection_adv

i.ll_check_random_address_in_use_by_advertiser
                0x00005b7e       0x10
 i.ll_check_random_address_in_use_by_advertiser
                0x00005b7e       0x10 ..\..\4.2\Downloads ( 4.2).cylib\BLE_v3_61\Library\gccCyBLEStack_BLE_SOC_PERIPHERAL.a(ll_advertiser.o)
                0x00005b7e                ll_check_random_address_in_use_by_advertiser

i.ll_check_whitelist_in_use_by_advertiser
                0x00005b8e       0x10
 i.ll_check_whitelist_in_use_by_advertiser
                0x00005b8e       0x10 ..\..\4.2\Downloads ( 4.2).cylib\BLE_v3_61\Library\gccCyBLEStack_BLE_SOC_PERIPHERAL.a(ll_advertiser.o)
                0x00005b8e                ll_check_whitelist_in_use_by_advertiser

i.ll_get_adv_data
                0x00005ba0        0xc
 i.ll_get_adv_data
                0x00005ba0        0xc ..\..\4.2\Downloads ( 4.2).cylib\BLE_v3_61\Library\gccCyBLEStack_BLE_SOC_PERIPHERAL.a(ll_advertiser.o)
                0x00005ba0                ll_get_adv_data

i.ll_get_adv_status
                0x00005bac        0xc
 i.ll_get_adv_status
                0x00005bac        0xc ..\..\4.2\Downloads ( 4.2).cylib\BLE_v3_61\Library\gccCyBLEStack_BLE_SOC_PERIPHERAL.a(ll_advertiser.o)
                0x00005bac                ll_get_adv_status

i.ll_get_adv_type
                0x00005bb8       0x18
 i.ll_get_adv_type
                0x00005bb8       0x18 ..\..\4.2\Downloads ( 4.2).cylib\BLE_v3_61\Library\gccCyBLEStack_BLE_SOC_PERIPHERAL.a(ll_advertiser.o)
                0x00005bb8                ll_get_adv_type

i.ll_get_scan_rsp_data
                0x00005bd0        0xc
 i.ll_get_scan_rsp_data
                0x00005bd0        0xc ..\..\4.2\Downloads ( 4.2).cylib\BLE_v3_61\Library\gccCyBLEStack_BLE_SOC_PERIPHERAL.a(ll_advertiser.o)
                0x00005bd0                ll_get_scan_rsp_data

i.ll_handle_adv_intr
                0x00005bdc       0x70
 i.ll_handle_adv_intr
                0x00005bdc       0x70 ..\..\4.2\Downloads ( 4.2).cylib\BLE_v3_61\Library\gccCyBLEStack_BLE_SOC_PERIPHERAL.a(ll_advertiser.o)
                0x00005bdc                ll_handle_adv_intr

i.ll_handle_set_adv_data
                0x00005c4c       0x38
 i.ll_handle_set_adv_data
                0x00005c4c       0x38 ..\..\4.2\Downloads ( 4.2).cylib\BLE_v3_61\Library\gccCyBLEStack_BLE_SOC_PERIPHERAL.a(ll_advertiser.o)
                0x00005c4c                ll_handle_set_adv_data

i.ll_handle_set_adv_parameters
                0x00005c84       0xa4
 i.ll_handle_set_adv_parameters
                0x00005c84       0xa4 ..\..\4.2\Downloads ( 4.2).cylib\BLE_v3_61\Library\gccCyBLEStack_BLE_SOC_PERIPHERAL.a(ll_advertiser.o)
                0x00005c84                ll_handle_set_adv_parameters

i.ll_handle_set_advertise_enable
                0x00005d28       0x6a
 i.ll_handle_set_advertise_enable
                0x00005d28       0x6a ..\..\4.2\Downloads ( 4.2).cylib\BLE_v3_61\Library\gccCyBLEStack_BLE_SOC_PERIPHERAL.a(ll_advertiser.o)
                0x00005d28                ll_handle_set_advertise_enable

i.ll_handle_set_scan_resp_data
                0x00005d94       0x38
 i.ll_handle_set_scan_resp_data
                0x00005d94       0x38 ..\..\4.2\Downloads ( 4.2).cylib\BLE_v3_61\Library\gccCyBLEStack_BLE_SOC_PERIPHERAL.a(ll_advertiser.o)
                0x00005d94                ll_handle_set_scan_resp_data

i.ll_init_advertiser
                0x00005dcc       0x70
 i.ll_init_advertiser
                0x00005dcc       0x70 ..\..\4.2\Downloads ( 4.2).cylib\BLE_v3_61\Library\gccCyBLEStack_BLE_SOC_PERIPHERAL.a(ll_advertiser.o)
                0x00005dcc                ll_init_advertiser

i.ll_update_adv_data
                0x00005e3c       0x44
 i.ll_update_adv_data
                0x00005e3c       0x44 ..\..\4.2\Downloads ( 4.2).cylib\BLE_v3_61\Library\gccCyBLEStack_BLE_SOC_PERIPHERAL.a(ll_advertiser.o)
                0x00005e3c                ll_update_adv_data

i.ll_update_scan_rsp_data
                0x00005e80       0x44
 i.ll_update_scan_rsp_data
                0x00005e80       0x44 ..\..\4.2\Downloads ( 4.2).cylib\BLE_v3_61\Library\gccCyBLEStack_BLE_SOC_PERIPHERAL.a(ll_advertiser.o)
                0x00005e80                ll_update_scan_rsp_data

i.is_le_connection_handle
                0x00005ec4       0x28
 i.is_le_connection_handle
                0x00005ec4       0x28 ..\..\4.2\Downloads ( 4.2).cylib\BLE_v3_61\Library\gccCyBLEStack_BLE_SOC_PERIPHERAL.a(ll_connection.o)
                0x00005ec4                is_le_connection_handle

i.le_assign_connection_handle
                0x00005eec       0x28
 i.le_assign_connection_handle
                0x00005eec       0x28 ..\..\4.2\Downloads ( 4.2).cylib\BLE_v3_61\Library\gccCyBLEStack_BLE_SOC_PERIPHERAL.a(ll_connection.o)
                0x00005eec                le_assign_connection_handle

i.le_get_connection_index
                0x00005f14        0x6
 i.le_get_connection_index
                0x00005f14        0x6 ..\..\4.2\Downloads ( 4.2).cylib\BLE_v3_61\Library\gccCyBLEStack_BLE_SOC_PERIPHERAL.a(ll_connection.o)
                0x00005f14                le_get_connection_index

i.ll_allocate_connection
                0x00005f1c       0x44
 i.ll_allocate_connection
                0x00005f1c       0x44 ..\..\4.2\Downloads ( 4.2).cylib\BLE_v3_61\Library\gccCyBLEStack_BLE_SOC_PERIPHERAL.a(ll_connection.o)
                0x00005f1c                ll_allocate_connection

i.ll_calculate_and_program_def_win_widen_drift
                0x00005f60       0x14
 i.ll_calculate_and_program_def_win_widen_drift
                0x00005f60       0x14 ..\..\4.2\Downloads ( 4.2).cylib\BLE_v3_61\Library\gccCyBLEStack_BLE_SOC_PERIPHERAL.a(ll_connection.o)
                0x00005f60                ll_calculate_and_program_def_win_widen_drift

i.ll_calculate_drift
                0x00005f74       0x2c
 i.ll_calculate_drift
                0x00005f74       0x2c ..\..\4.2\Downloads ( 4.2).cylib\BLE_v3_61\Library\gccCyBLEStack_BLE_SOC_PERIPHERAL.a(ll_connection.o)
                0x00005f74                ll_calculate_drift

i.ll_check_and_decrypt_ll_pdu
                0x00005fa0       0x70
 i.ll_check_and_decrypt_ll_pdu
                0x00005fa0       0x70 ..\..\4.2\Downloads ( 4.2).cylib\BLE_v3_61\Library\gccCyBLEStack_BLE_SOC_PERIPHERAL.a(ll_connection.o)
                0x00005fa0                ll_check_and_decrypt_ll_pdu

i.ll_check_and_decrypt_packet
                0x00006010       0x6a
 i.ll_check_and_decrypt_packet
                0x00006010       0x6a ..\..\4.2\Downloads ( 4.2).cylib\BLE_v3_61\Library\gccCyBLEStack_BLE_SOC_PERIPHERAL.a(ll_connection.o)
                0x00006010                ll_check_and_decrypt_packet

i.ll_check_and_encrypt_ll_pdu
                0x0000607a       0x7c
 i.ll_check_and_encrypt_ll_pdu
                0x0000607a       0x7c ..\..\4.2\Downloads ( 4.2).cylib\BLE_v3_61\Library\gccCyBLEStack_BLE_SOC_PERIPHERAL.a(ll_connection.o)
                0x0000607a                ll_check_and_encrypt_ll_pdu

i.ll_check_and_encrypt_packet
                0x000060f6       0x82
 i.ll_check_and_encrypt_packet
                0x000060f6       0x82 ..\..\4.2\Downloads ( 4.2).cylib\BLE_v3_61\Library\gccCyBLEStack_BLE_SOC_PERIPHERAL.a(ll_connection.o)
                0x000060f6                ll_check_and_encrypt_packet

i.ll_check_for_allowing_incoming_connection_update
                0x00006178       0x42
 i.ll_check_for_allowing_incoming_connection_update
                0x00006178       0x42 ..\..\4.2\Downloads ( 4.2).cylib\BLE_v3_61\Library\gccCyBLEStack_BLE_SOC_PERIPHERAL.a(ll_connection.o)
                0x00006178                ll_check_for_allowing_incoming_connection_update

i.ll_check_if_pdu_is_loaded_to_hardware
                0x000061bc       0x1c
 i.ll_check_if_pdu_is_loaded_to_hardware
                0x000061bc       0x1c ..\..\4.2\Downloads ( 4.2).cylib\BLE_v3_61\Library\gccCyBLEStack_BLE_SOC_PERIPHERAL.a(ll_connection.o)
                0x000061bc                ll_check_if_pdu_is_loaded_to_hardware

i.ll_check_random_address_in_use_by_initiator
                0x000061d8       0x30
 i.ll_check_random_address_in_use_by_initiator
                0x000061d8       0x30 ..\..\4.2\Downloads ( 4.2).cylib\BLE_v3_61\Library\gccCyBLEStack_BLE_SOC_PERIPHERAL.a(ll_connection.o)
                0x000061d8                ll_check_random_address_in_use_by_initiator

i.ll_check_white_list_in_use_by_initiator
                0x00006208       0x30